Component: ARM Compiler 5.05 update 2 (build 169) Tool: armlink [4d0f33]

==============================================================================

Section Cross References

    main.o(.text) refers to system_stm32f10x.o(.text) for SystemInit
    main.o(.text) refers to delay.o(.text) for delay_init
    main.o(.text) refers to misc.o(.text) for NVIC_PriorityGroupConfig
    main.o(.text) refers to usart.o(.text) for SP_USART_Config
    main.o(.text) refers to master.o(.text) for RS485_Init
    main.o(.text) refers to timer.o(.text) for GENERAL_TIM_Init
    main.o(.text) refers to i2c_ee.o(.text) for AT24CXX_Init
    main.o(.text) refers to shutter.o(.text) for Shutter_Init
    main.o(.text) refers to sht20.o(.text) for SHT2x_Init
    main.o(.text) refers to motor.o(.text) for Motor_Init
    system_stm32f10x.o(.text) refers to system_stm32f10x.o(.data) for SystemCoreClock
    led.o(.text) refers to stm32f10x_rcc.o(.text) for RCC_APB2PeriphClockCmd
    led.o(.text) refers to stm32f10x_gpio.o(.text) for GPIO_Init
    key.o(.text) refers to stm32f10x_rcc.o(.text) for RCC_APB2PeriphClockCmd
    key.o(.text) refers to stm32f10x_gpio.o(.text) for GPIO_Init
    master.o(.text) refers to stm32f10x_usart.o(.text) for USART_GetFlagStatus
    master.o(.text) refers to fitting_algorithm.o(.text) for Fitting_WaveLength
    master.o(.text) refers to crc.o(.text) for CRC_Compute
    master.o(.text) refers to stm32f10x_tim.o(.text) for TIM_GetITStatus
    master.o(.text) refers to i2c_ee.o(.text) for AT24CXX_Read
    master.o(.text) refers to dfltui.o(.text) for __aeabi_ui2d
    master.o(.text) refers to ddiv.o(.text) for __aeabi_ddiv
    master.o(.text) refers to dmul.o(.text) for __aeabi_dmul
    master.o(.text) refers to delay.o(.text) for delay_ms
    master.o(.text) refers to master.o(.data) for sendCompleteFlag
    master.o(.text) refers to master.o(.bss) for spectrumData
    master.o(.text) refers to master.o(.constdata) for .constdata
    master.o(.text) refers to memseta.o(.text) for __aeabi_memclr4
    master.o(.text) refers to glt.o(.text) for SP_Set_Pulse_Time
    master.o(.text) refers to shutter.o(.text) for Set_shutter
    master.o(.text) refers to stm32f10x_rcc.o(.text) for RCC_APB1PeriphClockCmd
    master.o(.text) refers to misc.o(.text) for NVIC_Init
    master.o(.text) refers to stm32f10x_gpio.o(.text) for GPIO_Init
    master.o(.text) refers to memcpya.o(.text) for __aeabi_memcpy4
    master.o(.text) refers to cdcmple.o(.text) for __aeabi_cdcmple
    master.o(.text) refers to cdrcmple.o(.text) for __aeabi_cdrcmple
    master.o(.text) refers to dadd.o(.text) for __aeabi_dsub
    master.o(.text) refers to log10.o(i.log10) for log10
    master.o(.text) refers to dfixui.o(.text) for __aeabi_d2uiz
    master.o(.text) refers to motor.o(.text) for Motor_move
    master.o(.text) refers to sht20.o(.text) for SHT2x_GetTempPoll1
    master.o(.text) refers to fmul.o(.text) for __aeabi_fmul
    master.o(.text) refers to ffixi.o(.text) for __aeabi_f2iz
    timer.o(.text) refers to misc.o(.text) for NVIC_Init
    timer.o(.text) refers to stm32f10x_rcc.o(.text) for RCC_APB1PeriphClockCmd
    timer.o(.text) refers to stm32f10x_tim.o(.text) for TIM_TimeBaseInit
    iwdg.o(.text) refers to stm32f10x_iwdg.o(.text) for IWDG_WriteAccessCmd
    crc.o(.text) refers to crc.o(.constdata) for auchCRCHi
    delay.o(.text) refers to misc.o(.text) for SysTick_CLKSourceConfig
    delay.o(.text) refers to system_stm32f10x.o(.data) for SystemCoreClock
    delay.o(.text) refers to delay.o(.data) for fac_us
    usart.o(.text) refers to stm32f10x_rcc.o(.text) for RCC_APB2PeriphClockCmd
    usart.o(.text) refers to stm32f10x_gpio.o(.text) for GPIO_Init
    usart.o(.text) refers to stm32f10x_usart.o(.text) for USART_DeInit
    usart.o(.text) refers to misc.o(.text) for NVIC_Init
    shutter.o(.text) refers to stm32f10x_rcc.o(.text) for RCC_APB2PeriphClockCmd
    shutter.o(.text) refers to stm32f10x_gpio.o(.text) for GPIO_Init
    sht20.o(.text) refers to stm32f10x_rcc.o(.text) for RCC_APB2PeriphClockCmd
    sht20.o(.text) refers to stm32f10x_gpio.o(.text) for GPIO_Init
    sht20.o(.text) refers to delay.o(.text) for delay_us
    sht20.o(.text) refers to ffltui.o(.text) for __aeabi_ui2f
    sht20.o(.text) refers to f2d.o(.text) for __aeabi_f2d
    sht20.o(.text) refers to dmul.o(.text) for __aeabi_dmul
    sht20.o(.text) refers to dadd.o(.text) for __aeabi_dsub
    sht20.o(.text) refers to d2f.o(.text) for __aeabi_d2f
    motor.o(.text) refers to stm32f10x_rcc.o(.text) for RCC_APB2PeriphClockCmd
    motor.o(.text) refers to stm32f10x_gpio.o(.text) for GPIO_Init
    motor.o(.text) refers to delay.o(.text) for delay_ms
    motor.o(.text) refers to motor.o(.data) for change_brush
    startup_stm32f10x_md.o(RESET) refers to startup_stm32f10x_md.o(STACK) for __initial_sp
    startup_stm32f10x_md.o(RESET) refers to startup_stm32f10x_md.o(.text) for Reset_Handler
[...]
    stm32f10x_usart.o(.text) refers to stm32f10x_rcc.o(.text) for RCC_APB2PeriphResetCmd
    stm32f10x_tim.o(.text) refers to stm32f10x_rcc.o(.text) for RCC_APB2PeriphResetCmd
    stm32f10x_i2c.o(.text) refers to stm32f10x_rcc.o(.text) for RCC_APB1PeriphResetCmd
    stm32f10x_spi.o(.text) refers to stm32f10x_rcc.o(.text) for RCC_APB2PeriphResetCmd
    glt.o(.text) refers to crc.o(.text) for CRC_Compute
    glt.o(.text) refers to usart.o(.text) for SP_SendData
    glt.o(.text) refers to delay.o(.text) for delay_ms
    glt.o(.text) refers to glt.o(.constdata) for .constdata
    i2c_ee.o(.text) refers to new_i2c_ee.o(.text) for IIC_Init
    i2c_ee.o(.text) refers to delay.o(.text) for delay_ms
    new_i2c_ee.o(.text) refers to stm32f10x_rcc.o(.text) for RCC_APB2PeriphClockCmd
    new_i2c_ee.o(.text) refers to stm32f10x_gpio.o(.text) for GPIO_PinRemapConfig
    new_i2c_ee.o(.text) refers to delay.o(.text) for delay_us
    spi.o(.text) refers to stm32f10x_rcc.o(.text) for RCC_APB2PeriphClockCmd
    spi.o(.text) refers to stm32f10x_gpio.o(.text) for GPIO_Init
    spi.o(.text) refers to delay.o(.text) for delay_us
    spi2.o(.text) refers to stm32f10x_rcc.o(.text) for RCC_APB2PeriphClockCmd
    spi2.o(.text) refers to stm32f10x_gpio.o(.text) for GPIO_Init
    spi2.o(.text) refers to stm32f10x_spi.o(.text) for SPI_Init
    fitting_algorithm.o(.text) refers to cfrcmple.o(.text) for __aeabi_cfrcmple
    fitting_algorithm.o(.text) refers to ffltui.o(.text) for __aeabi_ui2f
    fitting_algorithm.o(.text) refers to fadd.o(.text) for __aeabi_fsub
    fitting_algorithm.o(.text) refers to fflti.o(.text) for __aeabi_i2f
    fitting_algorithm.o(.text) refers to fmul.o(.text) for __aeabi_fmul
    fitting_algorithm.o(.text) refers to fdiv.o(.text) for __aeabi_fdiv
    fitting_algorithm.o(.text) refers to f2d.o(.text) for __aeabi_f2d
    fitting_algorithm.o(.text) refers to dadd.o(.text) for __aeabi_dadd
    fitting_algorithm.o(.text) refers to dmul.o(.text) for __aeabi_dmul
    fitting_algorithm.o(.text) refers to dflti.o(.text) for __aeabi_i2d
    fitting_algorithm.o(.text) refers to ddiv.o(.text) for __aeabi_ddiv
    log10.o(i.__softfp_log10) refers (Special) to iusefp.o(.text) for __I$use$fp
    log10.o(i.__softfp_log10) refers to log10.o(i.log10) for log10
    log10.o(i.log10) refers (Special) to iusefp.o(.text) for __I$use$fp
    log10.o(i.log10) refers to dunder.o(i.__mathlib_dbl_infnan) for __mathlib_dbl_infnan
    log10.o(i.log10) refers to errno.o(i.__set_errno) for __set_errno
    log10.o(i.log10) refers to dunder.o(i.__mathlib_dbl_invalid) for __mathlib_dbl_invalid
    log10.o(i.log10) refers to dunder.o(i.__mathlib_dbl_divzero) for __mathlib_dbl_divzero
    log10.o(i.log10) refers to dscalb.o(.text) for __ARM_scalbn
    log10.o(i.log10) refers to dflti.o(.text) for __aeabi_i2d
    log10.o(i.log10) refers to log.o(i.log) for log
    log10.o(i.log10) refers to dmul.o(.text) for __aeabi_dmul
    log10.o(i.log10) refers to dadd.o(.text) for __aeabi_dadd
    log10_x.o(i.____softfp_log10$lsc) refers (Special) to iusefp.o(.text) for __I$use$fp
    log10_x.o(i.____softfp_log10$lsc) refers to log10_x.o(i.__log10$lsc) for __log10$lsc
    log10_x.o(i.__log10$lsc) refers (Special) to iusefp.o(.text) for __I$use$fp
    log10_x.o(i.__log10$lsc) refers to dunder.o(i.__mathlib_dbl_infnan) for __mathlib_dbl_infnan
    log10_x.o(i.__log10$lsc) refers to errno.o(i.__set_errno) for __set_errno
    log10_x.o(i.__log10$lsc) refers to dscalb.o(.text) for __ARM_scalbn
    log10_x.o(i.__log10$lsc) refers to dflti.o(.text) for __aeabi_i2d
    log10_x.o(i.__log10$lsc) refers to log.o(i.log) for log
    log10_x.o(i.__log10$lsc) refers to dmul.o(.text) for __aeabi_dmul
    log10_x.o(i.__log10$lsc) refers to dadd.o(.text) for __aeabi_dadd
    entry.o(.ARM.Collect$$$$00000000) refers (Special) to entry10a.o(.ARM.Collect$$$$0000000D) for __rt_final_cpp
    entry.o(.ARM.Collect$$$$00000000) refers (Special) to entry11a.o(.ARM.Collect$$$$0000000F) for __rt_final_exit
    entry.o(.ARM.Collect$$$$00000000) refers (Special) to entry7b.o(.ARM.Collect$$$$00000008) for _main_clock
    entry.o(.ARM.Collect$$$$00000000) refers (Special) to entry8b.o(.ARM.Collect$$$$0000000A) for _main_cpp_init
    entry.o(.ARM.Collect$$$$00000000) refers (Special) to entry9a.o(.ARM.Collect$$$$0000000B) for _main_init
    entry.o(.ARM.Collect$$$$00000000) refers (Special) to entry5.o(.ARM.Collect$$$$00000004) for _main_scatterload
    entry.o(.ARM.Collect$$$$00000000) refers (Special) to entry2.o(.ARM.Collect$$$$00000001) for _main_stk
    fadd.o(.text) refers (Special) to iusefp.o(.text) for __I$use$fp
    fadd.o(.text) refers to fepilogue.o(.text) for _float_epilogue
    fmul.o(.text) refers (Special) to iusefp.o(.text) for __I$use$fp
    fdiv.o(.text) refers (Special) to iusefp.o(.text) for __I$use$fp
    fdiv.o(.text) refers to fepilogue.o(.text) for _float_round
    dadd.o(.text) refers (Special) to iusefp.o(.text) for __I$use$fp
    dadd.o(.text) refers to llshl.o(.text) for __aeabi_llsl
    dadd.o(.text) refers to llsshr.o(.text) for __aeabi_lasr
    dadd.o(.text) refers to depilogue.o(.text) for _double_epilogue
    dmul.o(.text) refers (Special) to iusefp.o(.text) for __I$use$fp
    dmul.o(.text) refers to depilogue.o(.text) for _double_epilogue
    ddiv.o(.text) refers (Special) to iusefp.o(.text) for __I$use$fp
    ddiv.o(.text) refers to depilogue.o(.text) for _double_round
    fflti.o(.text) refers (Special) to iusefp.o(.text) for __I$use$fp
    fflti.o(.text) refers to fepilogue.o(.text) for _float_epilogue
    ffltui.o(.text) refers (Special) to iusefp.o(.text) for __I$use$fp
    ffltui.o(.text) refers to fepilogue.o(.text) for _float_epilogue
    dflti.o(.text) refers (Special) to iusefp.o(.text) for __I$use$fp
    dflti.o(.text) refers to depilogue.o(.text) for _double_epilogue
    dfltui.o(.text) refers (Special) to iusefp.o(.text) for __I$use$fp
    dfltui.o(.text) refers to depilogue.o(.text) for _double_epilogue
    ffixi.o(.text) refers (Special) to iusefp.o(.text) for __I$use$fp
    dfixui.o(.text) refers (Special) to iusefp.o(.text) for __I$use$fp
    dfixui.o(.text) refers to llushr.o(.text) for __aeabi_llsr
    f2d.o(.text) refers (Special) to iusefp.o(.text) for __I$use$fp
    cdcmple.o(.text) refers (Special) to iusefp.o(.text) for __I$use$fp
    cdrcmple.o(.text) refers (Special) to iusefp.o(.text) for __I$use$fp
    d2f.o(.text) refers (Special) to iusefp.o(.text) for __I$use$fp
    d2f.o(.text) refers to fepilogue.o(.text) for _float_round
    cfrcmple.o(.text) refers (Special) to iusefp.o(.text) for __I$use$fp
    dunder.o(i.__mathlib_dbl_divzero) refers to ddiv.o(.text) for __aeabi_ddiv
    dunder.o(i.__mathlib_dbl_infnan) refers to dscalb.o(.text) for __ARM_scalbn
    dunder.o(i.__mathlib_dbl_infnan2) refers to dadd.o(.text) for __aeabi_dadd
    dunder.o(i.__mathlib_dbl_invalid) refers to ddiv.o(.text) for __aeabi_ddiv
    dunder.o(i.__mathlib_dbl_overflow) refers to dscalb.o(.text) for __ARM_scalbn
    dunder.o(i.__mathlib_dbl_posinfnan) refers to dmul.o(.text) for __aeabi_dmul
    dunder.o(i.__mathlib_dbl_underflow) refers to dscalb.o(.text) for __ARM_scalbn
    log.o(i.__softfp_log) refers (Special) to iusefp.o(.text) for __I$use$fp
    log.o(i.__softfp_log) refers to log.o(i.log) for log
    log.o(i.log) refers (Special) to iusefp.o(.text) for __I$use$fp
    log.o(i.log) refers to dunder.o(i.__mathlib_dbl_infnan) for __mathlib_dbl_infnan
    log.o(i.log) refers to errno.o(i.__set_errno) for __set_errno
    log.o(i.log) refers to dunder.o(i.__mathlib_dbl_invalid) for __mathlib_dbl_invalid
    log.o(i.log) refers to dunder.o(i.__mathlib_dbl_divzero) for __mathlib_dbl_divzero
    log.o(i.log) refers to dscalb.o(.text) for __ARM_scalbn
    log.o(i.log) refers to dadd.o(.text) for __aeabi_dsub
    log.o(i.log) refers to cdcmple.o(.text) for __aeabi_cdcmpeq
    log.o(i.log) refers to dflti.o(.text) for __aeabi_i2d
    log.o(i.log) refers to dmul.o(.text) for __aeabi_dmul
    log.o(i.log) refers to ddiv.o(.text) for __aeabi_ddiv
    log.o(i.log) refers to poly.o(i.__kernel_poly) for __kernel_poly
    log.o(i.log) refers to qnan.o(.constdata) for __mathlib_zero
    log.o(i.log) refers to log.o(.constdata) for .constdata
    log.o(.constdata) refers (Special) to iusefp.o(.text) for __I$use$fp
    log_x.o(i.____softfp_log$lsc) refers (Special) to iusefp.o(.text) for __I$use$fp
    log_x.o(i.____softfp_log$lsc) refers to log_x.o(i.__log$lsc) for __log$lsc
    log_x.o(i.__log$lsc) refers (Special) to iusefp.o(.text) for __I$use$fp
    log_x.o(i.__log$lsc) refers to dunder.o(i.__mathlib_dbl_infnan) for __mathlib_dbl_infnan
    log_x.o(i.__log$lsc) refers to errno.o(i.__set_errno) for __set_errno
    log_x.o(i.__log$lsc) refers to dscalb.o(.text) for __ARM_scalbn
    log_x.o(i.__log$lsc) refers to dadd.o(.text) for __aeabi_dsub
    log_x.o(i.__log$lsc) refers to cdcmple.o(.text) for __aeabi_cdcmpeq
    log_x.o(i.__log$lsc) refers to dflti.o(.text) for __aeabi_i2d
    log_x.o(i.__log$lsc) refers to dmul.o(.text) for __aeabi_dmul
    log_x.o(i.__log$lsc) refers to ddiv.o(.text) for __aeabi_ddiv
    log_x.o(i.__log$lsc) refers to poly.o(i.__kernel_poly) for __kernel_poly
    log_x.o(i.__log$lsc) refers to qnan.o(.constdata) for __mathlib_zero
    log_x.o(i.__log$lsc) refers to log_x.o(.constdata) for .constdata
    log_x.o(.constdata) refers (Special) to iusefp.o(.text) for __I$use$fp
    entry2.o(.ARM.Collect$$$$00000001) refers to entry2.o(.ARM.Collect$$$$00002712) for __lit__00000000
    entry2.o(.ARM.Collect$$$$00002712) refers to startup_stm32f10x_md.o(STACK) for __initial_sp
    entry2.o(__vectab_stack_and_reset_area) refers to startup_stm32f10x_md.o(STACK) for __initial_sp
    entry2.o(__vectab_stack_and_reset_area) refers to entry.o(.ARM.Collect$$$$00000000) for __main
    entry5.o(.ARM.Collect$$$$00000004) refers to init.o(.text) for __scatterload
    entry9a.o(.ARM.Collect$$$$0000000B) refers to main.o(.text) for main
    entry9b.o(.ARM.Collect$$$$0000000C) refers to main.o(.text) for main
    errno.o(i.__aeabi_errno_addr) refers to errno.o(.data) for .data
    errno.o(i.__read_errno) refers to errno.o(.data) for .data
    errno.o(i.__set_errno) refers to errno.o(.data) for .data
    depilogue.o(.text) refers to llshl.o(.text) for __aeabi_llsl
    depilogue.o(.text) refers to llushr.o(.text) for __aeabi_llsr
    poly.o(i.__kernel_poly) refers (Special) to iusefp.o(.text) for __I$use$fp
    poly.o(i.__kernel_poly) refers to dmul.o(.text) for __aeabi_dmul
    poly.o(i.__kernel_poly) refers to dadd.o(.text) for __aeabi_dadd
    qnan.o(.constdata) refers (Special) to iusefp.o(.text) for __I$use$fp
    init.o(.text) refers to entry5.o(.ARM.Collect$$$$00000004) for __main_after_scatterload


==============================================================================

Removing Unused input sections from the image.

    Removing led.o(.text), (52 bytes).
    Removing key.o(.text), (36 bytes).
    Removing iwdg.o(.text), (40 bytes).
    Removing sys.o(.emb_text), (6 bytes).
    Removing sys.o(.text), (12 bytes).
    Removing core_cm3.o(.emb_text), (32 bytes).
    Removing startup_stm32f10x_md.o(HEAP), (512 bytes).
    Removing stm32f10x_iwdg.o(.text), (64 bytes).
    Removing stm32f10x_i2c.o(.text), (1028 bytes).
    Removing stm32f10x_spi.o(.text), (780 bytes).
    Removing spi.o(.text), (576 bytes).
    Removing spi2.o(.text), (256 bytes).

12 unused section(s) (total 3394 bytes) removed from the image.

==============================================================================

Image Symbol Table

    Local Symbols

    Symbol Name                              Value     Ov Type        Size  Object(Section)

    ../clib/../cmprslib/zerorunl2.c          0x00000000   Number         0  __dczerorl2.o ABSOLUTE
    ../clib/microlib/errno.c                 0x00000000   Number         0  errno.o ABSOLUTE
    ../clib/microlib/init/entry.s            0x00000000   Number         0  entry7b.o ABSOLUTE
    ../clib/microlib/init/entry.s            0x00000000   Number         0  entry9b.o ABSOLUTE
    ../clib/microlib/init/entry.s            0x00000000   Number         0  entry11b.o ABSOLUTE
    ../clib/microlib/init/entry.s            0x00000000   Number         0  entry10a.o ABSOLUTE
    ../clib/microlib/init/entry.s            0x00000000   Number         0  entry11a.o ABSOLUTE
    ../clib/microlib/init/entry.s            0x00000000   Number         0  entry.o ABSOLUTE
    ../clib/microlib/init/entry.s            0x00000000   Number         0  entry2.o ABSOLUTE
    ../clib/microlib/init/entry.s            0x00000000   Number         0  entry5.o ABSOLUTE
    ../clib/microlib/init/entry.s            0x00000000   Number         0  entry7a.o ABSOLUTE
    ../clib/microlib/init/entry.s            0x00000000   Number         0  entry10b.o ABSOLUTE
    ../clib/microlib/init/entry.s            0x00000000   Number         0  entry8a.o ABSOLUTE
    ../clib/microlib/init/entry.s            0x00000000   Number         0  entry8b.o ABSOLUTE
    ../clib/microlib/init/entry.s            0x00000000   Number         0  entry9a.o ABSOLUTE
    ../clib/microlib/longlong.c              0x00000000   Number         0  llushr.o ABSOLUTE
    ../clib/microlib/longlong.c              0x00000000   Number         0  llshl.o ABSOLUTE
    ../clib/microlib/longlong.c              0x00000000   Number         0  llsshr.o ABSOLUTE
    ../clib/microlib/string/memcpy.c         0x00000000   Number         0  memcpya.o ABSOLUTE
    ../clib/microlib/string/memcpy.c         0x00000000   Number         0  memcpyb.o ABSOLUTE
    ../clib/microlib/string/memset.c         0x00000000   Number         0  memseta.o ABSOLUTE
    ../clib/microlib/stubs.s                 0x00000000   Number         0  iusefp.o ABSOLUTE
    ../fplib/microlib/d2f.c                  0x00000000   Number         0  d2f.o ABSOLUTE
    ../fplib/microlib/f2d.c                  0x00000000   Number         0  f2d.o ABSOLUTE
    ../fplib/microlib/fpadd.c                0x00000000   Number         0  dadd.o ABSOLUTE
    ../fplib/microlib/fpadd.c                0x00000000   Number         0  fadd.o ABSOLUTE
    ../fplib/microlib/fpdiv.c                0x00000000   Number         0  fdiv.o ABSOLUTE
    ../fplib/microlib/fpdiv.c                0x00000000   Number         0  ddiv.o ABSOLUTE
    ../fplib/microlib/fpepilogue.c           0x00000000   Number         0  fepilogue.o ABSOLUTE
    ../fplib/microlib/fpepilogue.c           0x00000000   Number         0  depilogue.o ABSOLUTE
    ../fplib/microlib/fpfix.c                0x00000000   Number         0  ffixi.o ABSOLUTE
    ../fplib/microlib/fpfix.c                0x00000000   Number         0  dfixui.o ABSOLUTE
    ../fplib/microlib/fpflt.c                0x00000000   Number         0  ffltui.o ABSOLUTE
    ../fplib/microlib/fpflt.c                0x00000000   Number         0  dfltui.o ABSOLUTE
    ../fplib/microlib/fpflt.c                0x00000000   Number         0  dflti.o ABSOLUTE
    ../fplib/microlib/fpflt.c                0x00000000   Number         0  fflti.o ABSOLUTE
    ../fplib/microlib/fpmul.c                0x00000000   Number         0  fmul.o ABSOLUTE
    ../fplib/microlib/fpmul.c                0x00000000   Number         0  dmul.o ABSOLUTE
    ../fplib/microlib/fpscalb.c              0x00000000   Number         0  dscalb.o ABSOLUTE
    ../mathlib/dunder.c                      0x00000000   Number         0  dunder.o ABSOLUTE
    ../mathlib/log.c                         0x00000000   Number         0  log.o ABSOLUTE
    ../mathlib/log.c                         0x00000000   Number         0  log_x.o ABSOLUTE
    ../mathlib/log10.c                       0x00000000   Number         0  log10_x.o ABSOLUTE
    ../mathlib/log10.c                       0x00000000   Number         0  log10.o ABSOLUTE
    ../mathlib/poly.c                        0x00000000   Number         0  poly.o ABSOLUTE
    ../mathlib/qnan.c                        0x00000000   Number         0  qnan.o ABSOLUTE
    ..\CORE\core_cm3.c                       0x00000000   Number         0  core_cm3.o ABSOLUTE
    ..\CORE\startup_stm32f10x_md.s           0x00000000   Number         0  startup_stm32f10x_md.o ABSOLUTE
    ..\EEPROM\i2c_ee.c                       0x00000000   Number         0  i2c_ee.o ABSOLUTE
    ..\HARDWARE\KEY\key.c                    0x00000000   Number         0  key.o ABSOLUTE
    ..\HARDWARE\LED\led.c                    0x00000000   Number         0  led.o ABSOLUTE
    ..\HARDWARE\MODBUS_MASTER\master.c       0x00000000   Number         0  master.o ABSOLUTE
    ..\HARDWARE\TIMER\timer.c                0x00000000   Number         0  timer.o ABSOLUTE
    ..\SPI2\spi2.c                           0x00000000   Number         0  spi2.o ABSOLUTE
    ..\SPI\spi.c                             0x00000000   Number         0  spi.o ABSOLUTE
    ..\STM32F10x_FWLib\src\misc.c            0x00000000   Number         0  misc.o ABSOLUTE
    ..\STM32F10x_FWLib\src\stm32f10x_gpio.c  0x00000000   Number         0  stm32f10x_gpio.o ABSOLUTE
    ..\STM32F10x_FWLib\src\stm32f10x_i2c.c   0x00000000   Number         0  stm32f10x_i2c.o ABSOLUTE
    ..\STM32F10x_FWLib\src\stm32f10x_iwdg.c  0x00000000   Number         0  stm32f10x_iwdg.o ABSOLUTE
    ..\STM32F10x_FWLib\src\stm32f10x_rcc.c   0x00000000   Number         0  stm32f10x_rcc.o ABSOLUTE
    ..\STM32F10x_FWLib\src\stm32f10x_spi.c   0x00000000   Number         0  stm32f10x_spi.o ABSOLUTE
    ..\STM32F10x_FWLib\src\stm32f10x_tim.c   0x00000000   Number         0  stm32f10x_tim.o ABSOLUTE
    ..\STM32F10x_FWLib\src\stm32f10x_usart.c 0x00000000   Number         0  stm32f10x_usart.o ABSOLUTE
    ..\SYSTEM\delay\delay.c                  0x00000000   Number         0  delay.o ABSOLUTE
    ..\SYSTEM\sys\sys.c                      0x00000000   Number         0  sys.o ABSOLUTE
    ..\SYSTEM\usart\usart.c                  0x00000000   Number         0  usart.o ABSOLUTE
    ..\\CORE\\core_cm3.c                     0x00000000   Number         0  core_cm3.o ABSOLUTE
    ..\\SYSTEM\\sys\\sys.c                   0x00000000   Number         0  sys.o ABSOLUTE
    GLTCON\glt.c                             0x00000000   Number         0  glt.o ABSOLUTE
    cdcmple.s                                0x00000000   Number         0  cdcmple.o ABSOLUTE
    cdrcmple.s                               0x00000000   Number         0  cdrcmple.o ABSOLUTE
    cfrcmple.s                               0x00000000   Number         0  cfrcmple.o ABSOLUTE
    crc.c                                    0x00000000   Number         0  crc.o ABSOLUTE
    dc.s                                     0x00000000   Number         0  dc.o ABSOLUTE
    fitting_algorithm.c                      0x00000000   Number         0  fitting_algorithm.o ABSOLUTE
    handlers.s                               0x00000000   Number         0  handlers.o ABSOLUTE
    init.s                                   0x00000000   Number         0  init.o ABSOLUTE
    iwdg.c                                   0x00000000   Number         0  iwdg.o ABSOLUTE
    main.c                                   0x00000000   Number         0  main.o ABSOLUTE
    motor.c                                  0x00000000   Number         0  motor.o ABSOLUTE
    new_i2c_ee.c                             0x00000000   Number         0  new_i2c_ee.o ABSOLUTE
    sht20.c                                  0x00000000   Number         0  sht20.o ABSOLUTE
    shutter.c                                0x00000000   Number         0  shutter.o ABSOLUTE
    stm32f10x_it.c                           0x00000000   Number         0  stm32f10x_it.o ABSOLUTE
    system_stm32f10x.c                       0x00000000   Number         0  system_stm32f10x.o ABSOLUTE
    RESET                                    0x08000000   Section      236  startup_stm32f10x_md.o(RESET)
    .ARM.Collect$$$$00000000                 0x080000ec   Section        0  entry.o(.ARM.Collect$$$$00000000)
    .ARM.Collect$$$$00000001                 0x080000ec   Section        4  entry2.o(.ARM.Collect$$$$00000001)
    .ARM.Collect$$$$00000004                 0x080000f0   Section        4  entry5.o(.ARM.Collect$$$$00000004)
    .ARM.Collect$$$$00000008                 0x080000f4   Section        0  entry7b.o(.ARM.Collect$$$$00000008)
    .ARM.Collect$$$$0000000A                 0x080000f4   Section        0  entry8b.o(.ARM.Collect$$$$0000000A)
    .ARM.Collect$$$$0000000B                 0x080000f4   Section        8  entry9a.o(.ARM.Collect$$$$0000000B)
    .ARM.Collect$$$$0000000D                 0x080000fc   Section        0  entry10a.o(.ARM.Collect$$$$0000000D)
    .ARM.Collect$$$$0000000F                 0x080000fc   Section        0  entry11a.o(.ARM.Collect$$$$0000000F)
    .ARM.Collect$$$$00002712                 0x080000fc   Section        4  entry2.o(.ARM.Collect$$$$00002712)
    __lit__00000000                          0x080000fc   Data           4  entry2.o(.ARM.Collect$$$$00002712)
    .text                                    0x08000100   Section        0  main.o(.text)
    .text                                    0x08000150   Section        0  stm32f10x_it.o(.text)
    .text                                    0x0800016c   Section        0  system_stm32f10x.o(.text)
    SetSysClockTo72                          0x0800016d   Thumb Code   214  system_stm32f10x.o(.text)
    SetSysClock                              0x08000243   Thumb Code     8  system_stm32f10x.o(.text)
    .text                                    0x0800034c   Section        0  master.o(.text)
    .text                                    0x080021f4   Section        0  timer.o(.text)
    GENERAL_TIM_NVIC_Config                  0x080021f5   Thumb Code    34  timer.o(.text)
    GENERAL_TIM_Mode_Config                  0x08002217   Thumb Code    82  timer.o(.text)
    .text                                    0x08002278   Section        0  crc.o(.text)
    .text                                    0x080022b0   Section        0  delay.o(.text)
    .text                                    0x08002384   Section        0  usart.o(.text)
    .text                                    0x08002478   Section        0  shutter.o(.text)
    .text                                    0x080024c0   Section        0  sht20.o(.text)
    .text                                    0x08002ccc   Section        0  motor.o(.text)
    .text                                    0x08002f00   Section       36  startup_stm32f10x_md.o(.text)
    .text                                    0x08002f24   Section        0  misc.o(.text)
    .text                                    0x08003000   Section        0  stm32f10x_gpio.o(.text)
    .text                                    0x0800335c   Section        0  stm32f10x_rcc.o(.text)
    .text                                    0x08003700   Section        0  stm32f10x_usart.o(.text)
    .text                                    0x08003b08   Section        0  stm32f10x_tim.o(.text)
    TI4_Config                               0x08003faf   Thumb Code   130  stm32f10x_tim.o(.text)
    TI3_Config                               0x08004043   Thumb Code   122  stm32f10x_tim.o(.text)
    TI2_Config                               0x080040d7   Thumb Code   130  stm32f10x_tim.o(.text)
    TI1_Config                               0x0800416b   Thumb Code   108  stm32f10x_tim.o(.text)
    .text                                    0x08004924   Section        0  glt.o(.text)
    .text                                    0x08004acc   Section        0  i2c_ee.o(.text)
    .text                                    0x08004d00   Section        0  new_i2c_ee.o(.text)
    .text                                    0x08004fc8   Section        0  fitting_algorithm.o(.text)
    .text                                    0x08005aac   Section        0  memcpya.o(.text)
    .text                                    0x08005ad0   Section        0  memseta.o(.text)
    .text                                    0x08005af4   Section        0  fadd.o(.text)
    .text                                    0x08005ba4   Section        0  fmul.o(.text)
    .text                                    0x08005c08   Section        0  fdiv.o(.text)
    .text                                    0x08005c84   Section        0  dadd.o(.text)
    .text                                    0x08005dd2   Section        0  dmul.o(.text)
    .text                                    0x08005eb6   Section        0  ddiv.o(.text)
    .text                                    0x08005f94   Section        0  fflti.o(.text)
    .text                                    0x08005fa6   Section        0  ffltui.o(.text)
    .text                                    0x08005fb0   Section        0  dflti.o(.text)
    .text                                    0x08005fd2   Section        0  dfltui.o(.text)
    .text                                    0x08005fec   Section        0  ffixi.o(.text)
    .text                                    0x0800601e   Section        0  dfixui.o(.text)
    .text                                    0x08006050   Section        0  f2d.o(.text)
    .text                                    0x08006078   Section       48  cdcmple.o(.text)
    .text                                    0x080060a8   Section       48  cdrcmple.o(.text)
    .text                                    0x080060d8   Section        0  d2f.o(.text)
    .text                                    0x08006110   Section       20  cfrcmple.o(.text)
    .text                                    0x08006124   Section        0  llshl.o(.text)
    .text                                    0x08006142   Section        0  llushr.o(.text)
    .text                                    0x08006162   Section        0  llsshr.o(.text)
    .text                                    0x08006186   Section        0  fepilogue.o(.text)
    .text                                    0x08006186   Section        0  iusefp.o(.text)
    .text                                    0x080061f4   Section        0  depilogue.o(.text)
    .text                                    0x080062ae   Section        0  dscalb.o(.text)
    .text                                    0x080062dc   Section       36  init.o(.text)
    .text                                    0x08006300   Section        0  __dczerorl2.o(.text)
    i.__kernel_poly                          0x08006356   Section        0  poly.o(i.__kernel_poly)
    i.__mathlib_dbl_divzero                  0x08006400   Section        0  dunder.o(i.__mathlib_dbl_divzero)
    i.__mathlib_dbl_infnan                   0x08006410   Section        0  dunder.o(i.__mathlib_dbl_infnan)
    i.__mathlib_dbl_invalid                  0x08006416   Section        0  dunder.o(i.__mathlib_dbl_invalid)
    i.__scatterload_copy                     0x08006422   Section       14  handlers.o(i.__scatterload_copy)
    i.__scatterload_null                     0x08006430   Section        2  handlers.o(i.__scatterload_null)
    i.__scatterload_zeroinit                 0x08006432   Section       14  handlers.o(i.__scatterload_zeroinit)
    i.__set_errno                            0x08006440   Section        0  errno.o(i.__set_errno)
    i.log                                    0x0800644c   Section        0  log.o(i.log)
    i.log10                                  0x080067a8   Section        0  log10.o(i.log10)
    .constdata                               0x0800688c   Section       88  master.o(.constdata)
    .constdata                               0x080068e4   Section      512  crc.o(.constdata)
    .constdata                               0x08006ae4   Section       29  glt.o(.constdata)
    .constdata                               0x08006b08   Section       56  log.o(.constdata)
    Lg2                                      0x08006b08   Data          24  log.o(.constdata)
    Lg                                       0x08006b20   Data          32  log.o(.constdata)
    .constdata                               0x08006b40   Section        8  qnan.o(.constdata)
    .data                                    0x20000000   Section       20  system_stm32f10x.o(.data)
    .data                                    0x20000018   Section     4416  master.o(.data)
    .data                                    0x20001158   Section        4  delay.o(.data)
    fac_us                                   0x20001158   Data           1  delay.o(.data)
    fac_ms                                   0x2000115a   Data           2  delay.o(.data)
    .data                                    0x2000115c   Section        1  motor.o(.data)
    .data                                    0x2000115d   Section       20  stm32f10x_rcc.o(.data)
    APBAHBPrescTable                         0x2000115d   Data          16  stm32f10x_rcc.o(.data)
    ADCPrescTable                            0x2000116d   Data           4  stm32f10x_rcc.o(.data)
    .data                                    0x20001174   Section        4  errno.o(.data)
    _errno                                   0x20001174   Data           4  errno.o(.data)
    .bss                                     0x20001178   Section    10968  master.o(.bss)
    STACK                                    0x20003c50   Section     1024  startup_stm32f10x_md.o(STACK)

    Global Symbols

    Symbol Name                              Value     Ov Type        Size  Object(Section)

    BuildAttributes$$THM_ISAv4$P$D$K$B$S$PE$A:L22UL41UL21$X:L11$S22US41US21$IEEE1$IW$USESV6$~STKCKD$USESV7$~SHL$OTIME$ROPI$IEEEX$EBA8$MICROLIB$REQ8$PRES8$EABIv2 0x00000000   Number         0  anon$$obj.o ABSOLUTE
    __ARM_use_no_argv                        0x00000000   Number         0  main.o ABSOLUTE
    __cpp_initialize__aeabi_                  - Undefined Weak Reference
    __cxa_finalize                            - Undefined Weak Reference
    _clock_init                               - Undefined Weak Reference
    _microlib_exit                            - Undefined Weak Reference
    __Vectors_Size                           0x000000ec   Number         0  startup_stm32f10x_md.o ABSOLUTE
    __Vectors                                0x08000000   Data           4  startup_stm32f10x_md.o(RESET)
    __Vectors_End                            0x080000ec   Data           0  startup_stm32f10x_md.o(RESET)
    __main                                   0x080000ed   Thumb Code     0  entry.o(.ARM.Collect$$$$00000000)
    _main_stk                                0x080000ed   Thumb Code     0  entry2.o(.ARM.Collect$$$$00000001)
    _main_scatterload                        0x080000f1   Thumb Code     0  entry5.o(.ARM.Collect$$$$00000004)
    __main_after_scatterload                 0x080000f5   Thumb Code     0  entry5.o(.ARM.Collect$$$$00000004)
    _main_clock                              0x080000f5   Thumb Code     0  entry7b.o(.ARM.Collect$$$$00000008)
    _main_cpp_init                           0x080000f5   Thumb Code     0  entry8b.o(.ARM.Collect$$$$0000000A)
    _main_init                               0x080000f5   Thumb Code     0  entry9a.o(.ARM.Collect$$$$0000000B)
    __rt_final_cpp                           0x080000fd   Thumb Code     0  entry10a.o(.ARM.Collect$$$$0000000D)
    __rt_final_exit                          0x080000fd   Thumb Code     0  entry11a.o(.ARM.Collect$$$$0000000F)
    main                                     0x08000101   Thumb Code    76  main.o(.text)
    NMI_Handler                              0x08000151   Thumb Code     2  stm32f10x_it.o(.text)
    HardFault_Handler                        0x08000153   Thumb Code     4  stm32f10x_it.o(.text)
    MemManage_Handler                        0x08000157   Thumb Code     4  stm32f10x_it.o(.text)
    BusFault_Handler                         0x0800015b   Thumb Code     4  stm32f10x_it.o(.text)
    UsageFault_Handler                       0x0800015f   Thumb Code     4  stm32f10x_it.o(.text)
    SVC_Handler                              0x08000163   Thumb Code     2  stm32f10x_it.o(.text)
    DebugMon_Handler                         0x08000165   Thumb Code     2  stm32f10x_it.o(.text)
    PendSV_Handler                           0x08000167   Thumb Code     2  stm32f10x_it.o(.text)
    SysTick_Handler                          0x08000169   Thumb Code     2  stm32f10x_it.o(.text)
    SystemInit                               0x0800024b   Thumb Code    78  system_stm32f10x.o(.text)
    SystemCoreClockUpdate                    0x08000299   Thumb Code   142  system_stm32f10x.o(.text)
    RS485_SendData                           0x0800034d   Thumb Code    88  master.o(.text)
    Check_SPData                             0x080003a5   Thumb Code   358  master.o(.text)
    TIM2_IRQHandler                          0x0800050b   Thumb Code    54  master.o(.text)
    USART2_IRQHandler                        0x08000541   Thumb Code    80  master.o(.text)
    getRatios                                0x08000591   Thumb Code   292  master.o(.text)
    Write_Ratio_To_Rom                       0x080006b5   Thumb Code   264  master.o(.text)
    Send_Ratio_To_USART                      0x080007bd   Thumb Code    98  master.o(.text)
    Reset_Factory_Setting                    0x0800081f   Thumb Code     2  master.o(.text)
    Set_Slave_Addr                           0x08000821   Thumb Code    38  master.o(.text)
    Send_Slave_Addr                          0x08000847   Thumb Code    58  master.o(.text)
    Set_Clear_Period                         0x08000881   Thumb Code    64  master.o(.text)
    Set_SP_Pulse_Mode                        0x080008c1   Thumb Code    20  master.o(.text)
    Set_SP_Pulse_Time                        0x080008d5   Thumb Code   116  master.o(.text)
    Set_SP_IntegTime                         0x08000949   Thumb Code    86  master.o(.text)
    Set_SP_Average_Time                      0x0800099f   Thumb Code    28  master.o(.text)
    Get_Sample_Spectrum                      0x080009bb   Thumb Code    76  master.o(.text)
    Get_Dark_Spectrum                        0x08000a07   Thumb Code    72  master.o(.text)
    Get_Reference_Spectrum                   0x08000a4f   Thumb Code    82  master.o(.text)
    Get_White_Spectrum                       0x08000aa1   Thumb Code    74  master.o(.text)
    Write_DarkSp_To_Rom                      0x08000aeb   Thumb Code    26  master.o(.text)
    Write_ReferenceSp_To_Rom                 0x08000b05   Thumb Code    28  master.o(.text)
    Write_WhiteSp_To_Rom                     0x08000b21   Thumb Code    78  master.o(.text)
    Send_DarkSp_To_USART                     0x08000b6f   Thumb Code   106  master.o(.text)
    Send_ReferenceSp_To_USART                0x08000bd9   Thumb Code    72  master.o(.text)
    Send_WhiteSp_To_USART                    0x08000c21   Thumb Code    98  master.o(.text)
    Send_WaveCount_To_USART                  0x08000c83   Thumb Code   118  master.o(.text)
    Send_WaveData_To_USART                   0x08000cf9   Thumb Code   110  master.o(.text)
    Modbus_RegMap                            0x08000d67   Thumb Code    32  master.o(.text)
    Timer3_Init                              0x08000d87   Thumb Code   114  master.o(.text)
    RS485_Init                               0x08000df9   Thumb Code   256  master.o(.text)
    USART1_IRQHandler                        0x08000ef9   Thumb Code    76  master.o(.text)
    Timer4_Init                              0x08000f45   Thumb Code   102  master.o(.text)
    Timer4_disable                           0x08000fab   Thumb Code   102  master.o(.text)
    TIM4_IRQHandler                          0x08001011   Thumb Code    24  master.o(.text)
    TIM3_IRQHandler                          0x08001029   Thumb Code    40  master.o(.text)
    RS485_SendByte                           0x08001051   Thumb Code    54  master.o(.text)
    modbus_rtu                               0x08001087   Thumb Code     2  master.o(.text)
    Master_01_Slove                          0x08001089   Thumb Code    48  master.o(.text)
    Master_02_Slove                          0x080010b9   Thumb Code    62  master.o(.text)
    Master_03_Slove                          0x080010f7   Thumb Code    62  master.o(.text)
    Master_04_Slove                          0x08001135   Thumb Code    62  master.o(.text)
    Master_05_Slove                          0x08001173   Thumb Code    82  master.o(.text)
    Master_06_Slove                          0x080011c5   Thumb Code    78  master.o(.text)
    Master_15_Slove                          0x08001213   Thumb Code   314  master.o(.text)
    Master_16_Slove                          0x0800134d   Thumb Code   142  master.o(.text)
    Master_Service                           0x080013db   Thumb Code   170  master.o(.text)
    RS485_TX_Service                         0x08001485   Thumb Code    24  master.o(.text)
    Modbus_16_Solve                          0x0800149d   Thumb Code    48  master.o(.text)
    Modbus_06_Solve                          0x080014cd   Thumb Code   124  master.o(.text)
    Set_All_Setting                          0x08001549   Thumb Code   180  master.o(.text)
    Modbus_03_Solve                          0x080015fd   Thumb Code    42  master.o(.text)
    Modbus_05_Solve                          0x08001627   Thumb Code    68  master.o(.text)
    Reset_All_Setting                        0x0800166b   Thumb Code    28  master.o(.text)
    Get_All_Setting                          0x08001687   Thumb Code    58  master.o(.text)
    Click_Calibration_Btn                    0x080016c1   Thumb Code    28  master.o(.text)
    calculateConcentration                   0x080016dd   Thumb Code   548  master.o(.text)
    Select_Concentration_One                 0x08001901   Thumb Code   146  master.o(.text)
    Select_Concentration_Zero                0x08001993   Thumb Code   144  master.o(.text)
    Detector_Diagnosis                       0x08001a23   Thumb Code    28  master.o(.text)
    Switch_Rubber_Brush                      0x08001a3f   Thumb Code    28  master.o(.text)
    Analysis_Btn_State                       0x08001a5b   Thumb Code   112  master.o(.text)
    Modbus_01_Solve                          0x08001acb   Thumb Code    34  master.o(.text)
    Modbus_02_Solve                          0x08001aed   Thumb Code   114  master.o(.text)
    RS485_RX_Service                         0x08001b5f   Thumb Code   378  master.o(.text)
    Modbus_15_Solve                          0x08001cd9   Thumb Code   150  master.o(.text)
    getCalibratedData                        0x08001d6f   Thumb Code   142  master.o(.text)
    Send_Time_To_Screen                      0x08001dfd   Thumb Code   252  master.o(.text)
    Send_Temp_Humidity_To_Screen             0x08001ef9   Thumb Code   182  master.o(.text)
    Check_Btn_State                          0x08001faf   Thumb Code    28  master.o(.text)
    Detctor_Calibration                      0x08001fcb   Thumb Code    28  master.o(.text)
    Start_Darw                               0x08001fe7   Thumb Code    50  master.o(.text)
    Stop_Draw                                0x08002019   Thumb Code    58  master.o(.text)
    calculateCalibrationRatios               0x08002053   Thumb Code    56  master.o(.text)
    setAlarmState                            0x0800208b   Thumb Code   144  master.o(.text)
    Init_All_Argument                        0x0800211b   Thumb Code   150  master.o(.text)
    Restore_Factory_Setting                  0x080021b1   Thumb Code    54  master.o(.text)
    GENERAL_TIM_Init                         0x08002269   Thumb Code    16  timer.o(.text)
    CRC_Compute                              0x08002279   Thumb Code    48  crc.o(.text)
    delay_init                               0x080022b1   Thumb Code    50  delay.o(.text)
    delay_us                                 0x080022e3   Thumb Code    72  delay.o(.text)
    delay_ms                                 0x0800232b   Thumb Code    72  delay.o(.text)
    SP_USART_Config                          0x08002385   Thumb Code   176  usart.o(.text)
    SP_SendData                              0x08002435   Thumb Code    58  usart.o(.text)
    Shutter_Init                             0x08002479   Thumb Code    58  shutter.o(.text)
    Set_shutter                              0x080024b3   Thumb Code     6  shutter.o(.text)
    SHT_IIC_Init                             0x080024c1   Thumb Code    64  sht20.o(.text)
    SHT1_IIC_Start                           0x08002501   Thumb Code    78  sht20.o(.text)
    SHT2_IIC_Start                           0x0800254f   Thumb Code    78  sht20.o(.text)
    SHT1_IIC_Stop                            0x0800259d   Thumb Code    72  sht20.o(.text)
    SHT2_IIC_Stop                            0x080025e5   Thumb Code    76  sht20.o(.text)
    SHT1_IIC_Wait_Ack                        0x08002631   Thumb Code    90  sht20.o(.text)
    SHT2_IIC_Wait_Ack                        0x0800268b   Thumb Code    92  sht20.o(.text)
    SHT1_IIC_Ack                             0x080026e7   Thumb Code    70  sht20.o(.text)
    SHT2_IIC_Ack                             0x0800272d   Thumb Code    74  sht20.o(.text)
    SHT1_IIC_NAck                            0x08002777   Thumb Code    70  sht20.o(.text)
    SHT2_IIC_NAck                            0x080027bd   Thumb Code    74  sht20.o(.text)
    SHT1_IIC_Send_Byte                       0x08002807   Thumb Code    94  sht20.o(.text)
    SHT2_IIC_Send_Byte                       0x08002865   Thumb Code   112  sht20.o(.text)
    SHT1_IIC_Read_Byte                       0x080028d5   Thumb Code    98  sht20.o(.text)
    SHT2_IIC_Read_Byte                       0x08002937   Thumb Code   100  sht20.o(.text)
    SHT2x_SoftReset                          0x0800299b   Thumb Code    72  sht20.o(.text)
    SHT2x_Init                               0x080029e3   Thumb Code    16  sht20.o(.text)
    SHT2x_GetTempPoll1                       0x080029f3   Thumb Code   172  sht20.o(.text)
    SHT2x_GetTempPoll2                       0x08002a9f   Thumb Code   172  sht20.o(.text)
    SHT2x_GetHumiPoll1                       0x08002b4b   Thumb Code   172  sht20.o(.text)
    SHT2x_GetHumiPoll2                       0x08002bf7   Thumb Code   172  sht20.o(.text)
    Dis_check_Init                           0x08002ccd   Thumb Code   106  motor.o(.text)
    Motor_Init                               0x08002d37   Thumb Code    76  motor.o(.text)
    Motor_move                               0x08002d83   Thumb Code   332  motor.o(.text)
    dischek                                  0x08002ecf   Thumb Code    22  motor.o(.text)
    Reset_Handler                            0x08002f01   Thumb Code     8  startup_stm32f10x_md.o(.text)
    ADC1_2_IRQHandler                        0x08002f1b   Thumb Code     0  startup_stm32f10x_md.o(.text)
    CAN1_RX1_IRQHandler                      0x08002f1b   Thumb Code     0  startup_stm32f10x_md.o(.text)
    CAN1_SCE_IRQHandler                      0x08002f1b   Thumb Code     0  startup_stm32f10x_md.o(.text)
    DMA1_Channel1_IRQHandler                 0x08002f1b   Thumb Code     0  startup_stm32f10x_md.o(.text)
    DMA1_Channel2_IRQHandler                 0x08002f1b   Thumb Code     0  startup_stm32f10x_md.o(.text)
    DMA1_Channel3_IRQHandler                 0x08002f1b   Thumb Code     0  startup_stm32f10x_md.o(.text)
    DMA1_Channel4_IRQHandler                 0x08002f1b   Thumb Code     0  startup_stm32f10x_md.o(.text)
    DMA1_Channel5_IRQHandler                 0x08002f1b   Thumb Code     0  startup_stm32f10x_md.o(.text)
    DMA1_Channel6_IRQHandler                 0x08002f1b   Thumb Code     0  startup_stm32f10x_md.o(.text)
    DMA1_Channel7_IRQHandler                 0x08002f1b   Thumb Code     0  startup_stm32f10x_md.o(.text)
    EXTI0_IRQHandler                         0x08002f1b   Thumb Code     0  startup_stm32f10x_md.o(.text)
    EXTI15_10_IRQHandler                     0x08002f1b   Thumb Code     0  startup_stm32f10x_md.o(.text)
    EXTI1_IRQHandler                         0x08002f1b   Thumb Code     0  startup_stm32f10x_md.o(.text)
    EXTI2_IRQHandler                         0x08002f1b   Thumb Code     0  startup_stm32f10x_md.o(.text)
    EXTI3_IRQHandler                         0x08002f1b   Thumb Code     0  startup_stm32f10x_md.o(.text)
    EXTI4_IRQHandler                         0x08002f1b   Thumb Code     0  startup_stm32f10x_md.o(.text)
    EXTI9_5_IRQHandler                       0x08002f1b   Thumb Code     0  startup_stm32f10x_md.o(.text)
    FLASH_IRQHandler                         0x08002f1b   Thumb Code     0  startup_stm32f10x_md.o(.text)
    I2C1_ER_IRQHandler                       0x08002f1b   Thumb Code     0  startup_stm32f10x_md.o(.text)
    I2C1_EV_IRQHandler                       0x08002f1b   Thumb Code     0  startup_stm32f10x_md.o(.text)
    I2C2_ER_IRQHandler                       0x08002f1b   Thumb Code     0  startup_stm32f10x_md.o(.text)
    I2C2_EV_IRQHandler                       0x08002f1b   Thumb Code     0  startup_stm32f10x_md.o(.text)
    PVD_IRQHandler                           0x08002f1b   Thumb Code     0  startup_stm32f10x_md.o(.text)
    RCC_IRQHandler                           0x08002f1b   Thumb Code     0  startup_stm32f10x_md.o(.text)
    RTCAlarm_IRQHandler                      0x08002f1b   Thumb Code     0  startup_stm32f10x_md.o(.text)
    RTC_IRQHandler                           0x08002f1b   Thumb Code     0  startup_stm32f10x_md.o(.text)
    SPI1_IRQHandler                          0x08002f1b   Thumb Code     0  startup_stm32f10x_md.o(.text)
    SPI2_IRQHandler                          0x08002f1b   Thumb Code     0  startup_stm32f10x_md.o(.text)
    TAMPER_IRQHandler                        0x08002f1b   Thumb Code     0  startup_stm32f10x_md.o(.text)
    TIM1_BRK_IRQHandler                      0x08002f1b   Thumb Code     0  startup_stm32f10x_md.o(.text)
    TIM1_CC_IRQHandler                       0x08002f1b   Thumb Code     0  startup_stm32f10x_md.o(.text)
    TIM1_TRG_COM_IRQHandler                  0x08002f1b   Thumb Code     0  startup_stm32f10x_md.o(.text)
    TIM1_UP_IRQHandler                       0x08002f1b   Thumb Code     0  startup_stm32f10x_md.o(.text)
    USART3_IRQHandler                        0x08002f1b   Thumb Code     0  startup_stm32f10x_md.o(.text)
    USBWakeUp_IRQHandler                     0x08002f1b   Thumb Code     0  startup_stm32f10x_md.o(.text)
    USB_HP_CAN1_TX_IRQHandler                0x08002f1b   Thumb Code     0  startup_stm32f10x_md.o(.text)
    USB_LP_CAN1_RX0_IRQHandler               0x08002f1b   Thumb Code     0  startup_stm32f10x_md.o(.text)
    WWDG_IRQHandler                          0x08002f1b   Thumb Code     0  startup_stm32f10x_md.o(.text)
    NVIC_PriorityGroupConfig                 0x08002f25   Thumb Code    10  misc.o(.text)
    NVIC_Init                                0x08002f2f   Thumb Code   100  misc.o(.text)
    NVIC_SetVectorTable                      0x08002f93   Thumb Code    14  misc.o(.text)
    NVIC_SystemLPConfig                      0x08002fa1   Thumb Code    34  misc.o(.text)
    SysTick_CLKSourceConfig                  0x08002fc3   Thumb Code    40  misc.o(.text)
    GPIO_DeInit                              0x08003001   Thumb Code   172  stm32f10x_gpio.o(.text)
    GPIO_AFIODeInit                          0x080030ad   Thumb Code    20  stm32f10x_gpio.o(.text)
    GPIO_Init                                0x080030c1   Thumb Code   278  stm32f10x_gpio.o(.text)
    GPIO_StructInit                          0x080031d7   Thumb Code    16  stm32f10x_gpio.o(.text)
    GPIO_ReadInputDataBit                    0x080031e7   Thumb Code    18  stm32f10x_gpio.o(.text)
    GPIO_ReadInputData                       0x080031f9   Thumb Code     8  stm32f10x_gpio.o(.text)
    GPIO_ReadOutputDataBit                   0x08003201   Thumb Code    18  stm32f10x_gpio.o(.text)
    GPIO_ReadOutputData                      0x08003213   Thumb Code     8  stm32f10x_gpio.o(.text)
    GPIO_SetBits                             0x0800321b   Thumb Code     4  stm32f10x_gpio.o(.text)
    GPIO_ResetBits                           0x0800321f   Thumb Code     4  stm32f10x_gpio.o(.text)
    GPIO_WriteBit                            0x08003223   Thumb Code    10  stm32f10x_gpio.o(.text)
    GPIO_Write                               0x0800322d   Thumb Code     4  stm32f10x_gpio.o(.text)
    GPIO_PinLockConfig                       0x08003231   Thumb Code    18  stm32f10x_gpio.o(.text)
    GPIO_EventOutputConfig                   0x08003243   Thumb Code    26  stm32f10x_gpio.o(.text)
    GPIO_EventOutputCmd                      0x0800325d   Thumb Code     6  stm32f10x_gpio.o(.text)
    GPIO_PinRemapConfig                      0x08003263   Thumb Code   138  stm32f10x_gpio.o(.text)
    GPIO_EXTILineConfig                      0x080032ed   Thumb Code    66  stm32f10x_gpio.o(.text)
    GPIO_ETH_MediaInterfaceConfig            0x0800332f   Thumb Code     8  stm32f10x_gpio.o(.text)
    RCC_DeInit                               0x0800335d   Thumb Code    64  stm32f10x_rcc.o(.text)
    RCC_HSEConfig                            0x0800339d   Thumb Code    70  stm32f10x_rcc.o(.text)
    RCC_GetFlagStatus                        0x080033e3   Thumb Code    56  stm32f10x_rcc.o(.text)
    RCC_WaitForHSEStartUp                    0x0800341b   Thumb Code    56  stm32f10x_rcc.o(.text)
    RCC_AdjustHSICalibrationValue            0x08003453   Thumb Code    20  stm32f10x_rcc.o(.text)
    RCC_HSICmd                               0x08003467   Thumb Code     6  stm32f10x_rcc.o(.text)
    RCC_PLLConfig                            0x0800346d   Thumb Code    24  stm32f10x_rcc.o(.text)
    RCC_PLLCmd                               0x08003485   Thumb Code     6  stm32f10x_rcc.o(.text)
    RCC_SYSCLKConfig                         0x0800348b   Thumb Code    18  stm32f10x_rcc.o(.text)
    RCC_GetSYSCLKSource                      0x0800349d   Thumb Code    10  stm32f10x_rcc.o(.text)
    RCC_HCLKConfig                           0x080034a7   Thumb Code    18  stm32f10x_rcc.o(.text)
    RCC_PCLK1Config                          0x080034b9   Thumb Code    18  stm32f10x_rcc.o(.text)
    RCC_PCLK2Config                          0x080034cb   Thumb Code    20  stm32f10x_rcc.o(.text)
    RCC_ITConfig                             0x080034df   Thumb Code    26  stm32f10x_rcc.o(.text)
    RCC_USBCLKConfig                         0x080034f9   Thumb Code     8  stm32f10x_rcc.o(.text)
    RCC_ADCCLKConfig                         0x08003501   Thumb Code    18  stm32f10x_rcc.o(.text)
    RCC_LSEConfig                            0x08003513   Thumb Code    50  stm32f10x_rcc.o(.text)
    RCC_LSICmd                               0x08003545   Thumb Code     6  stm32f10x_rcc.o(.text)
    RCC_RTCCLKConfig                         0x0800354b   Thumb Code    12  stm32f10x_rcc.o(.text)
    RCC_RTCCLKCmd                            0x08003557   Thumb Code     8  stm32f10x_rcc.o(.text)
    RCC_GetClocksFreq                        0x0800355f   Thumb Code   192  stm32f10x_rcc.o(.text)
    RCC_AHBPeriphClockCmd                    0x0800361f   Thumb Code    26  stm32f10x_rcc.o(.text)
    RCC_APB2PeriphClockCmd                   0x08003639   Thumb Code    26  stm32f10x_rcc.o(.text)
    RCC_APB1PeriphClockCmd                   0x08003653   Thumb Code    26  stm32f10x_rcc.o(.text)
    RCC_APB2PeriphResetCmd                   0x0800366d   Thumb Code    26  stm32f10x_rcc.o(.text)
    RCC_APB1PeriphResetCmd                   0x08003687   Thumb Code    26  stm32f10x_rcc.o(.text)
    RCC_BackupResetCmd                       0x080036a1   Thumb Code     8  stm32f10x_rcc.o(.text)
    RCC_ClockSecuritySystemCmd               0x080036a9   Thumb Code     6  stm32f10x_rcc.o(.text)
    RCC_MCOConfig                            0x080036af   Thumb Code     6  stm32f10x_rcc.o(.text)
    RCC_ClearFlag                            0x080036b5   Thumb Code    14  stm32f10x_rcc.o(.text)
    RCC_GetITStatus                          0x080036c3   Thumb Code    20  stm32f10x_rcc.o(.text)
    RCC_ClearITPendingBit                    0x080036d7   Thumb Code     6  stm32f10x_rcc.o(.text)
    USART_DeInit                             0x08003701   Thumb Code   134  stm32f10x_usart.o(.text)
    USART_Init                               0x08003787   Thumb Code   210  stm32f10x_usart.o(.text)
    USART_StructInit                         0x08003859   Thumb Code    24  stm32f10x_usart.o(.text)
    USART_ClockInit                          0x08003871   Thumb Code    34  stm32f10x_usart.o(.text)
    USART_ClockStructInit                    0x08003893   Thumb Code    12  stm32f10x_usart.o(.text)
    USART_Cmd                                0x0800389f   Thumb Code    24  stm32f10x_usart.o(.text)
    USART_ITConfig                           0x080038b7   Thumb Code    74  stm32f10x_usart.o(.text)
    USART_DMACmd                             0x08003901   Thumb Code    18  stm32f10x_usart.o(.text)
    USART_SetAddress                         0x08003913   Thumb Code    18  stm32f10x_usart.o(.text)
    USART_WakeUpConfig                       0x08003925   Thumb Code    18  stm32f10x_usart.o(.text)
    USART_ReceiverWakeUpCmd                  0x08003937   Thumb Code    24  stm32f10x_usart.o(.text)
    USART_LINBreakDetectLengthConfig         0x0800394f   Thumb Code    18  stm32f10x_usart.o(.text)
    USART_LINCmd                             0x08003961   Thumb Code    24  stm32f10x_usart.o(.text)
    USART_SendData                           0x08003979   Thumb Code     8  stm32f10x_usart.o(.text)
    USART_ReceiveData                        0x08003981   Thumb Code    10  stm32f10x_usart.o(.text)
    USART_SendBreak                          0x0800398b   Thumb Code    10  stm32f10x_usart.o(.text)
    USART_SetGuardTime                       0x08003995   Thumb Code    16  stm32f10x_usart.o(.text)
    USART_SetPrescaler                       0x080039a5   Thumb Code    16  stm32f10x_usart.o(.text)
    USART_SmartCardCmd                       0x080039b5   Thumb Code    24  stm32f10x_usart.o(.text)
    USART_SmartCardNACKCmd                   0x080039cd   Thumb Code    24  stm32f10x_usart.o(.text)
    USART_HalfDuplexCmd                      0x080039e5   Thumb Code    24  stm32f10x_usart.o(.text)
    USART_OverSampling8Cmd                   0x080039fd   Thumb Code    22  stm32f10x_usart.o(.text)
    USART_OneBitMethodCmd                    0x08003a13   Thumb Code    24  stm32f10x_usart.o(.text)
    USART_IrDAConfig                         0x08003a2b   Thumb Code    18  stm32f10x_usart.o(.text)
    USART_IrDACmd                            0x08003a3d   Thumb Code    24  stm32f10x_usart.o(.text)
    USART_GetFlagStatus                      0x08003a55   Thumb Code    26  stm32f10x_usart.o(.text)
    USART_ClearFlag                          0x08003a6f   Thumb Code    18  stm32f10x_usart.o(.text)
    USART_GetITStatus                        0x08003a81   Thumb Code    84  stm32f10x_usart.o(.text)
    USART_ClearITPendingBit                  0x08003ad5   Thumb Code    52  stm32f10x_usart.o(.text)
    TIM_DeInit                               0x08003b09   Thumb Code   424  stm32f10x_tim.o(.text)
    TIM_TimeBaseInit                         0x08003cb1   Thumb Code   122  stm32f10x_tim.o(.text)
    TIM_OC1Init                              0x08003d2b   Thumb Code   132  stm32f10x_tim.o(.text)
    TIM_OC2Init                              0x08003daf   Thumb Code   154  stm32f10x_tim.o(.text)
    TIM_OC3Init                              0x08003e49   Thumb Code   150  stm32f10x_tim.o(.text)
    TIM_OC4Init                              0x08003edf   Thumb Code   182  stm32f10x_tim.o(.text)
    TIM_SetIC4Prescaler                      0x08003f95   Thumb Code    26  stm32f10x_tim.o(.text)
    TIM_SetIC3Prescaler                      0x08004031   Thumb Code    18  stm32f10x_tim.o(.text)
    TIM_SetIC2Prescaler                      0x080040bd   Thumb Code    26  stm32f10x_tim.o(.text)
    TIM_SetIC1Prescaler                      0x08004159   Thumb Code    18  stm32f10x_tim.o(.text)
    TIM_ICInit                               0x080041d7   Thumb Code   150  stm32f10x_tim.o(.text)
    TIM_PWMIConfig                           0x0800426d   Thumb Code   124  stm32f10x_tim.o(.text)
    TIM_BDTRConfig                           0x080042e9   Thumb Code    32  stm32f10x_tim.o(.text)
    TIM_TimeBaseStructInit                   0x08004309   Thumb Code    18  stm32f10x_tim.o(.text)
    TIM_OCStructInit                         0x0800431b   Thumb Code    20  stm32f10x_tim.o(.text)
    TIM_ICStructInit                         0x0800432f   Thumb Code    18  stm32f10x_tim.o(.text)
    TIM_BDTRStructInit                       0x08004341   Thumb Code    40  stm32f10x_tim.o(.text)
    TIM_Cmd                                  0x08004369   Thumb Code    24  stm32f10x_tim.o(.text)
    TIM_CtrlPWMOutputs                       0x08004381   Thumb Code    30  stm32f10x_tim.o(.text)
    TIM_ITConfig                             0x0800439f   Thumb Code    18  stm32f10x_tim.o(.text)
    TIM_GenerateEvent                        0x080043b1   Thumb Code     4  stm32f10x_tim.o(.text)
    TIM_DMAConfig                            0x080043b5   Thumb Code    10  stm32f10x_tim.o(.text)
    TIM_DMACmd                               0x080043bf   Thumb Code    18  stm32f10x_tim.o(.text)
    TIM_InternalClockConfig                  0x080043d1   Thumb Code    12  stm32f10x_tim.o(.text)
    TIM_SelectInputTrigger                   0x080043dd   Thumb Code    18  stm32f10x_tim.o(.text)
    TIM_ITRxExternalClockConfig              0x080043ef   Thumb Code    24  stm32f10x_tim.o(.text)
    TIM_TIxExternalClockConfig               0x08004407   Thumb Code    62  stm32f10x_tim.o(.text)
    TIM_ETRConfig                            0x08004445   Thumb Code    28  stm32f10x_tim.o(.text)
    TIM_ETRClockMode1Config                  0x08004461   Thumb Code    54  stm32f10x_tim.o(.text)
    TIM_ETRClockMode2Config                  0x08004497   Thumb Code    32  stm32f10x_tim.o(.text)
    TIM_PrescalerConfig                      0x080044b7   Thumb Code     6  stm32f10x_tim.o(.text)
    TIM_CounterModeConfig                    0x080044bd   Thumb Code    18  stm32f10x_tim.o(.text)
    TIM_EncoderInterfaceConfig               0x080044cf   Thumb Code    66  stm32f10x_tim.o(.text)
    TIM_ForcedOC1Config                      0x08004511   Thumb Code    18  stm32f10x_tim.o(.text)
    TIM_ForcedOC2Config                      0x08004523   Thumb Code    26  stm32f10x_tim.o(.text)
    TIM_ForcedOC3Config                      0x0800453d   Thumb Code    18  stm32f10x_tim.o(.text)
    TIM_ForcedOC4Config                      0x0800454f   Thumb Code    26  stm32f10x_tim.o(.text)
    TIM_ARRPreloadConfig                     0x08004569   Thumb Code    24  stm32f10x_tim.o(.text)
    TIM_SelectCOM                            0x08004581   Thumb Code    24  stm32f10x_tim.o(.text)
    TIM_SelectCCDMA                          0x08004599   Thumb Code    24  stm32f10x_tim.o(.text)
    TIM_CCPreloadControl                     0x080045b1   Thumb Code    24  stm32f10x_tim.o(.text)
    TIM_OC1PreloadConfig                     0x080045c9   Thumb Code    18  stm32f10x_tim.o(.text)
    TIM_OC2PreloadConfig                     0x080045db   Thumb Code    26  stm32f10x_tim.o(.text)
    TIM_OC3PreloadConfig                     0x080045f5   Thumb Code    18  stm32f10x_tim.o(.text)
    TIM_OC4PreloadConfig                     0x08004607   Thumb Code    26  stm32f10x_tim.o(.text)
    TIM_OC1FastConfig                        0x08004621   Thumb Code    18  stm32f10x_tim.o(.text)
    TIM_OC2FastConfig                        0x08004633   Thumb Code    26  stm32f10x_tim.o(.text)
    TIM_OC3FastConfig                        0x0800464d   Thumb Code    18  stm32f10x_tim.o(.text)
    TIM_OC4FastConfig                        0x0800465f   Thumb Code    26  stm32f10x_tim.o(.text)
    TIM_ClearOC1Ref                          0x08004679   Thumb Code    18  stm32f10x_tim.o(.text)
    TIM_ClearOC2Ref                          0x0800468b   Thumb Code    24  stm32f10x_tim.o(.text)
    TIM_ClearOC3Ref                          0x080046a3   Thumb Code    18  stm32f10x_tim.o(.text)
    TIM_ClearOC4Ref                          0x080046b5   Thumb Code    24  stm32f10x_tim.o(.text)
    TIM_OC1PolarityConfig                    0x080046cd   Thumb Code    18  stm32f10x_tim.o(.text)
    TIM_OC1NPolarityConfig                   0x080046df   Thumb Code    18  stm32f10x_tim.o(.text)
    TIM_OC2PolarityConfig                    0x080046f1   Thumb Code    26  stm32f10x_tim.o(.text)
    TIM_OC2NPolarityConfig                   0x0800470b   Thumb Code    26  stm32f10x_tim.o(.text)
    TIM_OC3PolarityConfig                    0x08004725   Thumb Code    26  stm32f10x_tim.o(.text)
    TIM_OC3NPolarityConfig                   0x0800473f   Thumb Code    26  stm32f10x_tim.o(.text)
    TIM_OC4PolarityConfig                    0x08004759   Thumb Code    26  stm32f10x_tim.o(.text)
    TIM_CCxCmd                               0x08004773   Thumb Code    30  stm32f10x_tim.o(.text)
    TIM_CCxNCmd                              0x08004791   Thumb Code    30  stm32f10x_tim.o(.text)
    TIM_SelectOCxM                           0x080047af   Thumb Code    82  stm32f10x_tim.o(.text)
    TIM_UpdateDisableConfig                  0x08004801   Thumb Code    24  stm32f10x_tim.o(.text)
    TIM_UpdateRequestConfig                  0x08004819   Thumb Code    24  stm32f10x_tim.o(.text)
    TIM_SelectHallSensor                     0x08004831   Thumb Code    24  stm32f10x_tim.o(.text)
    TIM_SelectOnePulseMode                   0x08004849   Thumb Code    18  stm32f10x_tim.o(.text)
    TIM_SelectOutputTrigger                  0x0800485b   Thumb Code    18  stm32f10x_tim.o(.text)
    TIM_SelectSlaveMode                      0x0800486d   Thumb Code    18  stm32f10x_tim.o(.text)
    TIM_SelectMasterSlaveMode                0x0800487f   Thumb Code    18  stm32f10x_tim.o(.text)
    TIM_SetCounter                           0x08004891   Thumb Code     4  stm32f10x_tim.o(.text)
    TIM_SetAutoreload                        0x08004895   Thumb Code     4  stm32f10x_tim.o(.text)
    TIM_SetCompare1                          0x08004899   Thumb Code     4  stm32f10x_tim.o(.text)
    TIM_SetCompare2                          0x0800489d   Thumb Code     4  stm32f10x_tim.o(.text)
    TIM_SetCompare3                          0x080048a1   Thumb Code     4  stm32f10x_tim.o(.text)
    TIM_SetCompare4                          0x080048a5   Thumb Code     6  stm32f10x_tim.o(.text)
    TIM_SetClockDivision                     0x080048ab   Thumb Code    18  stm32f10x_tim.o(.text)
    TIM_GetCapture1                          0x080048bd   Thumb Code     6  stm32f10x_tim.o(.text)
    TIM_GetCapture2                          0x080048c3   Thumb Code     6  stm32f10x_tim.o(.text)
    TIM_GetCapture3                          0x080048c9   Thumb Code     6  stm32f10x_tim.o(.text)
    TIM_GetCapture4                          0x080048cf   Thumb Code     8  stm32f10x_tim.o(.text)
    TIM_GetCounter                           0x080048d7   Thumb Code     6  stm32f10x_tim.o(.text)
    TIM_GetPrescaler                         0x080048dd   Thumb Code     6  stm32f10x_tim.o(.text)
    TIM_GetFlagStatus                        0x080048e3   Thumb Code    18  stm32f10x_tim.o(.text)
    TIM_ClearFlag                            0x080048f5   Thumb Code     6  stm32f10x_tim.o(.text)
    TIM_GetITStatus                          0x080048fb   Thumb Code    34  stm32f10x_tim.o(.text)
    TIM_ClearITPendingBit                    0x0800491d   Thumb Code     6  stm32f10x_tim.o(.text)
    SP_Set_IntegTime                         0x08004925   Thumb Code    74  glt.o(.text)
    SP_Get_IntegTime                         0x0800496f   Thumb Code    18  glt.o(.text)
    SP_Get_SPData                            0x08004981   Thumb Code    24  glt.o(.text)
    SP_Set_Pulse_Time                        0x08004999   Thumb Code   122  glt.o(.text)
    SP_Open_Light                            0x08004a13   Thumb Code    54  glt.o(.text)
    SP_Reset                                 0x08004a49   Thumb Code    24  glt.o(.text)
    SP_Get_WaveLength                        0x08004a61   Thumb Code    24  glt.o(.text)
    SP_Set_Average                           0x08004a79   Thumb Code    64  glt.o(.text)
    AT24CXX_Init                             0x08004acd   Thumb Code     8  i2c_ee.o(.text)
    AT24CXX_ReadOneByte                      0x08004ad5   Thumb Code    84  i2c_ee.o(.text)
    AT24CXX_WriteOneByte                     0x08004b29   Thumb Code    76  i2c_ee.o(.text)
    AT24CXX_WriteLenByte                     0x08004b75   Thumb Code    42  i2c_ee.o(.text)
    AT24CXX_ReadLenByte                      0x08004b9f   Thumb Code    44  i2c_ee.o(.text)
    AT24CXX_Check                            0x08004bcb   Thumb Code    46  i2c_ee.o(.text)
    AT24CXX_Write                            0x08004bf9   Thumb Code   140  i2c_ee.o(.text)
    AT24CXX_Read                             0x08004c85   Thumb Code   122  i2c_ee.o(.text)
    IIC_Init                                 0x08004d01   Thumb Code    62  new_i2c_ee.o(.text)
    IIC_Start                                0x08004d3f   Thumb Code    64  new_i2c_ee.o(.text)
    IIC_Stop                                 0x08004d7f   Thumb Code    66  new_i2c_ee.o(.text)
    IIC_Wait_Ack                             0x08004dc1   Thumb Code    86  new_i2c_ee.o(.text)
    IIC_Ack                                  0x08004e17   Thumb Code    70  new_i2c_ee.o(.text)
    IIC_NAck                                 0x08004e5d   Thumb Code    70  new_i2c_ee.o(.text)
    IIC_Send_Byte                            0x08004ea3   Thumb Code    92  new_i2c_ee.o(.text)
    IIC_Read_Byte                            0x08004eff   Thumb Code   100  new_i2c_ee.o(.text)
    IIC_Read_Byte_2                          0x08004f63   Thumb Code    84  new_i2c_ee.o(.text)
    Fitting_WaveLength                       0x08004fc9   Thumb Code   228  fitting_algorithm.o(.text)
    Fitting_Concentration                    0x080050ad   Thumb Code     2  fitting_algorithm.o(.text)
    Fit3                                     0x080050af   Thumb Code  2558  fitting_algorithm.o(.text)
    __aeabi_memcpy                           0x08005aad   Thumb Code    36  memcpya.o(.text)
    __aeabi_memcpy4                          0x08005aad   Thumb Code     0  memcpya.o(.text)
    __aeabi_memcpy8                          0x08005aad   Thumb Code     0  memcpya.o(.text)
    __aeabi_memset                           0x08005ad1   Thumb Code    14  memseta.o(.text)
    __aeabi_memset4                          0x08005ad1   Thumb Code     0  memseta.o(.text)
    __aeabi_memset8                          0x08005ad1   Thumb Code     0  memseta.o(.text)
    __aeabi_memclr                           0x08005adf   Thumb Code     4  memseta.o(.text)
    __aeabi_memclr4                          0x08005adf   Thumb Code     0  memseta.o(.text)
    __aeabi_memclr8                          0x08005adf   Thumb Code     0  memseta.o(.text)
    _memset$wrapper                          0x08005ae3   Thumb Code    18  memseta.o(.text)
    __aeabi_fadd                             0x08005af5   Thumb Code   164  fadd.o(.text)
    __aeabi_fsub                             0x08005b99   Thumb Code     6  fadd.o(.text)
    __aeabi_frsub                            0x08005b9f   Thumb Code     6  fadd.o(.text)
    __aeabi_fmul                             0x08005ba5   Thumb Code   100  fmul.o(.text)
    __aeabi_fdiv                             0x08005c09   Thumb Code   124  fdiv.o(.text)
    __aeabi_dadd                             0x08005c85   Thumb Code   322  dadd.o(.text)
    __aeabi_dsub                             0x08005dc7   Thumb Code     6  dadd.o(.text)
    __aeabi_drsub                            0x08005dcd   Thumb Code     6  dadd.o(.text)
    __aeabi_dmul                             0x08005dd3   Thumb Code   228  dmul.o(.text)
    __aeabi_ddiv                             0x08005eb7   Thumb Code   222  ddiv.o(.text)
    __aeabi_i2f                              0x08005f95   Thumb Code    18  fflti.o(.text)
    __aeabi_ui2f                             0x08005fa7   Thumb Code    10  ffltui.o(.text)
    __aeabi_i2d                              0x08005fb1   Thumb Code    34  dflti.o(.text)
    __aeabi_ui2d                             0x08005fd3   Thumb Code    26  dfltui.o(.text)
    __aeabi_f2iz                             0x08005fed   Thumb Code    50  ffixi.o(.text)
    __aeabi_d2uiz                            0x0800601f   Thumb Code    50  dfixui.o(.text)
    __aeabi_f2d                              0x08006051   Thumb Code    38  f2d.o(.text)
    __aeabi_cdcmpeq                          0x08006079   Thumb Code     0  cdcmple.o(.text)
    __aeabi_cdcmple                          0x08006079   Thumb Code    48  cdcmple.o(.text)
    __aeabi_cdrcmple                         0x080060a9   Thumb Code    48  cdrcmple.o(.text)
    __aeabi_d2f                              0x080060d9   Thumb Code    56  d2f.o(.text)
    __aeabi_cfrcmple                         0x08006111   Thumb Code    20  cfrcmple.o(.text)
    __aeabi_llsl                             0x08006125   Thumb Code    30  llshl.o(.text)
    _ll_shift_l                              0x08006125   Thumb Code     0  llshl.o(.text)
    __aeabi_llsr                             0x08006143   Thumb Code    32  llushr.o(.text)
    _ll_ushift_r                             0x08006143   Thumb Code     0  llushr.o(.text)
    __aeabi_lasr                             0x08006163   Thumb Code    36  llsshr.o(.text)
    _ll_sshift_r                             0x08006163   Thumb Code     0  llsshr.o(.text)
    __I$use$fp                               0x08006187   Thumb Code     0  iusefp.o(.text)
    _float_round                             0x08006187   Thumb Code    18  fepilogue.o(.text)
    _float_epilogue                          0x08006199   Thumb Code    92  fepilogue.o(.text)
    _double_round                            0x080061f5   Thumb Code    30  depilogue.o(.text)
    _double_epilogue                         0x08006213   Thumb Code   156  depilogue.o(.text)
    __ARM_scalbn                             0x080062af   Thumb Code    46  dscalb.o(.text)
    scalbn                                   0x080062af   Thumb Code     0  dscalb.o(.text)
    __scatterload                            0x080062dd   Thumb Code    28  init.o(.text)
    __scatterload_rt2                        0x080062dd   Thumb Code     0  init.o(.text)
    __decompress                             0x08006301   Thumb Code     0  __dczerorl2.o(.text)
    __decompress1                            0x08006301   Thumb Code    86  __dczerorl2.o(.text)
    __kernel_poly                            0x08006357   Thumb Code   170  poly.o(i.__kernel_poly)
    __mathlib_dbl_divzero                    0x08006401   Thumb Code    12  dunder.o(i.__mathlib_dbl_divzero)
    __mathlib_dbl_infnan                     0x08006411   Thumb Code     6  dunder.o(i.__mathlib_dbl_infnan)
    __mathlib_dbl_invalid                    0x08006417   Thumb Code    12  dunder.o(i.__mathlib_dbl_invalid)
    __scatterload_copy                       0x08006423   Thumb Code    14  handlers.o(i.__scatterload_copy)
    __scatterload_null                       0x08006431   Thumb Code     2  handlers.o(i.__scatterload_null)
    __scatterload_zeroinit                   0x08006433   Thumb Code    14  handlers.o(i.__scatterload_zeroinit)
    __set_errno                              0x08006441   Thumb Code     6  errno.o(i.__set_errno)
    log                                      0x0800644d   Thumb Code   808  log.o(i.log)
    log10                                    0x080067a9   Thumb Code   198  log10.o(i.log10)
    auchCRCHi                                0x080068e4   Data         256  crc.o(.constdata)
    auchCRCLo                                0x080069e4   Data         256  crc.o(.constdata)
    __mathlib_zero                           0x08006b40   Data           8  qnan.o(.constdata)
    Region$$Table$$Base                      0x08006b48   Number         0  anon$$obj.o(Region$$Table)
    Region$$Table$$Limit                     0x08006b68   Number         0  anon$$obj.o(Region$$Table)
    SystemCoreClock                          0x20000000   Data           4  system_stm32f10x.o(.data)
    AHBPrescTable                            0x20000004   Data          16  system_stm32f10x.o(.data)
    sendCompleteFlag                         0x20000018   Data           1  master.o(.data)
    spArr                                    0x20000019   Data        4096  master.o(.data)
    size                                     0x2000101a   Data           2  master.o(.data)
    RS485_Baudrate                           0x2000101c   Data           4  master.o(.data)
    RS485_Parity                             0x20001020   Data           1  master.o(.data)
    RS485_Frame_Distance                     0x20001022   Data           2  master.o(.data)
    RS485_RX_CNT                             0x20001024   Data           2  master.o(.data)
    RS485_RxFlag                             0x20001026   Data           1  master.o(.data)
    RS485_TX_CNT                             0x20001028   Data           2  master.o(.data)
    RS485_TxFlag                             0x2000102a   Data           1  master.o(.data)
    SlaverAddr                               0x2000102b   Data           1  master.o(.data)
    Fuction                                  0x2000102c   Data           1  master.o(.data)
    StartAddr                                0x2000102e   Data           2  master.o(.data)
    ValueOrLenth                             0x20001030   Data           2  master.o(.data)
    TX_RX_SET                                0x20001032   Data           1  master.o(.data)
    ComErr                                   0x20001033   Data           1  master.o(.data)
    MeansurePeriodArr                        0x20001034   Data          22  master.o(.data)
    ClearPeriodArr                           0x2000104c   Data          52  master.o(.data)
    conBuf                                   0x20001080   Data          13  master.o(.data)
    totalTime                                0x20001090   Data           8  master.o(.data)
    curValue                                 0x20001098   Data           8  master.o(.data)
    nextMeansureTime                         0x200010a0   Data           2  master.o(.data)
    setNextMeansureTime                      0x200010a2   Data           2  master.o(.data)
    conZero                                  0x200010a8   Data           8  master.o(.data)
    conTwentyFive                            0x200010b0   Data           8  master.o(.data)
    clearPeriod                              0x200010b8   Data           4  master.o(.data)
    setClearPeriod                           0x200010bc   Data           4  master.o(.data)
    spSize                                   0x200010c0   Data           2  master.o(.data)
    isSendSpectrum                           0x200010c2   Data           1  master.o(.data)
    isGetWaveLength                          0x200010c3   Data           1  master.o(.data)
    isWaveFlag                               0x200010c4   Data           1  master.o(.data)
    waveSize                                 0x200010c6   Data           2  master.o(.data)
    spReadyNext                              0x200010c8   Data           1  master.o(.data)
    SP_RX_COMPLETE                           0x200010c9   Data           1  master.o(.data)
    spMode                                   0x200010ca   Data           1  master.o(.data)
    CarbrationFlag                           0x200010cb   Data           5  master.o(.data)
    alarmTempFlag                            0x200010d0   Data           1  master.o(.data)
    alarmHumidityFlag                        0x200010d1   Data           1  master.o(.data)
    isReSetAlarm                             0x200010d2   Data           1  master.o(.data)
    flag                                     0x200010d3   Data           1  master.o(.data)
    refFlag                                  0x200010d4   Data           1  master.o(.data)
    sampleFlag                               0x200010d5   Data           1  master.o(.data)
    isDraw                                   0x200010d6   Data           1  master.o(.data)
    SP_a                                     0x200010d8   Data           8  master.o(.data)
    SP_b                                     0x200010e0   Data           8  master.o(.data)
    SP_c                                     0x200010e8   Data           8  master.o(.data)
    SP_d                                     0x200010f0   Data           8  master.o(.data)
    Sample_220_Data                          0x200010f8   Data           8  master.o(.data)
    Sample_275_Data                          0x20001100   Data           8  master.o(.data)
    Cur_Reference_220_Data                   0x20001108   Data           8  master.o(.data)
    Cur_Reference_275_Data                   0x20001110   Data           8  master.o(.data)
    ratio_220                                0x20001118   Data           8  master.o(.data)
    ratio_275                                0x20001120   Data           8  master.o(.data)
    White_220_Data                           0x20001128   Data           8  master.o(.data)
    White_275_Data                           0x20001130   Data           8  master.o(.data)
    Reference_220_Data                       0x20001138   Data           8  master.o(.data)
    Reference_275_Data                       0x20001140   Data           8  master.o(.data)
    Dark_220_Data                            0x20001148   Data           8  master.o(.data)
    Dark_275_Data                            0x20001150   Data           8  master.o(.data)
    change_brush                             0x2000115c   Data           1  motor.o(.data)
    RS485_RX_BUFF                            0x20001178   Data         512  master.o(.bss)
    RS485_TX_BUFF                            0x20001378   Data         128  master.o(.bss)
    Master_InputIO                           0x200013f8   Data         100  master.o(.bss)
    Master_OutputIO                          0x2000145c   Data         100  master.o(.bss)
    Master_ReadReg                           0x200014c0   Data        1024  master.o(.bss)
    Master_WriteReg                          0x200018c0   Data        1024  master.o(.bss)
    spectrumData                             0x20001cc0   Data        3000  master.o(.bss)
    waveLengthData                           0x20002878   Data        5000  master.o(.bss)
    xConcentration                           0x20003c00   Data          40  master.o(.bss)
    yConcentration                           0x20003c28   Data          40  master.o(.bss)
    __initial_sp                             0x20004050   Data           0  startup_stm32f10x_md.o(STACK)



==============================================================================

Memory Map of the image

  Image Entry point : 0x080000ed

  Load Region LR_IROM1 (Base: 0x08000000, Size: 0x00007ce0, Max: 0x00010000, ABSOLUTE, COMPRESSED[0x00006c54])

    Execution Region ER_IROM1 (Base: 0x08000000, Size: 0x00006b68, Max: 0x00010000, ABSOLUTE)

    Base Addr    Size         Type   Attr      Idx    E Section Name        Object

    0x08000000   0x000000ec   Data   RO          417    RESET               startup_stm32f10x_md.o
    0x080000ec   0x00000000   Code   RO          624  * .ARM.Collect$$$$00000000  mc_w.l(entry.o)
    0x080000ec   0x00000004   Code   RO          691    .ARM.Collect$$$$00000001  mc_w.l(entry2.o)
    0x080000f0   0x00000004   Code   RO          694    .ARM.Collect$$$$00000004  mc_w.l(entry5.o)
    0x080000f4   0x00000000   Code   RO          696    .ARM.Collect$$$$00000008  mc_w.l(entry7b.o)
    0x080000f4   0x00000000   Code   RO          698    .ARM.Collect$$$$0000000A  mc_w.l(entry8b.o)
    0x080000f4   0x00000008   Code   RO          699    .ARM.Collect$$$$0000000B  mc_w.l(entry9a.o)
    0x080000fc   0x00000000   Code   RO          701    .ARM.Collect$$$$0000000D  mc_w.l(entry10a.o)
    0x080000fc   0x00000000   Code   RO          703    .ARM.Collect$$$$0000000F  mc_w.l(entry11a.o)
    0x080000fc   0x00000004   Code   RO          692    .ARM.Collect$$$$00002712  mc_w.l(entry2.o)
    0x08000100   0x00000050   Code   RO            1    .text               main.o
    0x08000150   0x0000001a   Code   RO          155    .text               stm32f10x_it.o
    0x0800016a   0x00000002   PAD
    0x0800016c   0x000001e0   Code   RO          196    .text               system_stm32f10x.o
    0x0800034c   0x00001ea8   Code   RO          238    .text               master.o
    0x080021f4   0x00000084   Code   RO          268    .text               timer.o
    0x08002278   0x00000038   Code   RO          295    .text               crc.o
    0x080022b0   0x000000d4   Code   RO          313    .text               delay.o
    0x08002384   0x000000f4   Code   RO          344    .text               usart.o
    0x08002478   0x00000048   Code   RO          356    .text               shutter.o
    0x080024c0   0x0000080c   Code   RO          371    .text               sht20.o
    0x08002ccc   0x00000234   Code   RO          387    .text               motor.o
    0x08002f00   0x00000024   Code   RO          418    .text               startup_stm32f10x_md.o
    0x08002f24   0x000000dc   Code   RO          422    .text               misc.o
    0x08003000   0x0000035c   Code   RO          434    .text               stm32f10x_gpio.o
    0x0800335c   0x000003a4   Code   RO          446    .text               stm32f10x_rcc.o
    0x08003700   0x00000408   Code   RO          460    .text               stm32f10x_usart.o
    0x08003b08   0x00000e1a   Code   RO          472    .text               stm32f10x_tim.o
    0x08004922   0x00000002   PAD
    0x08004924   0x000001a8   Code   RO          520    .text               glt.o
    0x08004acc   0x00000232   Code   RO          536    .text               i2c_ee.o
    0x08004cfe   0x00000002   PAD
    0x08004d00   0x000002c8   Code   RO          555    .text               new_i2c_ee.o
    0x08004fc8   0x00000ae4   Code   RO          601    .text               fitting_algorithm.o
    0x08005aac   0x00000024   Code   RO          627    .text               mc_w.l(memcpya.o)
    0x08005ad0   0x00000024   Code   RO          629    .text               mc_w.l(memseta.o)
    0x08005af4   0x000000b0   Code   RO          633    .text               mf_w.l(fadd.o)
    0x08005ba4   0x00000064   Code   RO          635    .text               mf_w.l(fmul.o)
    0x08005c08   0x0000007c   Code   RO          637    .text               mf_w.l(fdiv.o)
    0x08005c84   0x0000014e   Code   RO          639    .text               mf_w.l(dadd.o)
    0x08005dd2   0x000000e4   Code   RO          641    .text               mf_w.l(dmul.o)
    0x08005eb6   0x000000de   Code   RO          643    .text               mf_w.l(ddiv.o)
    0x08005f94   0x00000012   Code   RO          645    .text               mf_w.l(fflti.o)
    0x08005fa6   0x0000000a   Code   RO          647    .text               mf_w.l(ffltui.o)
    0x08005fb0   0x00000022   Code   RO          649    .text               mf_w.l(dflti.o)
    0x08005fd2   0x0000001a   Code   RO          651    .text               mf_w.l(dfltui.o)
    0x08005fec   0x00000032   Code   RO          653    .text               mf_w.l(ffixi.o)
    0x0800601e   0x00000032   Code   RO          655    .text               mf_w.l(dfixui.o)
    0x08006050   0x00000026   Code   RO          657    .text               mf_w.l(f2d.o)
    0x08006076   0x00000002   PAD
    0x08006078   0x00000030   Code   RO          659    .text               mf_w.l(cdcmple.o)
    0x080060a8   0x00000030   Code   RO          661    .text               mf_w.l(cdrcmple.o)
    0x080060d8   0x00000038   Code   RO          663    .text               mf_w.l(d2f.o)
    0x08006110   0x00000014   Code   RO          665    .text               mf_w.l(cfrcmple.o)
    0x08006124   0x0000001e   Code   RO          705    .text               mc_w.l(llshl.o)
    0x08006142   0x00000020   Code   RO          707    .text               mc_w.l(llushr.o)
    0x08006162   0x00000024   Code   RO          709    .text               mc_w.l(llsshr.o)
    0x08006186   0x00000000   Code   RO          718    .text               mc_w.l(iusefp.o)
    0x08006186   0x0000006e   Code   RO          719    .text               mf_w.l(fepilogue.o)
    0x080061f4   0x000000ba   Code   RO          721    .text               mf_w.l(depilogue.o)
    0x080062ae   0x0000002e   Code   RO          723    .text               mf_w.l(dscalb.o)
    0x080062dc   0x00000024   Code   RO          728    .text               mc_w.l(init.o)
    0x08006300   0x00000056   Code   RO          738    .text               mc_w.l(__dczerorl2.o)
    0x08006356   0x000000aa   Code   RO          725    i.__kernel_poly     m_ws.l(poly.o)
    0x08006400   0x00000010   Code   RO          667    i.__mathlib_dbl_divzero  m_ws.l(dunder.o)
    0x08006410   0x00000006   Code   RO          668    i.__mathlib_dbl_infnan  m_ws.l(dunder.o)
    0x08006416   0x0000000c   Code   RO          670    i.__mathlib_dbl_invalid  m_ws.l(dunder.o)
    0x08006422   0x0000000e   Code   RO          732    i.__scatterload_copy  mc_w.l(handlers.o)
    0x08006430   0x00000002   Code   RO          733    i.__scatterload_null  mc_w.l(handlers.o)
    0x08006432   0x0000000e   Code   RO          734    i.__scatterload_zeroinit  mc_w.l(handlers.o)
    0x08006440   0x0000000c   Code   RO          713    i.__set_errno       mc_w.l(errno.o)
    0x0800644c   0x0000035c   Code   RO          682    i.log               m_ws.l(log.o)
    0x080067a8   0x000000e4   Code   RO          617    i.log10             m_ws.l(log10.o)
    0x0800688c   0x00000058   Data   RO          240    .constdata          master.o
    0x080068e4   0x00000200   Data   RO          296    .constdata          crc.o
    0x08006ae4   0x0000001d   Data   RO          521    .constdata          glt.o
    0x08006b01   0x00000007   PAD
    0x08006b08   0x00000038   Data   RO          683    .constdata          m_ws.l(log.o)
    0x08006b40   0x00000008   Data   RO          727    .constdata          m_ws.l(qnan.o)
    0x08006b48   0x00000020   Data   RO          730    Region$$Table       anon$$obj.o


    Execution Region RW_IRAM1 (Base: 0x20000000, Size: 0x00004050, Max: 0x00005000, ABSOLUTE, COMPRESSED[0x000000ec])

    Base Addr    Size         Type   Attr      Idx    E Section Name        Object

    0x20000000   0x00000014   Data   RW          197    .data               system_stm32f10x.o
    0x20000014   0x00000004   PAD
    0x20000018   0x00001140   Data   RW          241    .data               master.o
    0x20001158   0x00000004   Data   RW          314    .data               delay.o
    0x2000115c   0x00000001   Data   RW          388    .data               motor.o
    0x2000115d   0x00000014   Data   RW          447    .data               stm32f10x_rcc.o
    0x20001171   0x00000003   PAD
    0x20001174   0x00000004   Data   RW          714    .data               mc_w.l(errno.o)
    0x20001178   0x00002ad8   Zero   RW          239    .bss                master.o
    0x20003c50   0x00000400   Zero   RW          415    STACK               startup_stm32f10x_md.o


==============================================================================

Image component sizes


      Code (inc. data)   RO Data    RW Data    ZI Data      Debug   Object Name

        56          8        512          0          0       1008   crc.o
       212         18          0          4          0        955   delay.o
      2788          0          0          0          0       2192   fitting_algorithm.o
       424         20         29          0          0       1868   glt.o
       562          0          0          0          0       3058   i2c_ee.o
        80          4          0          0          0     251619   main.o
      7848        680         88       4416      10968      22026   master.o
       220         22          0          0          0       1733   misc.o
       564         28          0          1          0       1406   motor.o
       712         18          0          0          0       2036   new_i2c_ee.o
      2060         56          0          0          0       5214   sht20.o
        72          8          0          0          0        615   shutter.o
        36          8        236          0       1024        760   startup_stm32f10x_md.o
       860         38          0          0          0       5577   stm32f10x_gpio.o
        26          0          0          0          0     202786   stm32f10x_it.o
       932         36          0         20          0       8716   stm32f10x_rcc.o
      3610         88          0          0          0      22064   stm32f10x_tim.o
      1032         22          0          0          0       8304   stm32f10x_usart.o
         0          0          0          0          0         32   sys.o
       480         38          0         20          0       1635   system_stm32f10x.o
       132          0          0          0          0        843   timer.o
       244         10          0          0          0       1110   usart.o

    ----------------------------------------------------------------------
     22956       1102        904       4468      11992     545557   Object Totals
         0          0         32          0          0          0   (incl. Generated)
         6          0          7          7          0          0   (incl. Padding)

    ----------------------------------------------------------------------

      Code (inc. data)   RO Data    RW Data    ZI Data      Debug   Library Member Name

        34          4          0          0          0        204   dunder.o
       860         52         56          0          0        256   log.o
       228         30          0          0          0        120   log10.o
       170          0          0          0          0         96   poly.o
         0          0          8          0          0          0   qnan.o
        86          0          0          0          0          0   __dczerorl2.o
         0          0          0          0          0          0   entry.o
         0          0          0          0          0          0   entry10a.o
         0          0          0          0          0          0   entry11a.o
         8          4          0          0          0          0   entry2.o
         4          0          0          0          0          0   entry5.o
         0          0          0          0          0          0   entry7b.o
         0          0          0          0          0          0   entry8b.o
         8          4          0          0          0          0   entry9a.o
        12          6          0          4          0         68   errno.o
        30          0          0          0          0          0   handlers.o
        36          8          0          0          0         68   init.o
         0          0          0          0          0          0   iusefp.o
        30          0          0          0          0         68   llshl.o
        36          0          0          0          0         68   llsshr.o
        32          0          0          0          0         68   llushr.o
        36          0          0          0          0         68   memcpya.o
        36          0          0          0          0        108   memseta.o
        48          0          0          0          0         68   cdcmple.o
        48          0          0          0          0         68   cdrcmple.o
        20          0          0          0          0         68   cfrcmple.o
        56          0          0          0          0         88   d2f.o
       334          0          0          0          0        148   dadd.o
       222          0          0          0          0        100   ddiv.o
       186          0          0          0          0        176   depilogue.o
        50          0          0          0          0         76   dfixui.o
        34          0          0          0          0         76   dflti.o
        26          0          0          0          0         76   dfltui.o
       228          0          0          0          0         96   dmul.o
        46          0          0          0          0         80   dscalb.o
        38          0          0          0          0         68   f2d.o
       176          0          0          0          0        140   fadd.o
       124          0          0          0          0         88   fdiv.o
       110          0          0          0          0        168   fepilogue.o
        50          0          0          0          0         68   ffixi.o
        18          0          0          0          0         68   fflti.o
        10          0          0          0          0         68   ffltui.o
       100          0          0          0          0         76   fmul.o

    ----------------------------------------------------------------------
      3572        108         64          4          0       3056   Library Totals
         2          0          0          0          0          0   (incl. Padding)

    ----------------------------------------------------------------------

      Code (inc. data)   RO Data    RW Data    ZI Data      Debug   Library Name

      1292         86         64          0          0        676   m_ws.l
       354         22          0          4          0        516   mc_w.l
      1924          0          0          0          0       1864   mf_w.l

    ----------------------------------------------------------------------
      3572        108         64          4          0       3056   Library Totals

    ----------------------------------------------------------------------

==============================================================================


      Code (inc. data)   RO Data    RW Data    ZI Data      Debug   

     26528       1210        968       4472      11992     545673   Grand Totals
     26528       1210        968        236      11992     545673   ELF Image Totals (compressed)
     26528       1210        968        236          0          0   ROM Totals

==============================================================================

    Total RO  Size (Code + RO Data)                27496 (  26.85kB)
    Total RW  Size (RW Data + ZI Data)             16464 (  16.08kB)
    Total ROM Size (Code + RO Data + RW Data)      27732 (  27.08kB)

==============================================================================

