Component: ARM Compiler 5.05 update 2 (build 169) Tool: armlink [4d0f33]

==============================================================================

Section Cross References

    main.o(.text) refers to system_stm32f10x.o(.text) for SystemInit
    main.o(.text) refers to misc.o(.text) for NVIC_PriorityGroupConfig
    main.o(.text) refers to shutter.o(.text) for Shutter_Init
    main.o(.text) refers to delay.o(.text) for delay_init
    main.o(.text) refers to usart.o(.text) for SP_USART_Config
    main.o(.text) refers to master.o(.text) for RS485_Init
    main.o(.text) refers to sht20.o(.text) for SHT_IIC_Init
    main.o(.text) refers to timer.o(.text) for GENERAL_TIM_Init
    main.o(.text) refers to i2c_ee.o(.text) for AT24CXX_Init
    main.o(.text) refers to motor.o(.text) for Motor_Init
    main.o(.text) refers to iwdg.o(.text) for IWDG_Config
    main.o(.text) refers to master.o(.data) for timeFlag
    system_stm32f10x.o(.text) refers to system_stm32f10x.o(.data) for SystemCoreClock
    led.o(.text) refers to stm32f10x_rcc.o(.text) for RCC_APB2PeriphClockCmd
    led.o(.text) refers to stm32f10x_gpio.o(.text) for GPIO_Init
    key.o(.text) refers to stm32f10x_rcc.o(.text) for RCC_APB2PeriphClockCmd
    key.o(.text) refers to stm32f10x_gpio.o(.text) for GPIO_Init
    master.o(.text) refers to stm32f10x_usart.o(.text) for USART_GetFlagStatus
    master.o(.text) refers to fitting_algorithm.o(.text) for Fitting_WaveLength
    master.o(.text) refers to crc.o(.text) for CRC_Compute
    master.o(.text) refers to master.o(.data) for TX_RX_SET
    master.o(.text) refers to master.o(.bss) for waveLengthData
    master.o(.text) refers to stm32f10x_tim.o(.text) for TIM_GetITStatus
    master.o(.text) refers to i2c_ee.o(.text) for AT24CXX_Read
    master.o(.text) refers to dfltui.o(.text) for __aeabi_ui2d
    master.o(.text) refers to ddiv.o(.text) for __aeabi_ddiv
    master.o(.text) refers to dmul.o(.text) for __aeabi_dmul
    master.o(.text) refers to delay.o(.text) for delay_ms
    master.o(.text) refers to memseta.o(.text) for __aeabi_memclr4
    master.o(.text) refers to glt.o(.text) for SP_Open_Light
    master.o(.text) refers to master.o(.constdata) for .constdata
    master.o(.text) refers to shutter.o(.text) for Set_shutter
    master.o(.text) refers to fmul.o(.text) for __aeabi_fmul
    master.o(.text) refers to ffixui.o(.text) for __aeabi_f2uiz
    master.o(.text) refers to stm32f10x_rcc.o(.text) for RCC_APB1PeriphClockCmd
    master.o(.text) refers to misc.o(.text) for NVIC_Init
    master.o(.text) refers to stm32f10x_gpio.o(.text) for GPIO_Init
    master.o(.text) refers to motor.o(.text) for Motor_move
    master.o(.text) refers to sht20.o(.text) for SHT2x_GetTempPoll1
    master.o(.text) refers to ffixi.o(.text) for __aeabi_f2iz
    master.o(.text) refers to cdcmple.o(.text) for __aeabi_cdcmple
    master.o(.text) refers to dfixui.o(.text) for __aeabi_d2uiz
    master.o(.text) refers to dflti.o(.text) for __aeabi_i2d
    master.o(.text) refers to memcpya.o(.text) for __aeabi_memcpy4
    master.o(.text) refers to cdrcmple.o(.text) for __aeabi_cdrcmple
    master.o(.text) refers to dadd.o(.text) for __aeabi_dsub
    master.o(.text) refers to log10.o(i.log10) for log10
    master.o(.text) refers to cfrcmple.o(.text) for __aeabi_cfrcmple
    master.o(.text) refers to fadd.o(.text) for __aeabi_fsub
    master.o(.text) refers to f2d.o(.text) for __aeabi_f2d
    timer.o(.text) refers to misc.o(.text) for NVIC_Init
    timer.o(.text) refers to stm32f10x_rcc.o(.text) for RCC_APB1PeriphClockCmd
    timer.o(.text) refers to stm32f10x_tim.o(.text) for TIM_TimeBaseInit
    iwdg.o(.text) refers to stm32f10x_iwdg.o(.text) for IWDG_WriteAccessCmd
    crc.o(.text) refers to crc.o(.constdata) for auchCRCHi
    delay.o(.text) refers to misc.o(.text) for SysTick_CLKSourceConfig
    delay.o(.text) refers to system_stm32f10x.o(.data) for SystemCoreClock
    delay.o(.text) refers to delay.o(.data) for fac_us
    usart.o(.text) refers to stm32f10x_rcc.o(.text) for RCC_APB2PeriphClockCmd
    usart.o(.text) refers to stm32f10x_gpio.o(.text) for GPIO_Init
    usart.o(.text) refers to stm32f10x_usart.o(.text) for USART_DeInit
    usart.o(.text) refers to misc.o(.text) for NVIC_Init
    shutter.o(.text) refers to stm32f10x_rcc.o(.text) for RCC_APB2PeriphClockCmd
    shutter.o(.text) refers to stm32f10x_gpio.o(.text) for GPIO_Init
    sht20.o(.text) refers to stm32f10x_rcc.o(.text) for RCC_APB2PeriphClockCmd
    sht20.o(.text) refers to stm32f10x_gpio.o(.text) for GPIO_Init
    sht20.o(.text) refers to delay.o(.text) for delay_us
    sht20.o(.text) refers to ffltui.o(.text) for __aeabi_ui2f
    sht20.o(.text) refers to f2d.o(.text) for __aeabi_f2d
    sht20.o(.text) refers to dmul.o(.text) for __aeabi_dmul
    sht20.o(.text) refers to dadd.o(.text) for __aeabi_dsub
    sht20.o(.text) refers to d2f.o(.text) for __aeabi_d2f
    motor.o(.text) refers to stm32f10x_rcc.o(.text) for RCC_APB2PeriphClockCmd
[...]
    entry.o(.ARM.Collect$$$$00000000) refers (Special) to entry11a.o(.ARM.Collect$$$$0000000F) for __rt_final_exit
    entry.o(.ARM.Collect$$$$00000000) refers (Special) to entry7b.o(.ARM.Collect$$$$00000008) for _main_clock
    entry.o(.ARM.Collect$$$$00000000) refers (Special) to entry8b.o(.ARM.Collect$$$$0000000A) for _main_cpp_init
    entry.o(.ARM.Collect$$$$00000000) refers (Special) to entry9a.o(.ARM.Collect$$$$0000000B) for _main_init
    entry.o(.ARM.Collect$$$$00000000) refers (Special) to entry5.o(.ARM.Collect$$$$00000004) for _main_scatterload
    entry.o(.ARM.Collect$$$$00000000) refers (Special) to entry2.o(.ARM.Collect$$$$00000001) for _main_stk
    fadd.o(.text) refers (Special) to iusefp.o(.text) for __I$use$fp
    fadd.o(.text) refers to fepilogue.o(.text) for _float_epilogue
    fmul.o(.text) refers (Special) to iusefp.o(.text) for __I$use$fp
    fdiv.o(.text) refers (Special) to iusefp.o(.text) for __I$use$fp
    fdiv.o(.text) refers to fepilogue.o(.text) for _float_round
    dadd.o(.text) refers (Special) to iusefp.o(.text) for __I$use$fp
    dadd.o(.text) refers to llshl.o(.text) for __aeabi_llsl
    dadd.o(.text) refers to llsshr.o(.text) for __aeabi_lasr
    dadd.o(.text) refers to depilogue.o(.text) for _double_epilogue
    dmul.o(.text) refers (Special) to iusefp.o(.text) for __I$use$fp
    dmul.o(.text) refers to depilogue.o(.text) for _double_epilogue
    ddiv.o(.text) refers (Special) to iusefp.o(.text) for __I$use$fp
    ddiv.o(.text) refers to depilogue.o(.text) for _double_round
    fflti.o(.text) refers (Special) to iusefp.o(.text) for __I$use$fp
    fflti.o(.text) refers to fepilogue.o(.text) for _float_epilogue
    ffltui.o(.text) refers (Special) to iusefp.o(.text) for __I$use$fp
    ffltui.o(.text) refers to fepilogue.o(.text) for _float_epilogue
    dflti.o(.text) refers (Special) to iusefp.o(.text) for __I$use$fp
    dflti.o(.text) refers to depilogue.o(.text) for _double_epilogue
    dfltui.o(.text) refers (Special) to iusefp.o(.text) for __I$use$fp
    dfltui.o(.text) refers to depilogue.o(.text) for _double_epilogue
    ffixi.o(.text) refers (Special) to iusefp.o(.text) for __I$use$fp
    ffixui.o(.text) refers (Special) to iusefp.o(.text) for __I$use$fp
    dfixui.o(.text) refers (Special) to iusefp.o(.text) for __I$use$fp
    dfixui.o(.text) refers to llushr.o(.text) for __aeabi_llsr
    f2d.o(.text) refers (Special) to iusefp.o(.text) for __I$use$fp
    cdcmple.o(.text) refers (Special) to iusefp.o(.text) for __I$use$fp
    cdrcmple.o(.text) refers (Special) to iusefp.o(.text) for __I$use$fp
    d2f.o(.text) refers (Special) to iusefp.o(.text) for __I$use$fp
    d2f.o(.text) refers to fepilogue.o(.text) for _float_round
    cfrcmple.o(.text) refers (Special) to iusefp.o(.text) for __I$use$fp
    dunder.o(i.__mathlib_dbl_divzero) refers to ddiv.o(.text) for __aeabi_ddiv
    dunder.o(i.__mathlib_dbl_infnan) refers to dscalb.o(.text) for __ARM_scalbn
    dunder.o(i.__mathlib_dbl_infnan2) refers to dadd.o(.text) for __aeabi_dadd
    dunder.o(i.__mathlib_dbl_invalid) refers to ddiv.o(.text) for __aeabi_ddiv
    dunder.o(i.__mathlib_dbl_overflow) refers to dscalb.o(.text) for __ARM_scalbn
    dunder.o(i.__mathlib_dbl_posinfnan) refers to dmul.o(.text) for __aeabi_dmul
    dunder.o(i.__mathlib_dbl_underflow) refers to dscalb.o(.text) for __ARM_scalbn
    log.o(i.__softfp_log) refers (Special) to iusefp.o(.text) for __I$use$fp
    log.o(i.__softfp_log) refers to log.o(i.log) for log
    log.o(i.log) refers (Special) to iusefp.o(.text) for __I$use$fp
    log.o(i.log) refers to dunder.o(i.__mathlib_dbl_infnan) for __mathlib_dbl_infnan
    log.o(i.log) refers to errno.o(i.__set_errno) for __set_errno
    log.o(i.log) refers to dunder.o(i.__mathlib_dbl_invalid) for __mathlib_dbl_invalid
    log.o(i.log) refers to dunder.o(i.__mathlib_dbl_divzero) for __mathlib_dbl_divzero
    log.o(i.log) refers to dscalb.o(.text) for __ARM_scalbn
    log.o(i.log) refers to dadd.o(.text) for __aeabi_dsub
    log.o(i.log) refers to cdcmple.o(.text) for __aeabi_cdcmpeq
    log.o(i.log) refers to dflti.o(.text) for __aeabi_i2d
    log.o(i.log) refers to dmul.o(.text) for __aeabi_dmul
    log.o(i.log) refers to ddiv.o(.text) for __aeabi_ddiv
    log.o(i.log) refers to poly.o(i.__kernel_poly) for __kernel_poly
    log.o(i.log) refers to qnan.o(.constdata) for __mathlib_zero
    log.o(i.log) refers to log.o(.constdata) for .constdata
    log.o(.constdata) refers (Special) to iusefp.o(.text) for __I$use$fp
    log_x.o(i.____softfp_log$lsc) refers (Special) to iusefp.o(.text) for __I$use$fp
    log_x.o(i.____softfp_log$lsc) refers to log_x.o(i.__log$lsc) for __log$lsc
    log_x.o(i.__log$lsc) refers (Special) to iusefp.o(.text) for __I$use$fp
    log_x.o(i.__log$lsc) refers to dunder.o(i.__mathlib_dbl_infnan) for __mathlib_dbl_infnan
    log_x.o(i.__log$lsc) refers to errno.o(i.__set_errno) for __set_errno
    log_x.o(i.__log$lsc) refers to dscalb.o(.text) for __ARM_scalbn
    log_x.o(i.__log$lsc) refers to dadd.o(.text) for __aeabi_dsub
    log_x.o(i.__log$lsc) refers to cdcmple.o(.text) for __aeabi_cdcmpeq
    log_x.o(i.__log$lsc) refers to dflti.o(.text) for __aeabi_i2d
    log_x.o(i.__log$lsc) refers to dmul.o(.text) for __aeabi_dmul
    log_x.o(i.__log$lsc) refers to ddiv.o(.text) for __aeabi_ddiv
    log_x.o(i.__log$lsc) refers to poly.o(i.__kernel_poly) for __kernel_poly
    log_x.o(i.__log$lsc) refers to qnan.o(.constdata) for __mathlib_zero
    log_x.o(i.__log$lsc) refers to log_x.o(.constdata) for .constdata
    log_x.o(.constdata) refers (Special) to iusefp.o(.text) for __I$use$fp
    entry2.o(.ARM.Collect$$$$00000001) refers to entry2.o(.ARM.Collect$$$$00002712) for __lit__00000000
    entry2.o(.ARM.Collect$$$$00002712) refers to startup_stm32f10x_md.o(STACK) for __initial_sp
    entry2.o(__vectab_stack_and_reset_area) refers to startup_stm32f10x_md.o(STACK) for __initial_sp
    entry2.o(__vectab_stack_and_reset_area) refers to entry.o(.ARM.Collect$$$$00000000) for __main
    entry5.o(.ARM.Collect$$$$00000004) refers to init.o(.text) for __scatterload
    entry9a.o(.ARM.Collect$$$$0000000B) refers to main.o(.text) for main
    entry9b.o(.ARM.Collect$$$$0000000C) refers to main.o(.text) for main
    errno.o(i.__aeabi_errno_addr) refers to errno.o(.data) for .data
    errno.o(i.__read_errno) refers to errno.o(.data) for .data
    errno.o(i.__set_errno) refers to errno.o(.data) for .data
    depilogue.o(.text) refers to llshl.o(.text) for __aeabi_llsl
    depilogue.o(.text) refers to llushr.o(.text) for __aeabi_llsr
    poly.o(i.__kernel_poly) refers (Special) to iusefp.o(.text) for __I$use$fp
    poly.o(i.__kernel_poly) refers to dmul.o(.text) for __aeabi_dmul
    poly.o(i.__kernel_poly) refers to dadd.o(.text) for __aeabi_dadd
    qnan.o(.constdata) refers (Special) to iusefp.o(.text) for __I$use$fp
    init.o(.text) refers to entry5.o(.ARM.Collect$$$$00000004) for __main_after_scatterload


==============================================================================

Removing Unused input sections from the image.

    Removing led.o(.text), (52 bytes).
    Removing key.o(.text), (36 bytes).
    Removing sys.o(.emb_text), (6 bytes).
    Removing sys.o(.text), (12 bytes).
    Removing core_cm3.o(.emb_text), (32 bytes).
    Removing startup_stm32f10x_md.o(HEAP), (512 bytes).
    Removing stm32f10x_i2c.o(.text), (1028 bytes).
    Removing stm32f10x_spi.o(.text), (780 bytes).
    Removing spi.o(.text), (576 bytes).
    Removing spi2.o(.text), (256 bytes).

10 unused section(s) (total 3290 bytes) removed from the image.

==============================================================================

Image Symbol Table

    Local Symbols

    Symbol Name                              Value     Ov Type        Size  Object(Section)

    ../clib/../cmprslib/zerorunl2.c          0x00000000   Number         0  __dczerorl2.o ABSOLUTE
    ../clib/microlib/errno.c                 0x00000000   Number         0  errno.o ABSOLUTE
    ../clib/microlib/init/entry.s            0x00000000   Number         0  entry10b.o ABSOLUTE
    ../clib/microlib/init/entry.s            0x00000000   Number         0  entry11b.o ABSOLUTE
    ../clib/microlib/init/entry.s            0x00000000   Number         0  entry5.o ABSOLUTE
    ../clib/microlib/init/entry.s            0x00000000   Number         0  entry11a.o ABSOLUTE
    ../clib/microlib/init/entry.s            0x00000000   Number         0  entry9b.o ABSOLUTE
    ../clib/microlib/init/entry.s            0x00000000   Number         0  entry7b.o ABSOLUTE
    ../clib/microlib/init/entry.s            0x00000000   Number         0  entry9a.o ABSOLUTE
    ../clib/microlib/init/entry.s            0x00000000   Number         0  entry8a.o ABSOLUTE
    ../clib/microlib/init/entry.s            0x00000000   Number         0  entry2.o ABSOLUTE
    ../clib/microlib/init/entry.s            0x00000000   Number         0  entry10a.o ABSOLUTE
    ../clib/microlib/init/entry.s            0x00000000   Number         0  entry7a.o ABSOLUTE
    ../clib/microlib/init/entry.s            0x00000000   Number         0  entry.o ABSOLUTE
    ../clib/microlib/init/entry.s            0x00000000   Number         0  entry8b.o ABSOLUTE
    ../clib/microlib/longlong.c              0x00000000   Number         0  llsshr.o ABSOLUTE
    ../clib/microlib/longlong.c              0x00000000   Number         0  llushr.o ABSOLUTE
    ../clib/microlib/longlong.c              0x00000000   Number         0  llshl.o ABSOLUTE
    ../clib/microlib/string/memcpy.c         0x00000000   Number         0  memcpyb.o ABSOLUTE
    ../clib/microlib/string/memcpy.c         0x00000000   Number         0  memcpya.o ABSOLUTE
    ../clib/microlib/string/memset.c         0x00000000   Number         0  memseta.o ABSOLUTE
    ../clib/microlib/stubs.s                 0x00000000   Number         0  iusefp.o ABSOLUTE
    ../fplib/microlib/d2f.c                  0x00000000   Number         0  d2f.o ABSOLUTE
    ../fplib/microlib/f2d.c                  0x00000000   Number         0  f2d.o ABSOLUTE
    ../fplib/microlib/fpadd.c                0x00000000   Number         0  dadd.o ABSOLUTE
    ../fplib/microlib/fpadd.c                0x00000000   Number         0  fadd.o ABSOLUTE
    ../fplib/microlib/fpdiv.c                0x00000000   Number         0  ddiv.o ABSOLUTE
    ../fplib/microlib/fpdiv.c                0x00000000   Number         0  fdiv.o ABSOLUTE
    ../fplib/microlib/fpepilogue.c           0x00000000   Number         0  depilogue.o ABSOLUTE
    ../fplib/microlib/fpepilogue.c           0x00000000   Number         0  fepilogue.o ABSOLUTE
    ../fplib/microlib/fpfix.c                0x00000000   Number         0  ffixi.o ABSOLUTE
    ../fplib/microlib/fpfix.c                0x00000000   Number         0  ffixui.o ABSOLUTE
    ../fplib/microlib/fpfix.c                0x00000000   Number         0  dfixui.o ABSOLUTE
    ../fplib/microlib/fpflt.c                0x00000000   Number         0  dfltui.o ABSOLUTE
    ../fplib/microlib/fpflt.c                0x00000000   Number         0  ffltui.o ABSOLUTE
    ../fplib/microlib/fpflt.c                0x00000000   Number         0  fflti.o ABSOLUTE
    ../fplib/microlib/fpflt.c                0x00000000   Number         0  dflti.o ABSOLUTE
    ../fplib/microlib/fpmul.c                0x00000000   Number         0  fmul.o ABSOLUTE
    ../fplib/microlib/fpmul.c                0x00000000   Number         0  dmul.o ABSOLUTE
    ../fplib/microlib/fpscalb.c              0x00000000   Number         0  dscalb.o ABSOLUTE
    ../mathlib/dunder.c                      0x00000000   Number         0  dunder.o ABSOLUTE
    ../mathlib/log.c                         0x00000000   Number         0  log_x.o ABSOLUTE
    ../mathlib/log.c                         0x00000000   Number         0  log.o ABSOLUTE
    ../mathlib/log10.c                       0x00000000   Number         0  log10.o ABSOLUTE
    ../mathlib/log10.c                       0x00000000   Number         0  log10_x.o ABSOLUTE
    ../mathlib/poly.c                        0x00000000   Number         0  poly.o ABSOLUTE
    ../mathlib/qnan.c                        0x00000000   Number         0  qnan.o ABSOLUTE
    ..\CORE\core_cm3.c                       0x00000000   Number         0  core_cm3.o ABSOLUTE
    ..\CORE\startup_stm32f10x_md.s           0x00000000   Number         0  startup_stm32f10x_md.o ABSOLUTE
    ..\EEPROM\i2c_ee.c                       0x00000000   Number         0  i2c_ee.o ABSOLUTE
    ..\HARDWARE\KEY\key.c                    0x00000000   Number         0  key.o ABSOLUTE
    ..\HARDWARE\LED\led.c                    0x00000000   Number         0  led.o ABSOLUTE
    ..\HARDWARE\MODBUS_MASTER\master.c       0x00000000   Number         0  master.o ABSOLUTE
    ..\HARDWARE\TIMER\timer.c                0x00000000   Number         0  timer.o ABSOLUTE
    ..\SPI2\spi2.c                           0x00000000   Number         0  spi2.o ABSOLUTE
    ..\SPI\spi.c                             0x00000000   Number         0  spi.o ABSOLUTE
    ..\STM32F10x_FWLib\src\misc.c            0x00000000   Number         0  misc.o ABSOLUTE
    ..\STM32F10x_FWLib\src\stm32f10x_gpio.c  0x00000000   Number         0  stm32f10x_gpio.o ABSOLUTE
    ..\STM32F10x_FWLib\src\stm32f10x_i2c.c   0x00000000   Number         0  stm32f10x_i2c.o ABSOLUTE
    ..\STM32F10x_FWLib\src\stm32f10x_iwdg.c  0x00000000   Number         0  stm32f10x_iwdg.o ABSOLUTE
    ..\STM32F10x_FWLib\src\stm32f10x_rcc.c   0x00000000   Number         0  stm32f10x_rcc.o ABSOLUTE
    ..\STM32F10x_FWLib\src\stm32f10x_spi.c   0x00000000   Number         0  stm32f10x_spi.o ABSOLUTE
    ..\STM32F10x_FWLib\src\stm32f10x_tim.c   0x00000000   Number         0  stm32f10x_tim.o ABSOLUTE
    ..\STM32F10x_FWLib\src\stm32f10x_usart.c 0x00000000   Number         0  stm32f10x_usart.o ABSOLUTE
    ..\SYSTEM\delay\delay.c                  0x00000000   Number         0  delay.o ABSOLUTE
    ..\SYSTEM\sys\sys.c                      0x00000000   Number         0  sys.o ABSOLUTE
    ..\SYSTEM\usart\usart.c                  0x00000000   Number         0  usart.o ABSOLUTE
    ..\\CORE\\core_cm3.c                     0x00000000   Number         0  core_cm3.o ABSOLUTE
    ..\\SYSTEM\\sys\\sys.c                   0x00000000   Number         0  sys.o ABSOLUTE
    GLTCON\glt.c                             0x00000000   Number         0  glt.o ABSOLUTE
    cdcmple.s                                0x00000000   Number         0  cdcmple.o ABSOLUTE
    cdrcmple.s                               0x00000000   Number         0  cdrcmple.o ABSOLUTE
    cfrcmple.s                               0x00000000   Number         0  cfrcmple.o ABSOLUTE
    crc.c                                    0x00000000   Number         0  crc.o ABSOLUTE
    dc.s                                     0x00000000   Number         0  dc.o ABSOLUTE
    fitting_algorithm.c                      0x00000000   Number         0  fitting_algorithm.o ABSOLUTE
    handlers.s                               0x00000000   Number         0  handlers.o ABSOLUTE
    init.s                                   0x00000000   Number         0  init.o ABSOLUTE
    iwdg.c                                   0x00000000   Number         0  iwdg.o ABSOLUTE
    main.c                                   0x00000000   Number         0  main.o ABSOLUTE
    motor.c                                  0x00000000   Number         0  motor.o ABSOLUTE
    new_i2c_ee.c                             0x00000000   Number         0  new_i2c_ee.o ABSOLUTE
    sht20.c                                  0x00000000   Number         0  sht20.o ABSOLUTE
    shutter.c                                0x00000000   Number         0  shutter.o ABSOLUTE
    stm32f10x_it.c                           0x00000000   Number         0  stm32f10x_it.o ABSOLUTE
    system_stm32f10x.c                       0x00000000   Number         0  system_stm32f10x.o ABSOLUTE
    RESET                                    0x08000000   Section      236  startup_stm32f10x_md.o(RESET)
    .ARM.Collect$$$$00000000                 0x080000ec   Section        0  entry.o(.ARM.Collect$$$$00000000)
    .ARM.Collect$$$$00000001                 0x080000ec   Section        4  entry2.o(.ARM.Collect$$$$00000001)
    .ARM.Collect$$$$00000004                 0x080000f0   Section        4  entry5.o(.ARM.Collect$$$$00000004)
    .ARM.Collect$$$$00000008                 0x080000f4   Section        0  entry7b.o(.ARM.Collect$$$$00000008)
    .ARM.Collect$$$$0000000A                 0x080000f4   Section        0  entry8b.o(.ARM.Collect$$$$0000000A)
    .ARM.Collect$$$$0000000B                 0x080000f4   Section        8  entry9a.o(.ARM.Collect$$$$0000000B)
    .ARM.Collect$$$$0000000D                 0x080000fc   Section        0  entry10a.o(.ARM.Collect$$$$0000000D)
    .ARM.Collect$$$$0000000F                 0x080000fc   Section        0  entry11a.o(.ARM.Collect$$$$0000000F)
    .ARM.Collect$$$$00002712                 0x080000fc   Section        4  entry2.o(.ARM.Collect$$$$00002712)
    __lit__00000000                          0x080000fc   Data           4  entry2.o(.ARM.Collect$$$$00002712)
    .text                                    0x08000100   Section        0  main.o(.text)
    .text                                    0x08000188   Section        0  stm32f10x_it.o(.text)
    .text                                    0x080001a4   Section        0  system_stm32f10x.o(.text)
    SetSysClockTo72                          0x080001a5   Thumb Code   214  system_stm32f10x.o(.text)
    SetSysClock                              0x0800027b   Thumb Code     8  system_stm32f10x.o(.text)
    .text                                    0x08000384   Section        0  master.o(.text)
    .text                                    0x08002d6c   Section        0  timer.o(.text)
    GENERAL_TIM_NVIC_Config                  0x08002d6d   Thumb Code    34  timer.o(.text)
    GENERAL_TIM_Mode_Config                  0x08002d8f   Thumb Code    82  timer.o(.text)
    .text                                    0x08002df0   Section        0  iwdg.o(.text)
    .text                                    0x08002e18   Section        0  crc.o(.text)
    .text                                    0x08002e50   Section        0  delay.o(.text)
    .text                                    0x08002f24   Section        0  usart.o(.text)
    .text                                    0x08003018   Section        0  shutter.o(.text)
    .text                                    0x08003058   Section        0  sht20.o(.text)
    .text                                    0x08003864   Section        0  motor.o(.text)
    .text                                    0x08003a9c   Section       36  startup_stm32f10x_md.o(.text)
    .text                                    0x08003ac0   Section        0  misc.o(.text)
    .text                                    0x08003b9c   Section        0  stm32f10x_gpio.o(.text)
    .text                                    0x08003ef8   Section        0  stm32f10x_rcc.o(.text)
    .text                                    0x0800429c   Section        0  stm32f10x_usart.o(.text)
    .text                                    0x080046a4   Section        0  stm32f10x_tim.o(.text)
    TI4_Config                               0x08004b4b   Thumb Code   130  stm32f10x_tim.o(.text)
    TI3_Config                               0x08004bdf   Thumb Code   122  stm32f10x_tim.o(.text)
    TI2_Config                               0x08004c73   Thumb Code   130  stm32f10x_tim.o(.text)
    TI1_Config                               0x08004d07   Thumb Code   108  stm32f10x_tim.o(.text)
    .text                                    0x080054c0   Section        0  stm32f10x_iwdg.o(.text)
    .text                                    0x08005500   Section        0  glt.o(.text)
    .text                                    0x080056d0   Section        0  i2c_ee.o(.text)
    .text                                    0x08005904   Section        0  new_i2c_ee.o(.text)
    .text                                    0x08005bcc   Section        0  fitting_algorithm.o(.text)
    .text                                    0x08006ae6   Section        0  memcpya.o(.text)
    .text                                    0x08006b0a   Section        0  memseta.o(.text)
    .text                                    0x08006b2e   Section        0  fadd.o(.text)
    .text                                    0x08006bde   Section        0  fmul.o(.text)
    .text                                    0x08006c42   Section        0  fdiv.o(.text)
    .text                                    0x08006cbe   Section        0  dadd.o(.text)
    .text                                    0x08006e0c   Section        0  dmul.o(.text)
    .text                                    0x08006ef0   Section        0  ddiv.o(.text)
    .text                                    0x08006fce   Section        0  fflti.o(.text)
    .text                                    0x08006fe0   Section        0  ffltui.o(.text)
    .text                                    0x08006fea   Section        0  dflti.o(.text)
    .text                                    0x0800700c   Section        0  dfltui.o(.text)
    .text                                    0x08007026   Section        0  ffixi.o(.text)
    .text                                    0x08007058   Section        0  ffixui.o(.text)
    .text                                    0x08007080   Section        0  dfixui.o(.text)
    .text                                    0x080070b2   Section        0  f2d.o(.text)
    .text                                    0x080070d8   Section       48  cdcmple.o(.text)
    .text                                    0x08007108   Section       48  cdrcmple.o(.text)
    .text                                    0x08007138   Section        0  d2f.o(.text)
    .text                                    0x08007170   Section       20  cfrcmple.o(.text)
    .text                                    0x08007184   Section        0  llshl.o(.text)
    .text                                    0x080071a2   Section        0  llushr.o(.text)
    .text                                    0x080071c2   Section        0  llsshr.o(.text)
    .text                                    0x080071e6   Section        0  fepilogue.o(.text)
    .text                                    0x080071e6   Section        0  iusefp.o(.text)
    .text                                    0x08007254   Section        0  depilogue.o(.text)
    .text                                    0x0800730e   Section        0  dscalb.o(.text)
    .text                                    0x0800733c   Section       36  init.o(.text)
    .text                                    0x08007360   Section        0  __dczerorl2.o(.text)
    i.__kernel_poly                          0x080073b6   Section        0  poly.o(i.__kernel_poly)
    i.__mathlib_dbl_divzero                  0x08007460   Section        0  dunder.o(i.__mathlib_dbl_divzero)
    i.__mathlib_dbl_infnan                   0x08007470   Section        0  dunder.o(i.__mathlib_dbl_infnan)
    i.__mathlib_dbl_invalid                  0x08007476   Section        0  dunder.o(i.__mathlib_dbl_invalid)
    i.__scatterload_copy                     0x08007482   Section       14  handlers.o(i.__scatterload_copy)
    i.__scatterload_null                     0x08007490   Section        2  handlers.o(i.__scatterload_null)
    i.__scatterload_zeroinit                 0x08007492   Section       14  handlers.o(i.__scatterload_zeroinit)
    i.__set_errno                            0x080074a0   Section        0  errno.o(i.__set_errno)
    i.log                                    0x080074ac   Section        0  log.o(i.log)
    i.log10                                  0x08007808   Section        0  log10.o(i.log10)
    .constdata                               0x080078ec   Section      263  master.o(.constdata)
    .constdata                               0x080079f3   Section      512  crc.o(.constdata)
    .constdata                               0x08007bf4   Section       29  glt.o(.constdata)
    .constdata                               0x08007c18   Section       56  log.o(.constdata)
    Lg2                                      0x08007c18   Data          24  log.o(.constdata)
    Lg                                       0x08007c30   Data          32  log.o(.constdata)
    .constdata                               0x08007c50   Section        8  qnan.o(.constdata)
    .data                                    0x20000000   Section       20  system_stm32f10x.o(.data)
    .data                                    0x20000018   Section     5456  master.o(.data)
    .data                                    0x20001568   Section        4  delay.o(.data)
    fac_us                                   0x20001568   Data           1  delay.o(.data)
    fac_ms                                   0x2000156a   Data           2  delay.o(.data)
    .data                                    0x2000156c   Section        1  motor.o(.data)
    .data                                    0x2000156d   Section       20  stm32f10x_rcc.o(.data)
    APBAHBPrescTable                         0x2000156d   Data          16  stm32f10x_rcc.o(.data)
    ADCPrescTable                            0x2000157d   Data           4  stm32f10x_rcc.o(.data)
    .data                                    0x20001584   Section        4  errno.o(.data)
    _errno                                   0x20001584   Data           4  errno.o(.data)
    .bss                                     0x20001588   Section    12728  master.o(.bss)
    STACK                                    0x20004740   Section     1024  startup_stm32f10x_md.o(STACK)

    Global Symbols

    Symbol Name                              Value     Ov Type        Size  Object(Section)

    BuildAttributes$$THM_ISAv4$P$D$K$B$S$PE$A:L22UL41UL21$X:L11$S22US41US21$IEEE1$IW$USESV6$~STKCKD$USESV7$~SHL$OTIME$ROPI$IEEEX$EBA8$MICROLIB$REQ8$PRES8$EABIv2 0x00000000   Number         0  anon$$obj.o ABSOLUTE
    __ARM_use_no_argv                        0x00000000   Number         0  main.o ABSOLUTE
    __cpp_initialize__aeabi_                  - Undefined Weak Reference
    __cxa_finalize                            - Undefined Weak Reference
    _clock_init                               - Undefined Weak Reference
    _microlib_exit                            - Undefined Weak Reference
    __Vectors_Size                           0x000000ec   Number         0  startup_stm32f10x_md.o ABSOLUTE
    __Vectors                                0x08000000   Data           4  startup_stm32f10x_md.o(RESET)
    __Vectors_End                            0x080000ec   Data           0  startup_stm32f10x_md.o(RESET)
    __main                                   0x080000ed   Thumb Code     0  entry.o(.ARM.Collect$$$$00000000)
    _main_stk                                0x080000ed   Thumb Code     0  entry2.o(.ARM.Collect$$$$00000001)
    _main_scatterload                        0x080000f1   Thumb Code     0  entry5.o(.ARM.Collect$$$$00000004)
    __main_after_scatterload                 0x080000f5   Thumb Code     0  entry5.o(.ARM.Collect$$$$00000004)
    _main_clock                              0x080000f5   Thumb Code     0  entry7b.o(.ARM.Collect$$$$00000008)
    _main_cpp_init                           0x080000f5   Thumb Code     0  entry8b.o(.ARM.Collect$$$$0000000A)
    _main_init                               0x080000f5   Thumb Code     0  entry9a.o(.ARM.Collect$$$$0000000B)
    __rt_final_cpp                           0x080000fd   Thumb Code     0  entry10a.o(.ARM.Collect$$$$0000000D)
    __rt_final_exit                          0x080000fd   Thumb Code     0  entry11a.o(.ARM.Collect$$$$0000000F)
    main                                     0x08000101   Thumb Code   128  main.o(.text)
    NMI_Handler                              0x08000189   Thumb Code     2  stm32f10x_it.o(.text)
    HardFault_Handler                        0x0800018b   Thumb Code     4  stm32f10x_it.o(.text)
    MemManage_Handler                        0x0800018f   Thumb Code     4  stm32f10x_it.o(.text)
    BusFault_Handler                         0x08000193   Thumb Code     4  stm32f10x_it.o(.text)
    UsageFault_Handler                       0x08000197   Thumb Code     4  stm32f10x_it.o(.text)
    SVC_Handler                              0x0800019b   Thumb Code     2  stm32f10x_it.o(.text)
    DebugMon_Handler                         0x0800019d   Thumb Code     2  stm32f10x_it.o(.text)
    PendSV_Handler                           0x0800019f   Thumb Code     2  stm32f10x_it.o(.text)
    SysTick_Handler                          0x080001a1   Thumb Code     2  stm32f10x_it.o(.text)
    SystemInit                               0x08000283   Thumb Code    78  system_stm32f10x.o(.text)
    SystemCoreClockUpdate                    0x080002d1   Thumb Code   142  system_stm32f10x.o(.text)
    RS485_SendData                           0x08000385   Thumb Code    76  master.o(.text)
    CalculateWaveLength                      0x080003d1   Thumb Code    98  master.o(.text)
    Check_SPData                             0x08000433   Thumb Code   946  master.o(.text)
    TIM2_IRQHandler                          0x080007e5   Thumb Code    54  master.o(.text)
    USART2_IRQHandler                        0x0800081b   Thumb Code    80  master.o(.text)
    getRatios                                0x0800086b   Thumb Code   302  master.o(.text)
    Write_Ratio_To_Rom                       0x08000999   Thumb Code   110  master.o(.text)
    Send_Ratio_To_USART                      0x08000a07   Thumb Code   112  master.o(.text)
    Reset_Factory_Setting                    0x08000a77   Thumb Code     2  master.o(.text)
    Set_Slave_Addr                           0x08000a79   Thumb Code    38  master.o(.text)
    Send_Slave_Addr                          0x08000a9f   Thumb Code    66  master.o(.text)
    Set_Clear_Period                         0x08000ae1   Thumb Code    64  master.o(.text)
    Set_SP_Pulse_Mode                        0x08000b21   Thumb Code    28  master.o(.text)
    Set_SP_Pulse_Time                        0x08000b3d   Thumb Code   122  master.o(.text)
    Get_SP_Pulse_Time                        0x08000bb7   Thumb Code    36  master.o(.text)
    Set_SP_IntegTime                         0x08000bdb   Thumb Code   164  master.o(.text)
    Get_SP_IntegTime                         0x08000c7f   Thumb Code    36  master.o(.text)
    Set_SP_Average_Time                      0x08000ca3   Thumb Code    28  master.o(.text)
    Get_SP_Average_Time                      0x08000cbf   Thumb Code    36  master.o(.text)
    Get_Sample_Spectrum                      0x08000ce3   Thumb Code    82  master.o(.text)
    Get_Dark_Spectrum                        0x08000d35   Thumb Code    78  master.o(.text)
    Get_Reference_Spectrum                   0x08000d83   Thumb Code    94  master.o(.text)
    Get_White_Spectrum                       0x08000de1   Thumb Code    86  master.o(.text)
    Write_DarkSp_To_Rom                      0x08000e37   Thumb Code    26  master.o(.text)
    Write_ReferenceSp_To_Rom                 0x08000e51   Thumb Code    28  master.o(.text)
    Write_WhiteSp_To_Rom                     0x08000e6d   Thumb Code    26  master.o(.text)
    Send_DarkSp_To_USART                     0x08000e87   Thumb Code    70  master.o(.text)
    Send_ReferenceSp_To_USART                0x08000ecd   Thumb Code    72  master.o(.text)
    Send_WhiteSp_To_USART                    0x08000f15   Thumb Code    70  master.o(.text)
    Send_WaveCount_To_USART                  0x08000f5b   Thumb Code   106  master.o(.text)
    Send_WaveData_To_USART                   0x08000fc5   Thumb Code   298  master.o(.text)
    Timer3_Init                              0x080010ef   Thumb Code   114  master.o(.text)
    RS485_Init                               0x08001161   Thumb Code   256  master.o(.text)
    USART1_IRQHandler                        0x08001261   Thumb Code    66  master.o(.text)
    Timer4_Init                              0x080012a3   Thumb Code   102  master.o(.text)
    Timer4_disable                           0x08001309   Thumb Code    30  master.o(.text)
    TIM4_IRQHandler                          0x08001327   Thumb Code    28  master.o(.text)
    TIM3_IRQHandler                          0x08001343   Thumb Code    40  master.o(.text)
    RS485_SendByte                           0x0800136b   Thumb Code    54  master.o(.text)
    Write_Material_Wave_To_Rom               0x080013a1   Thumb Code    70  master.o(.text)
    Set_Calc_Wave                            0x080013e7   Thumb Code   222  master.o(.text)
    Modbus_16_Solve                          0x080014c5   Thumb Code    52  master.o(.text)
    Clear_Device                             0x080014f9   Thumb Code    56  master.o(.text)
    Modbus_06_Solve                          0x08001531   Thumb Code   126  master.o(.text)
    Read_Calc_Wave                           0x080015af   Thumb Code    94  master.o(.text)
    Send_Temp_Humidity                       0x0800160d   Thumb Code   202  master.o(.text)
    Write_User_Ratios_To_Rom                 0x080016d7   Thumb Code   310  master.o(.text)
    Read_User_Set_Ratios                     0x0800180d   Thumb Code   238  master.o(.text)
    Set_All_Setting                          0x080018fb   Thumb Code   172  master.o(.text)
    Modbus_03_Solve                          0x080019a7   Thumb Code   104  master.o(.text)
    Restore_Factory_Setting                  0x08001a0f   Thumb Code     2  master.o(.text)
    Modbus_05_Solve                          0x08001a11   Thumb Code    66  master.o(.text)
    Send_Light_Mode                          0x08001a53   Thumb Code    70  master.o(.text)
    Reset_All_Setting                        0x08001a99   Thumb Code    52  master.o(.text)
    Get_All_Setting                          0x08001acd   Thumb Code   106  master.o(.text)
    Detector_Diagnosis                       0x08001b37   Thumb Code    52  master.o(.text)
    Switch_Rubber_Brush                      0x08001b6b   Thumb Code    58  master.o(.text)
    Calc_Query_Btn                           0x08001ba5   Thumb Code    52  master.o(.text)
    Process_Ratios_From_User                 0x08001bd9   Thumb Code   124  master.o(.text)
    calculateConcentration                   0x08001c55   Thumb Code   500  master.o(.text)
    Select_Concentration                     0x08001e49   Thumb Code   236  master.o(.text)
    Analysis_Btn_State                       0x08001f35   Thumb Code   258  master.o(.text)
    Modbus_01_Solve                          0x08002037   Thumb Code    36  master.o(.text)
    Modbus_02_Solve                          0x0800205b   Thumb Code     2  master.o(.text)
    RS485_RX_Service                         0x0800205d   Thumb Code   432  master.o(.text)
    Modbus_15_Solve                          0x0800220d   Thumb Code    42  master.o(.text)
    setAlarmState                            0x08002237   Thumb Code   170  master.o(.text)
    getCalibratedData                        0x080022e1   Thumb Code    86  master.o(.text)
    Send_All_Info_To_Screen                  0x08002337   Thumb Code   430  master.o(.text)
    Send_Temp_Humidity_To_Screen             0x080024e5   Thumb Code   288  master.o(.text)
    Check_Btn_State                          0x08002605   Thumb Code    50  master.o(.text)
    Send_Order_Read_Ratios                   0x08002637   Thumb Code   104  master.o(.text)
    Detctor_Calibration                      0x0800269f   Thumb Code    52  master.o(.text)
    Start_Darw                               0x080026d3   Thumb Code    52  master.o(.text)
    Stop_Draw                                0x08002707   Thumb Code    58  master.o(.text)
    CalculateValue                           0x08002741   Thumb Code   596  master.o(.text)
    calculateCalibrationRatios               0x08002995   Thumb Code     2  master.o(.text)
    getRatios_Sample                         0x08002997   Thumb Code   326  master.o(.text)
    Read_220_275_Spectrum                    0x08002add   Thumb Code   436  master.o(.text)
    Init_Get_Wave                            0x08002c91   Thumb Code    42  master.o(.text)
    Init_All_Argument                        0x08002cbb   Thumb Code    86  master.o(.text)
    GENERAL_TIM_Init                         0x08002de1   Thumb Code    16  timer.o(.text)
    IWDG_Config                              0x08002df1   Thumb Code    32  iwdg.o(.text)
    IWDG_Feed                                0x08002e11   Thumb Code     8  iwdg.o(.text)
    CRC_Compute                              0x08002e19   Thumb Code    48  crc.o(.text)
    delay_init                               0x08002e51   Thumb Code    50  delay.o(.text)
    delay_us                                 0x08002e83   Thumb Code    72  delay.o(.text)
    delay_ms                                 0x08002ecb   Thumb Code    72  delay.o(.text)
    SP_USART_Config                          0x08002f25   Thumb Code   176  usart.o(.text)
    SP_SendData                              0x08002fd5   Thumb Code    58  usart.o(.text)
    Shutter_Init                             0x08003019   Thumb Code    48  shutter.o(.text)
    Set_shutter                              0x08003049   Thumb Code     6  shutter.o(.text)
    SHT_IIC_Init                             0x08003059   Thumb Code    64  sht20.o(.text)
    SHT1_IIC_Start                           0x08003099   Thumb Code    78  sht20.o(.text)
    SHT2_IIC_Start                           0x080030e7   Thumb Code    78  sht20.o(.text)
    SHT1_IIC_Stop                            0x08003135   Thumb Code    72  sht20.o(.text)
    SHT2_IIC_Stop                            0x0800317d   Thumb Code    76  sht20.o(.text)
    SHT1_IIC_Wait_Ack                        0x080031c9   Thumb Code    90  sht20.o(.text)
    SHT2_IIC_Wait_Ack                        0x08003223   Thumb Code    92  sht20.o(.text)
    SHT1_IIC_Ack                             0x0800327f   Thumb Code    70  sht20.o(.text)
    SHT2_IIC_Ack                             0x080032c5   Thumb Code    74  sht20.o(.text)
    SHT1_IIC_NAck                            0x0800330f   Thumb Code    70  sht20.o(.text)
    SHT2_IIC_NAck                            0x08003355   Thumb Code    74  sht20.o(.text)
    SHT1_IIC_Send_Byte                       0x0800339f   Thumb Code    94  sht20.o(.text)
    SHT2_IIC_Send_Byte                       0x080033fd   Thumb Code   112  sht20.o(.text)
    SHT1_IIC_Read_Byte                       0x0800346d   Thumb Code    98  sht20.o(.text)
    SHT2_IIC_Read_Byte                       0x080034cf   Thumb Code   100  sht20.o(.text)
    SHT2x_SoftReset                          0x08003533   Thumb Code    72  sht20.o(.text)
    SHT2x_Init                               0x0800357b   Thumb Code    16  sht20.o(.text)
    SHT2x_GetTempPoll1                       0x0800358b   Thumb Code   172  sht20.o(.text)
    SHT2x_GetTempPoll2                       0x08003637   Thumb Code   172  sht20.o(.text)
    SHT2x_GetHumiPoll1                       0x080036e3   Thumb Code   172  sht20.o(.text)
    SHT2x_GetHumiPoll2                       0x0800378f   Thumb Code   172  sht20.o(.text)
    Dis_check_Init                           0x08003865   Thumb Code   106  motor.o(.text)
    Motor_Init                               0x080038cf   Thumb Code    76  motor.o(.text)
    Motor_move                               0x0800391b   Thumb Code   336  motor.o(.text)
    dischek                                  0x08003a6b   Thumb Code    22  motor.o(.text)
    Reset_Handler                            0x08003a9d   Thumb Code     8  startup_stm32f10x_md.o(.text)
    ADC1_2_IRQHandler                        0x08003ab7   Thumb Code     0  startup_stm32f10x_md.o(.text)
    CAN1_RX1_IRQHandler                      0x08003ab7   Thumb Code     0  startup_stm32f10x_md.o(.text)
    CAN1_SCE_IRQHandler                      0x08003ab7   Thumb Code     0  startup_stm32f10x_md.o(.text)
    DMA1_Channel1_IRQHandler                 0x08003ab7   Thumb Code     0  startup_stm32f10x_md.o(.text)
    DMA1_Channel2_IRQHandler                 0x08003ab7   Thumb Code     0  startup_stm32f10x_md.o(.text)
    DMA1_Channel3_IRQHandler                 0x08003ab7   Thumb Code     0  startup_stm32f10x_md.o(.text)
    DMA1_Channel4_IRQHandler                 0x08003ab7   Thumb Code     0  startup_stm32f10x_md.o(.text)
    DMA1_Channel5_IRQHandler                 0x08003ab7   Thumb Code     0  startup_stm32f10x_md.o(.text)
    DMA1_Channel6_IRQHandler                 0x08003ab7   Thumb Code     0  startup_stm32f10x_md.o(.text)
    DMA1_Channel7_IRQHandler                 0x08003ab7   Thumb Code     0  startup_stm32f10x_md.o(.text)
    EXTI0_IRQHandler                         0x08003ab7   Thumb Code     0  startup_stm32f10x_md.o(.text)
    EXTI15_10_IRQHandler                     0x08003ab7   Thumb Code     0  startup_stm32f10x_md.o(.text)
    EXTI1_IRQHandler                         0x08003ab7   Thumb Code     0  startup_stm32f10x_md.o(.text)
    EXTI2_IRQHandler                         0x08003ab7   Thumb Code     0  startup_stm32f10x_md.o(.text)
    EXTI3_IRQHandler                         0x08003ab7   Thumb Code     0  startup_stm32f10x_md.o(.text)
    EXTI4_IRQHandler                         0x08003ab7   Thumb Code     0  startup_stm32f10x_md.o(.text)
    EXTI9_5_IRQHandler                       0x08003ab7   Thumb Code     0  startup_stm32f10x_md.o(.text)
    FLASH_IRQHandler                         0x08003ab7   Thumb Code     0  startup_stm32f10x_md.o(.text)
    I2C1_ER_IRQHandler                       0x08003ab7   Thumb Code     0  startup_stm32f10x_md.o(.text)
    I2C1_EV_IRQHandler                       0x08003ab7   Thumb Code     0  startup_stm32f10x_md.o(.text)
    I2C2_ER_IRQHandler                       0x08003ab7   Thumb Code     0  startup_stm32f10x_md.o(.text)
    I2C2_EV_IRQHandler                       0x08003ab7   Thumb Code     0  startup_stm32f10x_md.o(.text)
    PVD_IRQHandler                           0x08003ab7   Thumb Code     0  startup_stm32f10x_md.o(.text)
    RCC_IRQHandler                           0x08003ab7   Thumb Code     0  startup_stm32f10x_md.o(.text)
    RTCAlarm_IRQHandler                      0x08003ab7   Thumb Code     0  startup_stm32f10x_md.o(.text)
    RTC_IRQHandler                           0x08003ab7   Thumb Code     0  startup_stm32f10x_md.o(.text)
    SPI1_IRQHandler                          0x08003ab7   Thumb Code     0  startup_stm32f10x_md.o(.text)
    SPI2_IRQHandler                          0x08003ab7   Thumb Code     0  startup_stm32f10x_md.o(.text)
    TAMPER_IRQHandler                        0x08003ab7   Thumb Code     0  startup_stm32f10x_md.o(.text)
    TIM1_BRK_IRQHandler                      0x08003ab7   Thumb Code     0  startup_stm32f10x_md.o(.text)
    TIM1_CC_IRQHandler                       0x08003ab7   Thumb Code     0  startup_stm32f10x_md.o(.text)
    TIM1_TRG_COM_IRQHandler                  0x08003ab7   Thumb Code     0  startup_stm32f10x_md.o(.text)
    TIM1_UP_IRQHandler                       0x08003ab7   Thumb Code     0  startup_stm32f10x_md.o(.text)
    USART3_IRQHandler                        0x08003ab7   Thumb Code     0  startup_stm32f10x_md.o(.text)
    USBWakeUp_IRQHandler                     0x08003ab7   Thumb Code     0  startup_stm32f10x_md.o(.text)
    USB_HP_CAN1_TX_IRQHandler                0x08003ab7   Thumb Code     0  startup_stm32f10x_md.o(.text)
    USB_LP_CAN1_RX0_IRQHandler               0x08003ab7   Thumb Code     0  startup_stm32f10x_md.o(.text)
    WWDG_IRQHandler                          0x08003ab7   Thumb Code     0  startup_stm32f10x_md.o(.text)
    NVIC_PriorityGroupConfig                 0x08003ac1   Thumb Code    10  misc.o(.text)
    NVIC_Init                                0x08003acb   Thumb Code   100  misc.o(.text)
    NVIC_SetVectorTable                      0x08003b2f   Thumb Code    14  misc.o(.text)
    NVIC_SystemLPConfig                      0x08003b3d   Thumb Code    34  misc.o(.text)
    SysTick_CLKSourceConfig                  0x08003b5f   Thumb Code    40  misc.o(.text)
    GPIO_DeInit                              0x08003b9d   Thumb Code   172  stm32f10x_gpio.o(.text)
    GPIO_AFIODeInit                          0x08003c49   Thumb Code    20  stm32f10x_gpio.o(.text)
    GPIO_Init                                0x08003c5d   Thumb Code   278  stm32f10x_gpio.o(.text)
    GPIO_StructInit                          0x08003d73   Thumb Code    16  stm32f10x_gpio.o(.text)
    GPIO_ReadInputDataBit                    0x08003d83   Thumb Code    18  stm32f10x_gpio.o(.text)
    GPIO_ReadInputData                       0x08003d95   Thumb Code     8  stm32f10x_gpio.o(.text)
    GPIO_ReadOutputDataBit                   0x08003d9d   Thumb Code    18  stm32f10x_gpio.o(.text)
    GPIO_ReadOutputData                      0x08003daf   Thumb Code     8  stm32f10x_gpio.o(.text)
    GPIO_SetBits                             0x08003db7   Thumb Code     4  stm32f10x_gpio.o(.text)
    GPIO_ResetBits                           0x08003dbb   Thumb Code     4  stm32f10x_gpio.o(.text)
    GPIO_WriteBit                            0x08003dbf   Thumb Code    10  stm32f10x_gpio.o(.text)
    GPIO_Write                               0x08003dc9   Thumb Code     4  stm32f10x_gpio.o(.text)
    GPIO_PinLockConfig                       0x08003dcd   Thumb Code    18  stm32f10x_gpio.o(.text)
    GPIO_EventOutputConfig                   0x08003ddf   Thumb Code    26  stm32f10x_gpio.o(.text)
    GPIO_EventOutputCmd                      0x08003df9   Thumb Code     6  stm32f10x_gpio.o(.text)
    GPIO_PinRemapConfig                      0x08003dff   Thumb Code   138  stm32f10x_gpio.o(.text)
    GPIO_EXTILineConfig                      0x08003e89   Thumb Code    66  stm32f10x_gpio.o(.text)
    GPIO_ETH_MediaInterfaceConfig            0x08003ecb   Thumb Code     8  stm32f10x_gpio.o(.text)
    RCC_DeInit                               0x08003ef9   Thumb Code    64  stm32f10x_rcc.o(.text)
    RCC_HSEConfig                            0x08003f39   Thumb Code    70  stm32f10x_rcc.o(.text)
    RCC_GetFlagStatus                        0x08003f7f   Thumb Code    56  stm32f10x_rcc.o(.text)
    RCC_WaitForHSEStartUp                    0x08003fb7   Thumb Code    56  stm32f10x_rcc.o(.text)
    RCC_AdjustHSICalibrationValue            0x08003fef   Thumb Code    20  stm32f10x_rcc.o(.text)
    RCC_HSICmd                               0x08004003   Thumb Code     6  stm32f10x_rcc.o(.text)
    RCC_PLLConfig                            0x08004009   Thumb Code    24  stm32f10x_rcc.o(.text)
    RCC_PLLCmd                               0x08004021   Thumb Code     6  stm32f10x_rcc.o(.text)
    RCC_SYSCLKConfig                         0x08004027   Thumb Code    18  stm32f10x_rcc.o(.text)
    RCC_GetSYSCLKSource                      0x08004039   Thumb Code    10  stm32f10x_rcc.o(.text)
    RCC_HCLKConfig                           0x08004043   Thumb Code    18  stm32f10x_rcc.o(.text)
    RCC_PCLK1Config                          0x08004055   Thumb Code    18  stm32f10x_rcc.o(.text)
    RCC_PCLK2Config                          0x08004067   Thumb Code    20  stm32f10x_rcc.o(.text)
    RCC_ITConfig                             0x0800407b   Thumb Code    26  stm32f10x_rcc.o(.text)
    RCC_USBCLKConfig                         0x08004095   Thumb Code     8  stm32f10x_rcc.o(.text)
    RCC_ADCCLKConfig                         0x0800409d   Thumb Code    18  stm32f10x_rcc.o(.text)
    RCC_LSEConfig                            0x080040af   Thumb Code    50  stm32f10x_rcc.o(.text)
    RCC_LSICmd                               0x080040e1   Thumb Code     6  stm32f10x_rcc.o(.text)
    RCC_RTCCLKConfig                         0x080040e7   Thumb Code    12  stm32f10x_rcc.o(.text)
    RCC_RTCCLKCmd                            0x080040f3   Thumb Code     8  stm32f10x_rcc.o(.text)
    RCC_GetClocksFreq                        0x080040fb   Thumb Code   192  stm32f10x_rcc.o(.text)
    RCC_AHBPeriphClockCmd                    0x080041bb   Thumb Code    26  stm32f10x_rcc.o(.text)
    RCC_APB2PeriphClockCmd                   0x080041d5   Thumb Code    26  stm32f10x_rcc.o(.text)
    RCC_APB1PeriphClockCmd                   0x080041ef   Thumb Code    26  stm32f10x_rcc.o(.text)
    RCC_APB2PeriphResetCmd                   0x08004209   Thumb Code    26  stm32f10x_rcc.o(.text)
    RCC_APB1PeriphResetCmd                   0x08004223   Thumb Code    26  stm32f10x_rcc.o(.text)
    RCC_BackupResetCmd                       0x0800423d   Thumb Code     8  stm32f10x_rcc.o(.text)
    RCC_ClockSecuritySystemCmd               0x08004245   Thumb Code     6  stm32f10x_rcc.o(.text)
    RCC_MCOConfig                            0x0800424b   Thumb Code     6  stm32f10x_rcc.o(.text)
    RCC_ClearFlag                            0x08004251   Thumb Code    14  stm32f10x_rcc.o(.text)
    RCC_GetITStatus                          0x0800425f   Thumb Code    20  stm32f10x_rcc.o(.text)
    RCC_ClearITPendingBit                    0x08004273   Thumb Code     6  stm32f10x_rcc.o(.text)
    USART_DeInit                             0x0800429d   Thumb Code   134  stm32f10x_usart.o(.text)
    USART_Init                               0x08004323   Thumb Code   210  stm32f10x_usart.o(.text)
    USART_StructInit                         0x080043f5   Thumb Code    24  stm32f10x_usart.o(.text)
    USART_ClockInit                          0x0800440d   Thumb Code    34  stm32f10x_usart.o(.text)
    USART_ClockStructInit                    0x0800442f   Thumb Code    12  stm32f10x_usart.o(.text)
    USART_Cmd                                0x0800443b   Thumb Code    24  stm32f10x_usart.o(.text)
    USART_ITConfig                           0x08004453   Thumb Code    74  stm32f10x_usart.o(.text)
    USART_DMACmd                             0x0800449d   Thumb Code    18  stm32f10x_usart.o(.text)
    USART_SetAddress                         0x080044af   Thumb Code    18  stm32f10x_usart.o(.text)
    USART_WakeUpConfig                       0x080044c1   Thumb Code    18  stm32f10x_usart.o(.text)
    USART_ReceiverWakeUpCmd                  0x080044d3   Thumb Code    24  stm32f10x_usart.o(.text)
    USART_LINBreakDetectLengthConfig         0x080044eb   Thumb Code    18  stm32f10x_usart.o(.text)
    USART_LINCmd                             0x080044fd   Thumb Code    24  stm32f10x_usart.o(.text)
    USART_SendData                           0x08004515   Thumb Code     8  stm32f10x_usart.o(.text)
    USART_ReceiveData                        0x0800451d   Thumb Code    10  stm32f10x_usart.o(.text)
    USART_SendBreak                          0x08004527   Thumb Code    10  stm32f10x_usart.o(.text)
    USART_SetGuardTime                       0x08004531   Thumb Code    16  stm32f10x_usart.o(.text)
    USART_SetPrescaler                       0x08004541   Thumb Code    16  stm32f10x_usart.o(.text)
    USART_SmartCardCmd                       0x08004551   Thumb Code    24  stm32f10x_usart.o(.text)
    USART_SmartCardNACKCmd                   0x08004569   Thumb Code    24  stm32f10x_usart.o(.text)
    USART_HalfDuplexCmd                      0x08004581   Thumb Code    24  stm32f10x_usart.o(.text)
    USART_OverSampling8Cmd                   0x08004599   Thumb Code    22  stm32f10x_usart.o(.text)
    USART_OneBitMethodCmd                    0x080045af   Thumb Code    24  stm32f10x_usart.o(.text)
    USART_IrDAConfig                         0x080045c7   Thumb Code    18  stm32f10x_usart.o(.text)
    USART_IrDACmd                            0x080045d9   Thumb Code    24  stm32f10x_usart.o(.text)
    USART_GetFlagStatus                      0x080045f1   Thumb Code    26  stm32f10x_usart.o(.text)
    USART_ClearFlag                          0x0800460b   Thumb Code    18  stm32f10x_usart.o(.text)
    USART_GetITStatus                        0x0800461d   Thumb Code    84  stm32f10x_usart.o(.text)
    USART_ClearITPendingBit                  0x08004671   Thumb Code    52  stm32f10x_usart.o(.text)
    TIM_DeInit                               0x080046a5   Thumb Code   424  stm32f10x_tim.o(.text)
    TIM_TimeBaseInit                         0x0800484d   Thumb Code   122  stm32f10x_tim.o(.text)
    TIM_OC1Init                              0x080048c7   Thumb Code   132  stm32f10x_tim.o(.text)
    TIM_OC2Init                              0x0800494b   Thumb Code   154  stm32f10x_tim.o(.text)
    TIM_OC3Init                              0x080049e5   Thumb Code   150  stm32f10x_tim.o(.text)
    TIM_OC4Init                              0x08004a7b   Thumb Code   182  stm32f10x_tim.o(.text)
    TIM_SetIC4Prescaler                      0x08004b31   Thumb Code    26  stm32f10x_tim.o(.text)
    TIM_SetIC3Prescaler                      0x08004bcd   Thumb Code    18  stm32f10x_tim.o(.text)
    TIM_SetIC2Prescaler                      0x08004c59   Thumb Code    26  stm32f10x_tim.o(.text)
    TIM_SetIC1Prescaler                      0x08004cf5   Thumb Code    18  stm32f10x_tim.o(.text)
    TIM_ICInit                               0x08004d73   Thumb Code   150  stm32f10x_tim.o(.text)
    TIM_PWMIConfig                           0x08004e09   Thumb Code   124  stm32f10x_tim.o(.text)
    TIM_BDTRConfig                           0x08004e85   Thumb Code    32  stm32f10x_tim.o(.text)
    TIM_TimeBaseStructInit                   0x08004ea5   Thumb Code    18  stm32f10x_tim.o(.text)
    TIM_OCStructInit                         0x08004eb7   Thumb Code    20  stm32f10x_tim.o(.text)
    TIM_ICStructInit                         0x08004ecb   Thumb Code    18  stm32f10x_tim.o(.text)
    TIM_BDTRStructInit                       0x08004edd   Thumb Code    40  stm32f10x_tim.o(.text)
    TIM_Cmd                                  0x08004f05   Thumb Code    24  stm32f10x_tim.o(.text)
    TIM_CtrlPWMOutputs                       0x08004f1d   Thumb Code    30  stm32f10x_tim.o(.text)
    TIM_ITConfig                             0x08004f3b   Thumb Code    18  stm32f10x_tim.o(.text)
    TIM_GenerateEvent                        0x08004f4d   Thumb Code     4  stm32f10x_tim.o(.text)
    TIM_DMAConfig                            0x08004f51   Thumb Code    10  stm32f10x_tim.o(.text)
    TIM_DMACmd                               0x08004f5b   Thumb Code    18  stm32f10x_tim.o(.text)
    TIM_InternalClockConfig                  0x08004f6d   Thumb Code    12  stm32f10x_tim.o(.text)
    TIM_SelectInputTrigger                   0x08004f79   Thumb Code    18  stm32f10x_tim.o(.text)
    TIM_ITRxExternalClockConfig              0x08004f8b   Thumb Code    24  stm32f10x_tim.o(.text)
    TIM_TIxExternalClockConfig               0x08004fa3   Thumb Code    62  stm32f10x_tim.o(.text)
    TIM_ETRConfig                            0x08004fe1   Thumb Code    28  stm32f10x_tim.o(.text)
    TIM_ETRClockMode1Config                  0x08004ffd   Thumb Code    54  stm32f10x_tim.o(.text)
    TIM_ETRClockMode2Config                  0x08005033   Thumb Code    32  stm32f10x_tim.o(.text)
    TIM_PrescalerConfig                      0x08005053   Thumb Code     6  stm32f10x_tim.o(.text)
    TIM_CounterModeConfig                    0x08005059   Thumb Code    18  stm32f10x_tim.o(.text)
    TIM_EncoderInterfaceConfig               0x0800506b   Thumb Code    66  stm32f10x_tim.o(.text)
    TIM_ForcedOC1Config                      0x080050ad   Thumb Code    18  stm32f10x_tim.o(.text)
    TIM_ForcedOC2Config                      0x080050bf   Thumb Code    26  stm32f10x_tim.o(.text)
    TIM_ForcedOC3Config                      0x080050d9   Thumb Code    18  stm32f10x_tim.o(.text)
    TIM_ForcedOC4Config                      0x080050eb   Thumb Code    26  stm32f10x_tim.o(.text)
    TIM_ARRPreloadConfig                     0x08005105   Thumb Code    24  stm32f10x_tim.o(.text)
    TIM_SelectCOM                            0x0800511d   Thumb Code    24  stm32f10x_tim.o(.text)
    TIM_SelectCCDMA                          0x08005135   Thumb Code    24  stm32f10x_tim.o(.text)
    TIM_CCPreloadControl                     0x0800514d   Thumb Code    24  stm32f10x_tim.o(.text)
    TIM_OC1PreloadConfig                     0x08005165   Thumb Code    18  stm32f10x_tim.o(.text)
    TIM_OC2PreloadConfig                     0x08005177   Thumb Code    26  stm32f10x_tim.o(.text)
    TIM_OC3PreloadConfig                     0x08005191   Thumb Code    18  stm32f10x_tim.o(.text)
    TIM_OC4PreloadConfig                     0x080051a3   Thumb Code    26  stm32f10x_tim.o(.text)
    TIM_OC1FastConfig                        0x080051bd   Thumb Code    18  stm32f10x_tim.o(.text)
    TIM_OC2FastConfig                        0x080051cf   Thumb Code    26  stm32f10x_tim.o(.text)
    TIM_OC3FastConfig                        0x080051e9   Thumb Code    18  stm32f10x_tim.o(.text)
    TIM_OC4FastConfig                        0x080051fb   Thumb Code    26  stm32f10x_tim.o(.text)
    TIM_ClearOC1Ref                          0x08005215   Thumb Code    18  stm32f10x_tim.o(.text)
    TIM_ClearOC2Ref                          0x08005227   Thumb Code    24  stm32f10x_tim.o(.text)
    TIM_ClearOC3Ref                          0x0800523f   Thumb Code    18  stm32f10x_tim.o(.text)
    TIM_ClearOC4Ref                          0x08005251   Thumb Code    24  stm32f10x_tim.o(.text)
    TIM_OC1PolarityConfig                    0x08005269   Thumb Code    18  stm32f10x_tim.o(.text)
    TIM_OC1NPolarityConfig                   0x0800527b   Thumb Code    18  stm32f10x_tim.o(.text)
    TIM_OC2PolarityConfig                    0x0800528d   Thumb Code    26  stm32f10x_tim.o(.text)
    TIM_OC2NPolarityConfig                   0x080052a7   Thumb Code    26  stm32f10x_tim.o(.text)
    TIM_OC3PolarityConfig                    0x080052c1   Thumb Code    26  stm32f10x_tim.o(.text)
    TIM_OC3NPolarityConfig                   0x080052db   Thumb Code    26  stm32f10x_tim.o(.text)
    TIM_OC4PolarityConfig                    0x080052f5   Thumb Code    26  stm32f10x_tim.o(.text)
    TIM_CCxCmd                               0x0800530f   Thumb Code    30  stm32f10x_tim.o(.text)
    TIM_CCxNCmd                              0x0800532d   Thumb Code    30  stm32f10x_tim.o(.text)
    TIM_SelectOCxM                           0x0800534b   Thumb Code    82  stm32f10x_tim.o(.text)
    TIM_UpdateDisableConfig                  0x0800539d   Thumb Code    24  stm32f10x_tim.o(.text)
    TIM_UpdateRequestConfig                  0x080053b5   Thumb Code    24  stm32f10x_tim.o(.text)
    TIM_SelectHallSensor                     0x080053cd   Thumb Code    24  stm32f10x_tim.o(.text)
    TIM_SelectOnePulseMode                   0x080053e5   Thumb Code    18  stm32f10x_tim.o(.text)
    TIM_SelectOutputTrigger                  0x080053f7   Thumb Code    18  stm32f10x_tim.o(.text)
    TIM_SelectSlaveMode                      0x08005409   Thumb Code    18  stm32f10x_tim.o(.text)
    TIM_SelectMasterSlaveMode                0x0800541b   Thumb Code    18  stm32f10x_tim.o(.text)
    TIM_SetCounter                           0x0800542d   Thumb Code     4  stm32f10x_tim.o(.text)
    TIM_SetAutoreload                        0x08005431   Thumb Code     4  stm32f10x_tim.o(.text)
    TIM_SetCompare1                          0x08005435   Thumb Code     4  stm32f10x_tim.o(.text)
    TIM_SetCompare2                          0x08005439   Thumb Code     4  stm32f10x_tim.o(.text)
    TIM_SetCompare3                          0x0800543d   Thumb Code     4  stm32f10x_tim.o(.text)
    TIM_SetCompare4                          0x08005441   Thumb Code     6  stm32f10x_tim.o(.text)
    TIM_SetClockDivision                     0x08005447   Thumb Code    18  stm32f10x_tim.o(.text)
    TIM_GetCapture1                          0x08005459   Thumb Code     6  stm32f10x_tim.o(.text)
    TIM_GetCapture2                          0x0800545f   Thumb Code     6  stm32f10x_tim.o(.text)
    TIM_GetCapture3                          0x08005465   Thumb Code     6  stm32f10x_tim.o(.text)
    TIM_GetCapture4                          0x0800546b   Thumb Code     8  stm32f10x_tim.o(.text)
    TIM_GetCounter                           0x08005473   Thumb Code     6  stm32f10x_tim.o(.text)
    TIM_GetPrescaler                         0x08005479   Thumb Code     6  stm32f10x_tim.o(.text)
    TIM_GetFlagStatus                        0x0800547f   Thumb Code    18  stm32f10x_tim.o(.text)
    TIM_ClearFlag                            0x08005491   Thumb Code     6  stm32f10x_tim.o(.text)
    TIM_GetITStatus                          0x08005497   Thumb Code    34  stm32f10x_tim.o(.text)
    TIM_ClearITPendingBit                    0x080054b9   Thumb Code     6  stm32f10x_tim.o(.text)
    IWDG_WriteAccessCmd                      0x080054c1   Thumb Code     6  stm32f10x_iwdg.o(.text)
    IWDG_SetPrescaler                        0x080054c7   Thumb Code     6  stm32f10x_iwdg.o(.text)
    IWDG_SetReload                           0x080054cd   Thumb Code     6  stm32f10x_iwdg.o(.text)
    IWDG_ReloadCounter                       0x080054d3   Thumb Code    10  stm32f10x_iwdg.o(.text)
    IWDG_Enable                              0x080054dd   Thumb Code    10  stm32f10x_iwdg.o(.text)
    IWDG_GetFlagStatus                       0x080054e7   Thumb Code    20  stm32f10x_iwdg.o(.text)
    SP_Set_IntegTime                         0x08005501   Thumb Code    74  glt.o(.text)
    SP_Get_IntegTime                         0x0800554b   Thumb Code    24  glt.o(.text)
    SP_Get_SPData                            0x08005563   Thumb Code    24  glt.o(.text)
    SP_Set_Pulse_Time                        0x0800557b   Thumb Code    70  glt.o(.text)
    SP_Get_Pulse_Time                        0x080055c1   Thumb Code    24  glt.o(.text)
    SP_Open_Light                            0x080055d9   Thumb Code    54  glt.o(.text)
    SP_Get_Light_Mode                        0x0800560f   Thumb Code    24  glt.o(.text)
    SP_Reset                                 0x08005627   Thumb Code    24  glt.o(.text)
    SP_Get_WaveLength                        0x0800563f   Thumb Code    24  glt.o(.text)
    SP_Get_Average                           0x08005657   Thumb Code    24  glt.o(.text)
    SP_Set_Average                           0x0800566f   Thumb Code    64  glt.o(.text)
    AT24CXX_Init                             0x080056d1   Thumb Code     8  i2c_ee.o(.text)
    AT24CXX_ReadOneByte                      0x080056d9   Thumb Code    84  i2c_ee.o(.text)
    AT24CXX_WriteOneByte                     0x0800572d   Thumb Code    76  i2c_ee.o(.text)
    AT24CXX_WriteLenByte                     0x08005779   Thumb Code    42  i2c_ee.o(.text)
    AT24CXX_ReadLenByte                      0x080057a3   Thumb Code    44  i2c_ee.o(.text)
    AT24CXX_Check                            0x080057cf   Thumb Code    46  i2c_ee.o(.text)
    AT24CXX_Write                            0x080057fd   Thumb Code   140  i2c_ee.o(.text)
    AT24CXX_Read                             0x08005889   Thumb Code   122  i2c_ee.o(.text)
    IIC_Init                                 0x08005905   Thumb Code    62  new_i2c_ee.o(.text)
    IIC_Start                                0x08005943   Thumb Code    64  new_i2c_ee.o(.text)
    IIC_Stop                                 0x08005983   Thumb Code    66  new_i2c_ee.o(.text)
    IIC_Wait_Ack                             0x080059c5   Thumb Code    86  new_i2c_ee.o(.text)
    IIC_Ack                                  0x08005a1b   Thumb Code    70  new_i2c_ee.o(.text)
    IIC_NAck                                 0x08005a61   Thumb Code    70  new_i2c_ee.o(.text)
    IIC_Send_Byte                            0x08005aa7   Thumb Code    92  new_i2c_ee.o(.text)
    IIC_Read_Byte                            0x08005b03   Thumb Code   100  new_i2c_ee.o(.text)
    IIC_Read_Byte_2                          0x08005b67   Thumb Code    84  new_i2c_ee.o(.text)
    Fitting_WaveLength                       0x08005bcd   Thumb Code   184  fitting_algorithm.o(.text)
    Fitting_Concentration                    0x08005c85   Thumb Code     2  fitting_algorithm.o(.text)
    Fit3                                     0x08005c87   Thumb Code  2558  fitting_algorithm.o(.text)
    Fit2                                     0x08006685   Thumb Code  1122  fitting_algorithm.o(.text)
    __aeabi_memcpy                           0x08006ae7   Thumb Code    36  memcpya.o(.text)
    __aeabi_memcpy4                          0x08006ae7   Thumb Code     0  memcpya.o(.text)
    __aeabi_memcpy8                          0x08006ae7   Thumb Code     0  memcpya.o(.text)
    __aeabi_memset                           0x08006b0b   Thumb Code    14  memseta.o(.text)
    __aeabi_memset4                          0x08006b0b   Thumb Code     0  memseta.o(.text)
    __aeabi_memset8                          0x08006b0b   Thumb Code     0  memseta.o(.text)
    __aeabi_memclr                           0x08006b19   Thumb Code     4  memseta.o(.text)
    __aeabi_memclr4                          0x08006b19   Thumb Code     0  memseta.o(.text)
    __aeabi_memclr8                          0x08006b19   Thumb Code     0  memseta.o(.text)
    _memset$wrapper                          0x08006b1d   Thumb Code    18  memseta.o(.text)
    __aeabi_fadd                             0x08006b2f   Thumb Code   164  fadd.o(.text)
    __aeabi_fsub                             0x08006bd3   Thumb Code     6  fadd.o(.text)
    __aeabi_frsub                            0x08006bd9   Thumb Code     6  fadd.o(.text)
    __aeabi_fmul                             0x08006bdf   Thumb Code   100  fmul.o(.text)
    __aeabi_fdiv                             0x08006c43   Thumb Code   124  fdiv.o(.text)
    __aeabi_dadd                             0x08006cbf   Thumb Code   322  dadd.o(.text)
    __aeabi_dsub                             0x08006e01   Thumb Code     6  dadd.o(.text)
    __aeabi_drsub                            0x08006e07   Thumb Code     6  dadd.o(.text)
    __aeabi_dmul                             0x08006e0d   Thumb Code   228  dmul.o(.text)
    __aeabi_ddiv                             0x08006ef1   Thumb Code   222  ddiv.o(.text)
    __aeabi_i2f                              0x08006fcf   Thumb Code    18  fflti.o(.text)
    __aeabi_ui2f                             0x08006fe1   Thumb Code    10  ffltui.o(.text)
    __aeabi_i2d                              0x08006feb   Thumb Code    34  dflti.o(.text)
    __aeabi_ui2d                             0x0800700d   Thumb Code    26  dfltui.o(.text)
    __aeabi_f2iz                             0x08007027   Thumb Code    50  ffixi.o(.text)
    __aeabi_f2uiz                            0x08007059   Thumb Code    40  ffixui.o(.text)
    __aeabi_d2uiz                            0x08007081   Thumb Code    50  dfixui.o(.text)
    __aeabi_f2d                              0x080070b3   Thumb Code    38  f2d.o(.text)
    __aeabi_cdcmpeq                          0x080070d9   Thumb Code     0  cdcmple.o(.text)
    __aeabi_cdcmple                          0x080070d9   Thumb Code    48  cdcmple.o(.text)
    __aeabi_cdrcmple                         0x08007109   Thumb Code    48  cdrcmple.o(.text)
    __aeabi_d2f                              0x08007139   Thumb Code    56  d2f.o(.text)
    __aeabi_cfrcmple                         0x08007171   Thumb Code    20  cfrcmple.o(.text)
    __aeabi_llsl                             0x08007185   Thumb Code    30  llshl.o(.text)
    _ll_shift_l                              0x08007185   Thumb Code     0  llshl.o(.text)
    __aeabi_llsr                             0x080071a3   Thumb Code    32  llushr.o(.text)
    _ll_ushift_r                             0x080071a3   Thumb Code     0  llushr.o(.text)
    __aeabi_lasr                             0x080071c3   Thumb Code    36  llsshr.o(.text)
    _ll_sshift_r                             0x080071c3   Thumb Code     0  llsshr.o(.text)
    __I$use$fp                               0x080071e7   Thumb Code     0  iusefp.o(.text)
    _float_round                             0x080071e7   Thumb Code    18  fepilogue.o(.text)
    _float_epilogue                          0x080071f9   Thumb Code    92  fepilogue.o(.text)
    _double_round                            0x08007255   Thumb Code    30  depilogue.o(.text)
    _double_epilogue                         0x08007273   Thumb Code   156  depilogue.o(.text)
    __ARM_scalbn                             0x0800730f   Thumb Code    46  dscalb.o(.text)
    scalbn                                   0x0800730f   Thumb Code     0  dscalb.o(.text)
    __scatterload                            0x0800733d   Thumb Code    28  init.o(.text)
    __scatterload_rt2                        0x0800733d   Thumb Code     0  init.o(.text)
    __decompress                             0x08007361   Thumb Code     0  __dczerorl2.o(.text)
    __decompress1                            0x08007361   Thumb Code    86  __dczerorl2.o(.text)
    __kernel_poly                            0x080073b7   Thumb Code   170  poly.o(i.__kernel_poly)
    __mathlib_dbl_divzero                    0x08007461   Thumb Code    12  dunder.o(i.__mathlib_dbl_divzero)
    __mathlib_dbl_infnan                     0x08007471   Thumb Code     6  dunder.o(i.__mathlib_dbl_infnan)
    __mathlib_dbl_invalid                    0x08007477   Thumb Code    12  dunder.o(i.__mathlib_dbl_invalid)
    __scatterload_copy                       0x08007483   Thumb Code    14  handlers.o(i.__scatterload_copy)
    __scatterload_null                       0x08007491   Thumb Code     2  handlers.o(i.__scatterload_null)
    __scatterload_zeroinit                   0x08007493   Thumb Code    14  handlers.o(i.__scatterload_zeroinit)
    __set_errno                              0x080074a1   Thumb Code     6  errno.o(i.__set_errno)
    log                                      0x080074ad   Thumb Code   808  log.o(i.log)
    log10                                    0x08007809   Thumb Code   198  log10.o(i.log10)
    auchCRCHi                                0x080079f3   Data         256  crc.o(.constdata)
    auchCRCLo                                0x08007af3   Data         256  crc.o(.constdata)
    __mathlib_zero                           0x08007c50   Data           8  qnan.o(.constdata)
    Region$$Table$$Base                      0x08007c58   Number         0  anon$$obj.o(Region$$Table)
    Region$$Table$$Limit                     0x08007c78   Number         0  anon$$obj.o(Region$$Table)
    SystemCoreClock                          0x20000000   Data           4  system_stm32f10x.o(.data)
    AHBPrescTable                            0x20000004   Data          16  system_stm32f10x.o(.data)
    isNeedReadRatios                         0x20000018   Data           1  master.o(.data)
    isNeedProcess                            0x20000019   Data           1  master.o(.data)
    timeFlag                                 0x2000001a   Data           1  master.o(.data)
    sendCompleteFlag                         0x2000001b   Data           1  master.o(.data)
    isCalcQueryBtn                           0x2000001c   Data           1  master.o(.data)
    spArr                                    0x2000001d   Data        5000  master.o(.data)
    size                                     0x200013a6   Data           2  master.o(.data)
    RS485_Baudrate                           0x200013a8   Data           4  master.o(.data)
    RS485_Parity                             0x200013ac   Data           1  master.o(.data)
    RS485_Frame_Distance                     0x200013ae   Data           2  master.o(.data)
    RS485_RX_CNT                             0x200013b0   Data           2  master.o(.data)
    RS485_RxFlag                             0x200013b2   Data           1  master.o(.data)
    RS485_TX_CNT                             0x200013b4   Data           2  master.o(.data)
    RS485_TxFlag                             0x200013b6   Data           1  master.o(.data)
    SlaverAddr                               0x200013b7   Data           1  master.o(.data)
    Fuction                                  0x200013b8   Data           1  master.o(.data)
    StartAddr                                0x200013ba   Data           2  master.o(.data)
    ValueOrLenth                             0x200013bc   Data           2  master.o(.data)
    TX_RX_SET                                0x200013be   Data           1  master.o(.data)
    ComErr                                   0x200013bf   Data           1  master.o(.data)
    MeansurePeriodArr                        0x200013c0   Data          22  master.o(.data)
    ClearPeriodArr                           0x200013d8   Data          52  master.o(.data)
    totalTime                                0x20001410   Data           8  master.o(.data)
    curValue                                 0x20001418   Data           8  master.o(.data)
    originValue                              0x20001420   Data           8  master.o(.data)
    nextMeansureTime                         0x20001428   Data           2  master.o(.data)
    setNextMeansureTime                      0x2000142a   Data           2  master.o(.data)
    clearPeriod                              0x2000142c   Data           4  master.o(.data)
    setClearPeriod                           0x20001430   Data           4  master.o(.data)
    spSize                                   0x20001434   Data           2  master.o(.data)
    isSendSpectrum                           0x20001436   Data           1  master.o(.data)
    isGetWaveLength                          0x20001437   Data           1  master.o(.data)
    isWaveFlag                               0x20001438   Data           1  master.o(.data)
    isWaveSendFlag                           0x20001439   Data           1  master.o(.data)
    isGetSPIntegTime                         0x2000143a   Data           1  master.o(.data)
    isGetPulseTime                           0x2000143b   Data           1  master.o(.data)
    isGetLightMode                           0x2000143c   Data           1  master.o(.data)
    isGetAverageTime                         0x2000143d   Data           1  master.o(.data)
    waveSize                                 0x2000143e   Data           2  master.o(.data)
    waveSendLen                              0x20001440   Data           2  master.o(.data)
    spReadyNext                              0x20001442   Data           1  master.o(.data)
    SP_RX_COMPLETE                           0x20001443   Data           1  master.o(.data)
    spMode                                   0x20001444   Data           1  master.o(.data)
    caliBrationFlag                          0x20001445   Data           1  master.o(.data)
    yConcentration                           0x20001448   Data          64  master.o(.data)
    conValueFlag                             0x20001488   Data           8  master.o(.data)
    alarmTempFlag                            0x20001490   Data           1  master.o(.data)
    alarmHumidityFlag                        0x20001491   Data           1  master.o(.data)
    isReSetAlarm                             0x20001492   Data           1  master.o(.data)
    refFlag                                  0x20001493   Data           1  master.o(.data)
    sampleFlag                               0x20001494   Data           1  master.o(.data)
    isDraw                                   0x20001495   Data           1  master.o(.data)
    SP_a                                     0x20001498   Data           8  master.o(.data)
    SP_b                                     0x200014a0   Data           8  master.o(.data)
    SP_c                                     0x200014a8   Data           8  master.o(.data)
    SP_d                                     0x200014b0   Data           8  master.o(.data)
    Sample_Data_Wave                         0x200014b8   Data          40  master.o(.data)
    CurRef_Data_Wave                         0x200014e0   Data          40  master.o(.data)
    Sample_220_Data                          0x20001508   Data           8  master.o(.data)
    Sample_275_Data                          0x20001510   Data           8  master.o(.data)
    Cur_Reference_220_Data                   0x20001518   Data           8  master.o(.data)
    Cur_Reference_275_Data                   0x20001520   Data           8  master.o(.data)
    White_220_Data                           0x20001528   Data           8  master.o(.data)
    White_275_Data                           0x20001530   Data           8  master.o(.data)
    Reference_220_Data                       0x20001538   Data           8  master.o(.data)
    Reference_275_Data                       0x20001540   Data           8  master.o(.data)
    Dark_220_Data                            0x20001548   Data           8  master.o(.data)
    Dark_275_Data                            0x20001550   Data           8  master.o(.data)
    ratio_220                                0x20001558   Data           8  master.o(.data)
    ratio_275                                0x20001560   Data           8  master.o(.data)
    change_brush                             0x2000156c   Data           1  motor.o(.data)
    RS485_RX_BUFF                            0x20001588   Data         512  master.o(.bss)
    RS485_TX_BUFF                            0x20001788   Data         128  master.o(.bss)
    spectrumData                             0x20001808   Data        3000  master.o(.bss)
    waveLengthData                           0x200023c0   Data        4104  master.o(.bss)
    waveLengthBuf                            0x200033c8   Data        4200  master.o(.bss)
    xConcentration                           0x20004430   Data          64  master.o(.bss)
    spRatios                                 0x20004470   Data         240  master.o(.bss)
    CurSample_Data                           0x20004560   Data          80  master.o(.bss)
    CurRef_Data                              0x200045b0   Data          80  master.o(.bss)
    concentration                            0x20004600   Data          40  master.o(.bss)
    calibrationValue                         0x20004628   Data          40  master.o(.bss)
    Ref_Data                                 0x20004650   Data          80  master.o(.bss)
    White_Data                               0x200046a0   Data          80  master.o(.bss)
    Dark_Data                                0x200046f0   Data          80  master.o(.bss)
    __initial_sp                             0x20004b40   Data           0  startup_stm32f10x_md.o(STACK)



==============================================================================

Memory Map of the image

  Image Entry point : 0x080000ed

  Load Region LR_IROM1 (Base: 0x08000000, Size: 0x00009200, Max: 0x00010000, ABSOLUTE, COMPRESSED[0x00007d50])

    Execution Region ER_IROM1 (Base: 0x08000000, Size: 0x00007c78, Max: 0x00010000, ABSOLUTE)

    Base Addr    Size         Type   Attr      Idx    E Section Name        Object

    0x08000000   0x000000ec   Data   RO          421    RESET               startup_stm32f10x_md.o
    0x080000ec   0x00000000   Code   RO          628  * .ARM.Collect$$$$00000000  mc_w.l(entry.o)
    0x080000ec   0x00000004   Code   RO          697    .ARM.Collect$$$$00000001  mc_w.l(entry2.o)
    0x080000f0   0x00000004   Code   RO          700    .ARM.Collect$$$$00000004  mc_w.l(entry5.o)
    0x080000f4   0x00000000   Code   RO          702    .ARM.Collect$$$$00000008  mc_w.l(entry7b.o)
    0x080000f4   0x00000000   Code   RO          704    .ARM.Collect$$$$0000000A  mc_w.l(entry8b.o)
    0x080000f4   0x00000008   Code   RO          705    .ARM.Collect$$$$0000000B  mc_w.l(entry9a.o)
    0x080000fc   0x00000000   Code   RO          707    .ARM.Collect$$$$0000000D  mc_w.l(entry10a.o)
    0x080000fc   0x00000000   Code   RO          709    .ARM.Collect$$$$0000000F  mc_w.l(entry11a.o)
    0x080000fc   0x00000004   Code   RO          698    .ARM.Collect$$$$00002712  mc_w.l(entry2.o)
    0x08000100   0x00000088   Code   RO            1    .text               main.o
    0x08000188   0x0000001a   Code   RO          156    .text               stm32f10x_it.o
    0x080001a2   0x00000002   PAD
    0x080001a4   0x000001e0   Code   RO          197    .text               system_stm32f10x.o
    0x08000384   0x000029e8   Code   RO          239    .text               master.o
    0x08002d6c   0x00000084   Code   RO          272    .text               timer.o
    0x08002df0   0x00000028   Code   RO          287    .text               iwdg.o
    0x08002e18   0x00000038   Code   RO          299    .text               crc.o
    0x08002e50   0x000000d4   Code   RO          317    .text               delay.o
    0x08002f24   0x000000f4   Code   RO          348    .text               usart.o
    0x08003018   0x00000040   Code   RO          360    .text               shutter.o
    0x08003058   0x0000080c   Code   RO          375    .text               sht20.o
    0x08003864   0x00000238   Code   RO          391    .text               motor.o
    0x08003a9c   0x00000024   Code   RO          422    .text               startup_stm32f10x_md.o
    0x08003ac0   0x000000dc   Code   RO          426    .text               misc.o
    0x08003b9c   0x0000035c   Code   RO          438    .text               stm32f10x_gpio.o
    0x08003ef8   0x000003a4   Code   RO          450    .text               stm32f10x_rcc.o
    0x0800429c   0x00000408   Code   RO          464    .text               stm32f10x_usart.o
    0x080046a4   0x00000e1a   Code   RO          476    .text               stm32f10x_tim.o
    0x080054be   0x00000002   PAD
    0x080054c0   0x00000040   Code   RO          488    .text               stm32f10x_iwdg.o
    0x08005500   0x000001d0   Code   RO          524    .text               glt.o
    0x080056d0   0x00000232   Code   RO          540    .text               i2c_ee.o
    0x08005902   0x00000002   PAD
    0x08005904   0x000002c8   Code   RO          559    .text               new_i2c_ee.o
    0x08005bcc   0x00000f1a   Code   RO          605    .text               fitting_algorithm.o
    0x08006ae6   0x00000024   Code   RO          631    .text               mc_w.l(memcpya.o)
    0x08006b0a   0x00000024   Code   RO          633    .text               mc_w.l(memseta.o)
    0x08006b2e   0x000000b0   Code   RO          637    .text               mf_w.l(fadd.o)
    0x08006bde   0x00000064   Code   RO          639    .text               mf_w.l(fmul.o)
    0x08006c42   0x0000007c   Code   RO          641    .text               mf_w.l(fdiv.o)
    0x08006cbe   0x0000014e   Code   RO          643    .text               mf_w.l(dadd.o)
    0x08006e0c   0x000000e4   Code   RO          645    .text               mf_w.l(dmul.o)
    0x08006ef0   0x000000de   Code   RO          647    .text               mf_w.l(ddiv.o)
    0x08006fce   0x00000012   Code   RO          649    .text               mf_w.l(fflti.o)
    0x08006fe0   0x0000000a   Code   RO          651    .text               mf_w.l(ffltui.o)
    0x08006fea   0x00000022   Code   RO          653    .text               mf_w.l(dflti.o)
    0x0800700c   0x0000001a   Code   RO          655    .text               mf_w.l(dfltui.o)
    0x08007026   0x00000032   Code   RO          657    .text               mf_w.l(ffixi.o)
    0x08007058   0x00000028   Code   RO          659    .text               mf_w.l(ffixui.o)
    0x08007080   0x00000032   Code   RO          661    .text               mf_w.l(dfixui.o)
    0x080070b2   0x00000026   Code   RO          663    .text               mf_w.l(f2d.o)
    0x080070d8   0x00000030   Code   RO          665    .text               mf_w.l(cdcmple.o)
    0x08007108   0x00000030   Code   RO          667    .text               mf_w.l(cdrcmple.o)
    0x08007138   0x00000038   Code   RO          669    .text               mf_w.l(d2f.o)
    0x08007170   0x00000014   Code   RO          671    .text               mf_w.l(cfrcmple.o)
    0x08007184   0x0000001e   Code   RO          711    .text               mc_w.l(llshl.o)
    0x080071a2   0x00000020   Code   RO          713    .text               mc_w.l(llushr.o)
    0x080071c2   0x00000024   Code   RO          715    .text               mc_w.l(llsshr.o)
    0x080071e6   0x00000000   Code   RO          724    .text               mc_w.l(iusefp.o)
    0x080071e6   0x0000006e   Code   RO          725    .text               mf_w.l(fepilogue.o)
    0x08007254   0x000000ba   Code   RO          727    .text               mf_w.l(depilogue.o)
    0x0800730e   0x0000002e   Code   RO          729    .text               mf_w.l(dscalb.o)
    0x0800733c   0x00000024   Code   RO          734    .text               mc_w.l(init.o)
    0x08007360   0x00000056   Code   RO          744    .text               mc_w.l(__dczerorl2.o)
    0x080073b6   0x000000aa   Code   RO          731    i.__kernel_poly     m_ws.l(poly.o)
    0x08007460   0x00000010   Code   RO          673    i.__mathlib_dbl_divzero  m_ws.l(dunder.o)
    0x08007470   0x00000006   Code   RO          674    i.__mathlib_dbl_infnan  m_ws.l(dunder.o)
    0x08007476   0x0000000c   Code   RO          676    i.__mathlib_dbl_invalid  m_ws.l(dunder.o)
    0x08007482   0x0000000e   Code   RO          738    i.__scatterload_copy  mc_w.l(handlers.o)
    0x08007490   0x00000002   Code   RO          739    i.__scatterload_null  mc_w.l(handlers.o)
    0x08007492   0x0000000e   Code   RO          740    i.__scatterload_zeroinit  mc_w.l(handlers.o)
    0x080074a0   0x0000000c   Code   RO          719    i.__set_errno       mc_w.l(errno.o)
    0x080074ac   0x0000035c   Code   RO          688    i.log               m_ws.l(log.o)
    0x08007808   0x000000e4   Code   RO          621    i.log10             m_ws.l(log10.o)
    0x080078ec   0x00000107   Data   RO          241    .constdata          master.o
    0x080079f3   0x00000200   Data   RO          300    .constdata          crc.o
    0x08007bf3   0x00000001   PAD
    0x08007bf4   0x0000001d   Data   RO          525    .constdata          glt.o
    0x08007c11   0x00000007   PAD
    0x08007c18   0x00000038   Data   RO          689    .constdata          m_ws.l(log.o)
    0x08007c50   0x00000008   Data   RO          733    .constdata          m_ws.l(qnan.o)
    0x08007c58   0x00000020   Data   RO          736    Region$$Table       anon$$obj.o


    Execution Region RW_IRAM1 (Base: 0x20000000, Size: 0x00004b40, Max: 0x00005000, ABSOLUTE, COMPRESSED[0x000000d8])

    Base Addr    Size         Type   Attr      Idx    E Section Name        Object

    0x20000000   0x00000014   Data   RW          198    .data               system_stm32f10x.o
    0x20000014   0x00000004   PAD
    0x20000018   0x00001550   Data   RW          242    .data               master.o
    0x20001568   0x00000004   Data   RW          318    .data               delay.o
    0x2000156c   0x00000001   Data   RW          392    .data               motor.o
    0x2000156d   0x00000014   Data   RW          451    .data               stm32f10x_rcc.o
    0x20001581   0x00000003   PAD
    0x20001584   0x00000004   Data   RW          720    .data               mc_w.l(errno.o)
    0x20001588   0x000031b8   Zero   RW          240    .bss                master.o
    0x20004740   0x00000400   Zero   RW          419    STACK               startup_stm32f10x_md.o


==============================================================================

Image component sizes


      Code (inc. data)   RO Data    RW Data    ZI Data      Debug   Object Name

        56          8        512          0          0       1008   crc.o
       212         18          0          4          0        955   delay.o
      3866          0          0          0          0       2653   fitting_algorithm.o
       464         34         29          0          0       2527   glt.o
       562          0          0          0          0       3058   i2c_ee.o
        40          0          0          0          0        576   iwdg.o
       136          8          0          0          0     251659   main.o
     10728        846        263       5456      12728      24946   master.o
       220         22          0          0          0       1733   misc.o
       568         28          0          1          0       1414   motor.o
       712         18          0          0          0       2036   new_i2c_ee.o
      2060         56          0          0          0       5214   sht20.o
        64         10          0          0          0        611   shutter.o
        36          8        236          0       1024        760   startup_stm32f10x_md.o
       860         38          0          0          0       5577   stm32f10x_gpio.o
        26          0          0          0          0     202786   stm32f10x_it.o
        64          6          0          0          0       1233   stm32f10x_iwdg.o
       932         36          0         20          0       8716   stm32f10x_rcc.o
      3610         88          0          0          0      22064   stm32f10x_tim.o
      1032         22          0          0          0       8304   stm32f10x_usart.o
         0          0          0          0          0         32   sys.o
       480         38          0         20          0       1635   system_stm32f10x.o
       132          0          0          0          0        843   timer.o
       244         10          0          0          0       1110   usart.o

    ----------------------------------------------------------------------
     27110       1294       1080       5508      13752     551450   Object Totals
         0          0         32          0          0          0   (incl. Generated)
         6          0          8          7          0          0   (incl. Padding)

    ----------------------------------------------------------------------

      Code (inc. data)   RO Data    RW Data    ZI Data      Debug   Library Member Name

        34          4          0          0          0        204   dunder.o
       860         52         56          0          0        256   log.o
       228         30          0          0          0        120   log10.o
       170          0          0          0          0         96   poly.o
         0          0          8          0          0          0   qnan.o
        86          0          0          0          0          0   __dczerorl2.o
         0          0          0          0          0          0   entry.o
         0          0          0          0          0          0   entry10a.o
         0          0          0          0          0          0   entry11a.o
         8          4          0          0          0          0   entry2.o
         4          0          0          0          0          0   entry5.o
         0          0          0          0          0          0   entry7b.o
         0          0          0          0          0          0   entry8b.o
         8          4          0          0          0          0   entry9a.o
        12          6          0          4          0         68   errno.o
        30          0          0          0          0          0   handlers.o
        36          8          0          0          0         68   init.o
         0          0          0          0          0          0   iusefp.o
        30          0          0          0          0         68   llshl.o
        36          0          0          0          0         68   llsshr.o
        32          0          0          0          0         68   llushr.o
        36          0          0          0          0         68   memcpya.o
        36          0          0          0          0        108   memseta.o
        48          0          0          0          0         68   cdcmple.o
        48          0          0          0          0         68   cdrcmple.o
        20          0          0          0          0         68   cfrcmple.o
        56          0          0          0          0         88   d2f.o
       334          0          0          0          0        148   dadd.o
       222          0          0          0          0        100   ddiv.o
       186          0          0          0          0        176   depilogue.o
        50          0          0          0          0         76   dfixui.o
        34          0          0          0          0         76   dflti.o
        26          0          0          0          0         76   dfltui.o
       228          0          0          0          0         96   dmul.o
        46          0          0          0          0         80   dscalb.o
        38          0          0          0          0         68   f2d.o
       176          0          0          0          0        140   fadd.o
       124          0          0          0          0         88   fdiv.o
       110          0          0          0          0        168   fepilogue.o
        50          0          0          0          0         68   ffixi.o
        40          0          0          0          0         68   ffixui.o
        18          0          0          0          0         68   fflti.o
        10          0          0          0          0         68   ffltui.o
       100          0          0          0          0         76   fmul.o

    ----------------------------------------------------------------------
      3610        108         64          4          0       3124   Library Totals
         0          0          0          0          0          0   (incl. Padding)

    ----------------------------------------------------------------------

      Code (inc. data)   RO Data    RW Data    ZI Data      Debug   Library Name

      1292         86         64          0          0        676   m_ws.l
       354         22          0          4          0        516   mc_w.l
      1964          0          0          0          0       1932   mf_w.l

    ----------------------------------------------------------------------
      3610        108         64          4          0       3124   Library Totals

    ----------------------------------------------------------------------

==============================================================================


      Code (inc. data)   RO Data    RW Data    ZI Data      Debug   

     30720       1402       1144       5512      13752     551426   Grand Totals
     30720       1402       1144        216      13752     551426   ELF Image Totals (compressed)
     30720       1402       1144        216          0          0   ROM Totals

==============================================================================

    Total RO  Size (Code + RO Data)                31864 (  31.12kB)
    Total RW  Size (RW Data + ZI Data)             19264 (  18.81kB)
    Total ROM Size (Code + RO Data + RW Data)      32080 (  31.33kB)

==============================================================================

